<!doctype html public "-//w3c//dtd html 4.0 transitional//en">
<html><head>
<title>Static Call Graph - [.\Objects\Project.axf]</title></head>
<body><HR>
<H1>Static Call Graph for image .\Objects\Project.axf</H1><HR>
<BR><P>#&#060CALLGRAPH&#062# ARM Linker, 5060960: Last Updated: Sat May 02 17:51:32 2026
<BR><P>
<H3>Maximum Stack Usage =        400 bytes + Unknown(Functions without stacksize, Cycles, Untraceable Function Pointers)</H3><H3>
Call chain for Maximum Stack Depth:</H3>
UiThread &rArr; halOledShowMenu &rArr; halOledDrawMenuRow &rArr; u8g2_DrawStr &rArr; u8g2_draw_string &rArr; u8g2_DrawGlyph &rArr; u8g2_font_draw_glyph &rArr; u8g2_font_decode_glyph &rArr; u8g2_font_decode_len &rArr; u8g2_DrawHVLine &rArr; u8g2_clip_intersection2
<P>
<H3>
Functions with no stack information
</H3><UL>
 <LI><a href="#[174]">__user_initial_stackheap</a>
 <LI><a href="#[3e]">__port_exit_from_isr</a>
</UL>
</UL>
<P>
<H3>
Mutually Recursive functions
</H3> <LI><a href="#[c]">PendSV_Handler</a>&nbsp;&nbsp;&nbsp;&rArr;&nbsp;&nbsp;&nbsp;<a href="#[c]">PendSV_Handler</a><BR>
 <LI><a href="#[20]">ADC1_2_IRQHandler</a>&nbsp;&nbsp;&nbsp;&rArr;&nbsp;&nbsp;&nbsp;<a href="#[20]">ADC1_2_IRQHandler</a><BR>
</UL>
<P>
<H3>
Function Pointers
</H3><UL>
 <LI><a href="#[20]">ADC1_2_IRQHandler</a> from startup_stm32f10x_md.o(.text) referenced from startup_stm32f10x_md.o(RESET)
 <LI><a href="#[8]">BusFault_Handler</a> from stm32f10x_it.o(i.BusFault_Handler) referenced from startup_stm32f10x_md.o(RESET)
 <LI><a href="#[23]">CAN1_RX1_IRQHandler</a> from startup_stm32f10x_md.o(.text) referenced from startup_stm32f10x_md.o(RESET)
 <LI><a href="#[24]">CAN1_SCE_IRQHandler</a> from startup_stm32f10x_md.o(.text) referenced from startup_stm32f10x_md.o(RESET)
 <LI><a href="#[3f]">ControlThread</a> from app_task_control.o(i.ControlThread) referenced from app_task_control.o(i.appTaskControlStart)
 <LI><a href="#[19]">DMA1_Channel1_IRQHandler</a> from startup_stm32f10x_md.o(.text) referenced from startup_stm32f10x_md.o(RESET)
 <LI><a href="#[1a]">DMA1_Channel2_IRQHandler</a> from startup_stm32f10x_md.o(.text) referenced from startup_stm32f10x_md.o(RESET)
 <LI><a href="#[1b]">DMA1_Channel3_IRQHandler</a> from startup_stm32f10x_md.o(.text) referenced from startup_stm32f10x_md.o(RESET)
 <LI><a href="#[1c]">DMA1_Channel4_IRQHandler</a> from startup_stm32f10x_md.o(.text) referenced from startup_stm32f10x_md.o(RESET)
 <LI><a href="#[1d]">DMA1_Channel5_IRQHandler</a> from startup_stm32f10x_md.o(.text) referenced from startup_stm32f10x_md.o(RESET)
 <LI><a href="#[1e]">DMA1_Channel6_IRQHandler</a> from startup_stm32f10x_md.o(.text) referenced from startup_stm32f10x_md.o(RESET)
 <LI><a href="#[1f]">DMA1_Channel7_IRQHandler</a> from startup_stm32f10x_md.o(.text) referenced from startup_stm32f10x_md.o(RESET)
 <LI><a href="#[b]">DebugMon_Handler</a> from stm32f10x_it.o(i.DebugMon_Handler) referenced from startup_stm32f10x_md.o(RESET)
 <LI><a href="#[14]">EXTI0_IRQHandler</a> from startup_stm32f10x_md.o(.text) referenced from startup_stm32f10x_md.o(RESET)
 <LI><a href="#[36]">EXTI15_10_IRQHandler</a> from startup_stm32f10x_md.o(.text) referenced from startup_stm32f10x_md.o(RESET)
 <LI><a href="#[15]">EXTI1_IRQHandler</a> from startup_stm32f10x_md.o(.text) referenced from startup_stm32f10x_md.o(RESET)
 <LI><a href="#[16]">EXTI2_IRQHandler</a> from startup_stm32f10x_md.o(.text) referenced from startup_stm32f10x_md.o(RESET)
 <LI><a href="#[17]">EXTI3_IRQHandler</a> from startup_stm32f10x_md.o(.text) referenced from startup_stm32f10x_md.o(RESET)
 <LI><a href="#[18]">EXTI4_IRQHandler</a> from startup_stm32f10x_md.o(.text) referenced from startup_stm32f10x_md.o(RESET)
 <LI><a href="#[25]">EXTI9_5_IRQHandler</a> from startup_stm32f10x_md.o(.text) referenced from startup_stm32f10x_md.o(RESET)
 <LI><a href="#[12]">FLASH_IRQHandler</a> from startup_stm32f10x_md.o(.text) referenced from startup_stm32f10x_md.o(RESET)
 <LI><a href="#[6]">HardFault_Handler</a> from stm32f10x_it.o(i.HardFault_Handler) referenced from startup_stm32f10x_md.o(RESET)
 <LI><a href="#[2e]">I2C1_ER_IRQHandler</a> from startup_stm32f10x_md.o(.text) referenced from startup_stm32f10x_md.o(RESET)
 <LI><a href="#[2d]">I2C1_EV_IRQHandler</a> from startup_stm32f10x_md.o(.text) referenced from startup_stm32f10x_md.o(RESET)
 <LI><a href="#[30]">I2C2_ER_IRQHandler</a> from startup_stm32f10x_md.o(.text) referenced from startup_stm32f10x_md.o(RESET)
 <LI><a href="#[2f]">I2C2_EV_IRQHandler</a> from startup_stm32f10x_md.o(.text) referenced from startup_stm32f10x_md.o(RESET)
 <LI><a href="#[7]">MemManage_Handler</a> from stm32f10x_it.o(i.MemManage_Handler) referenced from startup_stm32f10x_md.o(RESET)
 <LI><a href="#[5]">NMI_Handler</a> from stm32f10x_it.o(i.NMI_Handler) referenced from startup_stm32f10x_md.o(RESET)
 <LI><a href="#[f]">PVD_IRQHandler</a> from startup_stm32f10x_md.o(.text) referenced from startup_stm32f10x_md.o(RESET)
 <LI><a href="#[c]">PendSV_Handler</a> from startup_stm32f10x_md.o(.text) referenced from startup_stm32f10x_md.o(RESET)
 <LI><a href="#[13]">RCC_IRQHandler</a> from startup_stm32f10x_md.o(.text) referenced from startup_stm32f10x_md.o(RESET)
 <LI><a href="#[37]">RTCAlarm_IRQHandler</a> from startup_stm32f10x_md.o(.text) referenced from startup_stm32f10x_md.o(RESET)
 <LI><a href="#[11]">RTC_IRQHandler</a> from startup_stm32f10x_md.o(.text) referenced from startup_stm32f10x_md.o(RESET)
 <LI><a href="#[4]">Reset_Handler</a> from startup_stm32f10x_md.o(.text) referenced from startup_stm32f10x_md.o(RESET)
 <LI><a href="#[31]">SPI1_IRQHandler</a> from startup_stm32f10x_md.o(.text) referenced from startup_stm32f10x_md.o(RESET)
 <LI><a href="#[32]">SPI2_IRQHandler</a> from startup_stm32f10x_md.o(.text) referenced from startup_stm32f10x_md.o(RESET)
 <LI><a href="#[a]">SVC_Handler</a> from chcore.o(i.SVC_Handler) referenced from startup_stm32f10x_md.o(RESET)
 <LI><a href="#[d]">SysTick_Handler</a> from chibios_port.o(i.SysTick_Handler) referenced from startup_stm32f10x_md.o(RESET)
 <LI><a href="#[39]">SystemInit</a> from system_stm32f10x.o(i.SystemInit) referenced from startup_stm32f10x_md.o(.text)
 <LI><a href="#[10]">TAMPER_IRQHandler</a> from startup_stm32f10x_md.o(.text) referenced from startup_stm32f10x_md.o(RESET)
 <LI><a href="#[26]">TIM1_BRK_IRQHandler</a> from startup_stm32f10x_md.o(.text) referenced from startup_stm32f10x_md.o(RESET)
 <LI><a href="#[29]">TIM1_CC_IRQHandler</a> from startup_stm32f10x_md.o(.text) referenced from startup_stm32f10x_md.o(RESET)
 <LI><a href="#[28]">TIM1_TRG_COM_IRQHandler</a> from startup_stm32f10x_md.o(.text) referenced from startup_stm32f10x_md.o(RESET)
 <LI><a href="#[27]">TIM1_UP_IRQHandler</a> from startup_stm32f10x_md.o(.text) referenced from startup_stm32f10x_md.o(RESET)
 <LI><a href="#[2a]">TIM2_IRQHandler</a> from startup_stm32f10x_md.o(.text) referenced from startup_stm32f10x_md.o(RESET)
 <LI><a href="#[2b]">TIM3_IRQHandler</a> from startup_stm32f10x_md.o(.text) referenced from startup_stm32f10x_md.o(RESET)
 <LI><a href="#[2c]">TIM4_IRQHandler</a> from startup_stm32f10x_md.o(.text) referenced from startup_stm32f10x_md.o(RESET)
 <LI><a href="#[33]">USART1_IRQHandler</a> from startup_stm32f10x_md.o(.text) referenced from startup_stm32f10x_md.o(RESET)
 <LI><a href="#[34]">USART2_IRQHandler</a> from startup_stm32f10x_md.o(.text) referenced from startup_stm32f10x_md.o(RESET)
 <LI><a href="#[35]">USART3_IRQHandler</a> from startup_stm32f10x_md.o(.text) referenced from startup_stm32f10x_md.o(RESET)
 <LI><a href="#[38]">USBWakeUp_IRQHandler</a> from startup_stm32f10x_md.o(.text) referenced from startup_stm32f10x_md.o(RESET)
 <LI><a href="#[21]">USB_HP_CAN1_TX_IRQHandler</a> from startup_stm32f10x_md.o(.text) referenced from startup_stm32f10x_md.o(RESET)
 <LI><a href="#[22]">USB_LP_CAN1_RX0_IRQHandler</a> from startup_stm32f10x_md.o(.text) referenced from startup_stm32f10x_md.o(RESET)
 <LI><a href="#[40]">UiThread</a> from app_task_ui.o(i.UiThread) referenced from app_task_ui.o(i.appTaskUiStart)
 <LI><a href="#[9]">UsageFault_Handler</a> from stm32f10x_it.o(i.UsageFault_Handler) referenced from startup_stm32f10x_md.o(RESET)
 <LI><a href="#[e]">WWDG_IRQHandler</a> from startup_stm32f10x_md.o(.text) referenced from startup_stm32f10x_md.o(RESET)
 <LI><a href="#[4b]">__idle_thread</a> from chinstances.o(i.__idle_thread) referenced from chinstances.o(.constdata)
 <LI><a href="#[5a]">__main</a> from __main.o(!!!main) referenced from startup_stm32f10x_md.o(.text)
 <LI><a href="#[3e]">__port_exit_from_isr</a> from chcoreasm.o(.text) referenced from chcore.o(i.__port_irq_epilogue)
 <LI><a href="#[3d]">__port_switch_from_isr</a> from chcoreasm.o(.text) referenced from chcore.o(i.__port_irq_epilogue)
 <LI><a href="#[42]">__port_thread_start</a> from chcoreasm.o(.text) referenced from chthreads.o(i.chThdCreateStatic)
 <LI><a href="#[42]">__port_thread_start</a> from chcoreasm.o(.text) referenced from chthreads.o(i.chThdSpawnSuspendedI)
 <LI><a href="#[41]">__sch_wakeup</a> from chschd.o(i.__sch_wakeup) referenced from chschd.o(i.chSchGoSleepTimeoutS)
 <LI><a href="#[3b]">chCoreAllocAlignedI</a> from chfactory.o(i.chCoreAllocAlignedI) referenced from chfactory.o(i.__factory_init)
 <LI><a href="#[3c]">chCoreAllocFromTop</a> from chmemcore.o(i.chCoreAllocFromTop) referenced from chmemheaps.o(i.__heap_init)
 <LI><a href="#[48]">drvOledU8g2Display</a> from drv_oled_u8g2_display.o(i.drvOledU8g2Display) referenced from drv_oled_u8g2_setup.o(i.u8g2_Setup_ssd1306_i2c_64x32_1f_1)
 <LI><a href="#[43]">drvOledU8g2GpioAndDelay</a> from drv_oled_u8g2_port.o(i.drvOledU8g2GpioAndDelay) referenced from hal_oled_if.o(i.halOledInit)
 <LI><a href="#[58]">u8g2_draw_l90_mirrorr_r0</a> from u8g2_setup.o(i.u8g2_draw_l90_mirrorr_r0) referenced from u8g2_setup.o(.constdata)
 <LI><a href="#[4e]">u8g2_draw_l90_r0</a> from u8g2_setup.o(i.u8g2_draw_l90_r0) referenced from u8g2_setup.o(.constdata)
 <LI><a href="#[51]">u8g2_draw_l90_r1</a> from u8g2_setup.o(i.u8g2_draw_l90_r1) referenced from u8g2_setup.o(.constdata)
 <LI><a href="#[54]">u8g2_draw_l90_r2</a> from u8g2_setup.o(i.u8g2_draw_l90_r2) referenced from u8g2_setup.o(.constdata)
 <LI><a href="#[57]">u8g2_draw_l90_r3</a> from u8g2_setup.o(i.u8g2_draw_l90_r3) referenced from u8g2_setup.o(.constdata)
 <LI><a href="#[59]">u8g2_draw_mirror_vertical_r0</a> from u8g2_setup.o(i.u8g2_draw_mirror_vertical_r0) referenced from u8g2_setup.o(.constdata)
 <LI><a href="#[46]">u8g2_font_calc_vref_font</a> from u8g2_font.o(i.u8g2_font_calc_vref_font) referenced from u8g2_font.o(i.u8g2_SetFontPosBaseline)
 <LI><a href="#[49]">u8g2_ll_hvline_vertical_top_lsb</a> from u8g2_ll_hvline.o(i.u8g2_ll_hvline_vertical_top_lsb) referenced from drv_oled_u8g2_setup.o(i.u8g2_Setup_ssd1306_i2c_64x32_1f_1)
 <LI><a href="#[4c]">u8g2_update_dimension_r0</a> from u8g2_setup.o(i.u8g2_update_dimension_r0) referenced 3 times from u8g2_setup.o(.constdata)
 <LI><a href="#[4f]">u8g2_update_dimension_r1</a> from u8g2_setup.o(i.u8g2_update_dimension_r1) referenced from u8g2_setup.o(.constdata)
 <LI><a href="#[52]">u8g2_update_dimension_r2</a> from u8g2_setup.o(i.u8g2_update_dimension_r2) referenced from u8g2_setup.o(.constdata)
 <LI><a href="#[55]">u8g2_update_dimension_r3</a> from u8g2_setup.o(i.u8g2_update_dimension_r3) referenced from u8g2_setup.o(.constdata)
 <LI><a href="#[4d]">u8g2_update_page_win_r0</a> from u8g2_setup.o(i.u8g2_update_page_win_r0) referenced 3 times from u8g2_setup.o(.constdata)
 <LI><a href="#[50]">u8g2_update_page_win_r1</a> from u8g2_setup.o(i.u8g2_update_page_win_r1) referenced from u8g2_setup.o(.constdata)
 <LI><a href="#[53]">u8g2_update_page_win_r2</a> from u8g2_setup.o(i.u8g2_update_page_win_r2) referenced from u8g2_setup.o(.constdata)
 <LI><a href="#[56]">u8g2_update_page_win_r3</a> from u8g2_setup.o(i.u8g2_update_page_win_r3) referenced from u8g2_setup.o(.constdata)
 <LI><a href="#[45]">u8x8_ascii_next</a> from u8x8_8x8.o(i.u8x8_ascii_next) referenced from u8g2_font.o(i.u8g2_DrawStr)
 <LI><a href="#[44]">u8x8_byte_sw_i2c</a> from u8x8_byte.o(i.u8x8_byte_sw_i2c) referenced from hal_oled_if.o(i.halOledInit)
 <LI><a href="#[47]">u8x8_cad_ssd13xx_fast_i2c</a> from u8x8_cad.o(i.u8x8_cad_ssd13xx_fast_i2c) referenced from drv_oled_u8g2_setup.o(i.u8g2_Setup_ssd1306_i2c_64x32_1f_1)
 <LI><a href="#[4a]">u8x8_dummy_cb</a> from u8x8_setup.o(i.u8x8_dummy_cb) referenced from u8x8_setup.o(i.u8x8_SetupDefaults)
</UL>
<P>
<H3>
Global Symbols
</H3>
<P><STRONG><a name="[5a]"></a>__main</STRONG> (Thumb, 8 bytes, Stack size 0 bytes, __main.o(!!!main))
<BR><BR>[Calls]<UL><LI><a href="#[5c]">&gt;&gt;</a>&nbsp;&nbsp;&nbsp;__rt_entry
<LI><a href="#[5b]">&gt;&gt;</a>&nbsp;&nbsp;&nbsp;__scatterload
</UL>

<P><STRONG><a name="[5b]"></a>__scatterload</STRONG> (Thumb, 0 bytes, Stack size unknown bytes, __scatter.o(!!!scatter))
<BR><BR>[Called By]<UL><LI><a href="#[5a]">&gt;&gt;</a>&nbsp;&nbsp;&nbsp;__main
</UL>

<P><STRONG><a name="[5d]"></a>__scatterload_rt2</STRONG> (Thumb, 44 bytes, Stack size unknown bytes, __scatter.o(!!!scatter), UNUSED)
<BR><BR>[Calls]<UL><LI><a href="#[5c]">&gt;&gt;</a>&nbsp;&nbsp;&nbsp;__rt_entry
</UL>

<P><STRONG><a name="[14b]"></a>__scatterload_rt2_thumb_only</STRONG> (Thumb, 0 bytes, Stack size unknown bytes, __scatter.o(!!!scatter), UNUSED)

<P><STRONG><a name="[14c]"></a>__scatterload_null</STRONG> (Thumb, 0 bytes, Stack size unknown bytes, __scatter.o(!!!scatter), UNUSED)

<P><STRONG><a name="[5e]"></a>__scatterload_copy</STRONG> (Thumb, 26 bytes, Stack size unknown bytes, __scatter_copy.o(!!handler_copy), UNUSED)
<BR><BR>[Calls]<UL><LI><a href="#[5e]">&gt;&gt;</a>&nbsp;&nbsp;&nbsp;__scatterload_copy
</UL>
<BR>[Called By]<UL><LI><a href="#[5e]">&gt;&gt;</a>&nbsp;&nbsp;&nbsp;__scatterload_copy
</UL>

<P><STRONG><a name="[14d]"></a>__scatterload_zeroinit</STRONG> (Thumb, 28 bytes, Stack size unknown bytes, __scatter_zi.o(!!handler_zi), UNUSED)

<P><STRONG><a name="[60]"></a>__rt_lib_init</STRONG> (Thumb, 0 bytes, Stack size unknown bytes, libinit.o(.ARM.Collect$$libinit$$00000000))
<BR><BR>[Called By]<UL><LI><a href="#[5f]">&gt;&gt;</a>&nbsp;&nbsp;&nbsp;__rt_entry_li
</UL>

<P><STRONG><a name="[14e]"></a>__rt_lib_init_alloca_1</STRONG> (Thumb, 0 bytes, Stack size unknown bytes, libinit2.o(.ARM.Collect$$libinit$$0000002E))

<P><STRONG><a name="[14f]"></a>__rt_lib_init_argv_1</STRONG> (Thumb, 0 bytes, Stack size unknown bytes, libinit2.o(.ARM.Collect$$libinit$$0000002C))

<P><STRONG><a name="[150]"></a>__rt_lib_init_atexit_1</STRONG> (Thumb, 0 bytes, Stack size unknown bytes, libinit2.o(.ARM.Collect$$libinit$$0000001B))

<P><STRONG><a name="[151]"></a>__rt_lib_init_clock_1</STRONG> (Thumb, 0 bytes, Stack size unknown bytes, libinit2.o(.ARM.Collect$$libinit$$00000021))

<P><STRONG><a name="[152]"></a>__rt_lib_init_cpp_1</STRONG> (Thumb, 0 bytes, Stack size unknown bytes, libinit2.o(.ARM.Collect$$libinit$$00000032))

<P><STRONG><a name="[153]"></a>__rt_lib_init_exceptions_1</STRONG> (Thumb, 0 bytes, Stack size unknown bytes, libinit2.o(.ARM.Collect$$libinit$$00000030))

<P><STRONG><a name="[154]"></a>__rt_lib_init_fp_1</STRONG> (Thumb, 0 bytes, Stack size unknown bytes, libinit2.o(.ARM.Collect$$libinit$$00000002))

<P><STRONG><a name="[155]"></a>__rt_lib_init_fp_trap_1</STRONG> (Thumb, 0 bytes, Stack size unknown bytes, libinit2.o(.ARM.Collect$$libinit$$0000001F))

<P><STRONG><a name="[156]"></a>__rt_lib_init_getenv_1</STRONG> (Thumb, 0 bytes, Stack size unknown bytes, libinit2.o(.ARM.Collect$$libinit$$00000023))

<P><STRONG><a name="[157]"></a>__rt_lib_init_heap_1</STRONG> (Thumb, 0 bytes, Stack size unknown bytes, libinit2.o(.ARM.Collect$$libinit$$0000000A))

<P><STRONG><a name="[158]"></a>__rt_lib_init_lc_collate_1</STRONG> (Thumb, 0 bytes, Stack size unknown bytes, libinit2.o(.ARM.Collect$$libinit$$00000011))

<P><STRONG><a name="[159]"></a>__rt_lib_init_lc_ctype_1</STRONG> (Thumb, 0 bytes, Stack size unknown bytes, libinit2.o(.ARM.Collect$$libinit$$00000013))

<P><STRONG><a name="[15a]"></a>__rt_lib_init_lc_monetary_1</STRONG> (Thumb, 0 bytes, Stack size unknown bytes, libinit2.o(.ARM.Collect$$libinit$$00000015))

<P><STRONG><a name="[15b]"></a>__rt_lib_init_lc_numeric_1</STRONG> (Thumb, 0 bytes, Stack size unknown bytes, libinit2.o(.ARM.Collect$$libinit$$00000017))

<P><STRONG><a name="[15c]"></a>__rt_lib_init_lc_time_1</STRONG> (Thumb, 0 bytes, Stack size unknown bytes, libinit2.o(.ARM.Collect$$libinit$$00000019))

<P><STRONG><a name="[15d]"></a>__rt_lib_init_preinit_1</STRONG> (Thumb, 0 bytes, Stack size unknown bytes, libinit2.o(.ARM.Collect$$libinit$$00000004))

<P><STRONG><a name="[15e]"></a>__rt_lib_init_rand_1</STRONG> (Thumb, 0 bytes, Stack size unknown bytes, libinit2.o(.ARM.Collect$$libinit$$0000000E))

<P><STRONG><a name="[15f]"></a>__rt_lib_init_return</STRONG> (Thumb, 0 bytes, Stack size unknown bytes, libinit2.o(.ARM.Collect$$libinit$$00000033))

<P><STRONG><a name="[160]"></a>__rt_lib_init_signal_1</STRONG> (Thumb, 0 bytes, Stack size unknown bytes, libinit2.o(.ARM.Collect$$libinit$$0000001D))

<P><STRONG><a name="[161]"></a>__rt_lib_init_stdio_1</STRONG> (Thumb, 0 bytes, Stack size unknown bytes, libinit2.o(.ARM.Collect$$libinit$$00000025))

<P><STRONG><a name="[162]"></a>__rt_lib_init_user_alloc_1</STRONG> (Thumb, 0 bytes, Stack size unknown bytes, libinit2.o(.ARM.Collect$$libinit$$0000000C))

<P><STRONG><a name="[65]"></a>__rt_lib_shutdown</STRONG> (Thumb, 0 bytes, Stack size unknown bytes, libshutdown.o(.ARM.Collect$$libshutdown$$00000000))
<BR><BR>[Called By]<UL><LI><a href="#[64]">&gt;&gt;</a>&nbsp;&nbsp;&nbsp;__rt_exit_ls
</UL>

<P><STRONG><a name="[163]"></a>__rt_lib_shutdown_cpp_1</STRONG> (Thumb, 0 bytes, Stack size unknown bytes, libshutdown2.o(.ARM.Collect$$libshutdown$$00000004))

<P><STRONG><a name="[164]"></a>__rt_lib_shutdown_fini_1</STRONG> (Thumb, 0 bytes, Stack size unknown bytes, libshutdown2.o(.ARM.Collect$$libshutdown$$00000002))

<P><STRONG><a name="[165]"></a>__rt_lib_shutdown_fp_trap_1</STRONG> (Thumb, 0 bytes, Stack size unknown bytes, libshutdown2.o(.ARM.Collect$$libshutdown$$00000009))

<P><STRONG><a name="[166]"></a>__rt_lib_shutdown_heap_1</STRONG> (Thumb, 0 bytes, Stack size unknown bytes, libshutdown2.o(.ARM.Collect$$libshutdown$$00000011))

<P><STRONG><a name="[167]"></a>__rt_lib_shutdown_return</STRONG> (Thumb, 0 bytes, Stack size unknown bytes, libshutdown2.o(.ARM.Collect$$libshutdown$$00000012))

<P><STRONG><a name="[168]"></a>__rt_lib_shutdown_signal_1</STRONG> (Thumb, 0 bytes, Stack size unknown bytes, libshutdown2.o(.ARM.Collect$$libshutdown$$0000000C))

<P><STRONG><a name="[169]"></a>__rt_lib_shutdown_stdio_1</STRONG> (Thumb, 0 bytes, Stack size unknown bytes, libshutdown2.o(.ARM.Collect$$libshutdown$$00000006))

<P><STRONG><a name="[16a]"></a>__rt_lib_shutdown_user_alloc_1</STRONG> (Thumb, 0 bytes, Stack size unknown bytes, libshutdown2.o(.ARM.Collect$$libshutdown$$0000000E))

<P><STRONG><a name="[5c]"></a>__rt_entry</STRONG> (Thumb, 0 bytes, Stack size unknown bytes, __rtentry.o(.ARM.Collect$$rtentry$$00000000))
<BR><BR>[Called By]<UL><LI><a href="#[5a]">&gt;&gt;</a>&nbsp;&nbsp;&nbsp;__main
<LI><a href="#[5d]">&gt;&gt;</a>&nbsp;&nbsp;&nbsp;__scatterload_rt2
</UL>

<P><STRONG><a name="[16b]"></a>__rt_entry_presh_1</STRONG> (Thumb, 0 bytes, Stack size unknown bytes, __rtentry2.o(.ARM.Collect$$rtentry$$00000002))

<P><STRONG><a name="[16c]"></a>__rt_entry_sh</STRONG> (Thumb, 0 bytes, Stack size unknown bytes, __rtentry5.o(.ARM.Collect$$rtentry$$00000005))

<P><STRONG><a name="[5f]"></a>__rt_entry_li</STRONG> (Thumb, 0 bytes, Stack size unknown bytes, __rtentry2.o(.ARM.Collect$$rtentry$$0000000A))
<BR><BR>[Calls]<UL><LI><a href="#[60]">&gt;&gt;</a>&nbsp;&nbsp;&nbsp;__rt_lib_init
</UL>

<P><STRONG><a name="[16d]"></a>__rt_entry_postsh_1</STRONG> (Thumb, 0 bytes, Stack size unknown bytes, __rtentry2.o(.ARM.Collect$$rtentry$$00000009))

<P><STRONG><a name="[61]"></a>__rt_entry_main</STRONG> (Thumb, 0 bytes, Stack size unknown bytes, __rtentry2.o(.ARM.Collect$$rtentry$$0000000D))
<BR><BR>[Stack]<UL><LI>Max Depth = 160 + Unknown Stack Size
<LI>Call Chain = __rt_entry_main &rArr; main &rArr; appInit &rArr; chSysInit &rArr; chInstanceObjectInit &rArr; chThdSpawnRunningI &rArr; chSchReadyI &rArr; __sch_ready_behind &rArr; chSftValidateDataPointerX
</UL>
<BR>[Calls]<UL><LI><a href="#[62]">&gt;&gt;</a>&nbsp;&nbsp;&nbsp;main
<LI><a href="#[63]">&gt;&gt;</a>&nbsp;&nbsp;&nbsp;exit
</UL>

<P><STRONG><a name="[16e]"></a>__rt_entry_postli_1</STRONG> (Thumb, 0 bytes, Stack size unknown bytes, __rtentry2.o(.ARM.Collect$$rtentry$$0000000C))

<P><STRONG><a name="[6c]"></a>__rt_exit</STRONG> (Thumb, 0 bytes, Stack size unknown bytes, rtexit.o(.ARM.Collect$$rtexit$$00000000))
<BR><BR>[Called By]<UL><LI><a href="#[63]">&gt;&gt;</a>&nbsp;&nbsp;&nbsp;exit
</UL>

<P><STRONG><a name="[64]"></a>__rt_exit_ls</STRONG> (Thumb, 0 bytes, Stack size unknown bytes, rtexit2.o(.ARM.Collect$$rtexit$$00000003))
<BR><BR>[Calls]<UL><LI><a href="#[65]">&gt;&gt;</a>&nbsp;&nbsp;&nbsp;__rt_lib_shutdown
</UL>

<P><STRONG><a name="[16f]"></a>__rt_exit_prels_1</STRONG> (Thumb, 0 bytes, Stack size unknown bytes, rtexit2.o(.ARM.Collect$$rtexit$$00000002))

<P><STRONG><a name="[66]"></a>__rt_exit_exit</STRONG> (Thumb, 0 bytes, Stack size unknown bytes, rtexit2.o(.ARM.Collect$$rtexit$$00000004))
<BR><BR>[Calls]<UL><LI><a href="#[67]">&gt;&gt;</a>&nbsp;&nbsp;&nbsp;_sys_exit
</UL>

<P><STRONG><a name="[72]"></a>__get_PSP</STRONG> (Thumb, 6 bytes, Stack size 0 bytes, core_cm3.o(.emb_text))
<BR><BR>[Called By]<UL><LI><a href="#[79]">&gt;&gt;</a>&nbsp;&nbsp;&nbsp;__port_irq_epilogue
<LI><a href="#[a]">&gt;&gt;</a>&nbsp;&nbsp;&nbsp;SVC_Handler
</UL>

<P><STRONG><a name="[73]"></a>__set_PSP</STRONG> (Thumb, 6 bytes, Stack size 0 bytes, core_cm3.o(.emb_text))
<BR><BR>[Called By]<UL><LI><a href="#[79]">&gt;&gt;</a>&nbsp;&nbsp;&nbsp;__port_irq_epilogue
<LI><a href="#[a]">&gt;&gt;</a>&nbsp;&nbsp;&nbsp;SVC_Handler
</UL>

<P><STRONG><a name="[170]"></a>__get_MSP</STRONG> (Thumb, 6 bytes, Stack size 0 bytes, core_cm3.o(.emb_text), UNUSED)

<P><STRONG><a name="[171]"></a>__set_MSP</STRONG> (Thumb, 6 bytes, Stack size 0 bytes, core_cm3.o(.emb_text), UNUSED)

<P><STRONG><a name="[172]"></a>__REV16</STRONG> (Thumb, 4 bytes, Stack size 0 bytes, core_cm3.o(.emb_text), UNUSED)

<P><STRONG><a name="[173]"></a>__REVSH</STRONG> (Thumb, 4 bytes, Stack size 0 bytes, core_cm3.o(.emb_text), UNUSED)

<P><STRONG><a name="[4]"></a>Reset_Handler</STRONG> (Thumb, 26 bytes, Stack size 0 bytes, startup_stm32f10x_md.o(.text))
<BR>[Address Reference Count : 1]<UL><LI> startup_stm32f10x_md.o(RESET)
</UL>
<P><STRONG><a name="[c]"></a>PendSV_Handler</STRONG> (Thumb, 2 bytes, Stack size 0 bytes, startup_stm32f10x_md.o(.text))
<BR><BR>[Calls]<UL><LI><a href="#[c]">&gt;&gt;</a>&nbsp;&nbsp;&nbsp;PendSV_Handler
</UL>
<BR>[Called By]<UL><LI><a href="#[c]">&gt;&gt;</a>&nbsp;&nbsp;&nbsp;PendSV_Handler
</UL>
<BR>[Address Reference Count : 1]<UL><LI> startup_stm32f10x_md.o(RESET)
</UL>
<P><STRONG><a name="[20]"></a>ADC1_2_IRQHandler</STRONG> (Thumb, 0 bytes, Stack size 0 bytes, startup_stm32f10x_md.o(.text))
<BR><BR>[Calls]<UL><LI><a href="#[20]">&gt;&gt;</a>&nbsp;&nbsp;&nbsp;ADC1_2_IRQHandler
</UL>
<BR>[Called By]<UL><LI><a href="#[20]">&gt;&gt;</a>&nbsp;&nbsp;&nbsp;ADC1_2_IRQHandler
</UL>
<BR>[Address Reference Count : 1]<UL><LI> startup_stm32f10x_md.o(RESET)
</UL>
<P><STRONG><a name="[23]"></a>CAN1_RX1_IRQHandler</STRONG> (Thumb, 0 bytes, Stack size 0 bytes, startup_stm32f10x_md.o(.text))
<BR>[Address Reference Count : 1]<UL><LI> startup_stm32f10x_md.o(RESET)
</UL>
<P><STRONG><a name="[24]"></a>CAN1_SCE_IRQHandler</STRONG> (Thumb, 0 bytes, Stack size 0 bytes, startup_stm32f10x_md.o(.text))
<BR>[Address Reference Count : 1]<UL><LI> startup_stm32f10x_md.o(RESET)
</UL>
<P><STRONG><a name="[19]"></a>DMA1_Channel1_IRQHandler</STRONG> (Thumb, 0 bytes, Stack size 0 bytes, startup_stm32f10x_md.o(.text))
<BR>[Address Reference Count : 1]<UL><LI> startup_stm32f10x_md.o(RESET)
</UL>
<P><STRONG><a name="[1a]"></a>DMA1_Channel2_IRQHandler</STRONG> (Thumb, 0 bytes, Stack size 0 bytes, startup_stm32f10x_md.o(.text))
<BR>[Address Reference Count : 1]<UL><LI> startup_stm32f10x_md.o(RESET)
</UL>
<P><STRONG><a name="[1b]"></a>DMA1_Channel3_IRQHandler</STRONG> (Thumb, 0 bytes, Stack size 0 bytes, startup_stm32f10x_md.o(.text))
<BR>[Address Reference Count : 1]<UL><LI> startup_stm32f10x_md.o(RESET)
</UL>
<P><STRONG><a name="[1c]"></a>DMA1_Channel4_IRQHandler</STRONG> (Thumb, 0 bytes, Stack size 0 bytes, startup_stm32f10x_md.o(.text))
<BR>[Address Reference Count : 1]<UL><LI> startup_stm32f10x_md.o(RESET)
</UL>
<P><STRONG><a name="[1d]"></a>DMA1_Channel5_IRQHandler</STRONG> (Thumb, 0 bytes, Stack size 0 bytes, startup_stm32f10x_md.o(.text))
<BR>[Address Reference Count : 1]<UL><LI> startup_stm32f10x_md.o(RESET)
</UL>
<P><STRONG><a name="[1e]"></a>DMA1_Channel6_IRQHandler</STRONG> (Thumb, 0 bytes, Stack size 0 bytes, startup_stm32f10x_md.o(.text))
<BR>[Address Reference Count : 1]<UL><LI> startup_stm32f10x_md.o(RESET)
</UL>
<P><STRONG><a name="[1f]"></a>DMA1_Channel7_IRQHandler</STRONG> (Thumb, 0 bytes, Stack size 0 bytes, startup_stm32f10x_md.o(.text))
<BR>[Address Reference Count : 1]<UL><LI> startup_stm32f10x_md.o(RESET)
</UL>
<P><STRONG><a name="[14]"></a>EXTI0_IRQHandler</STRONG> (Thumb, 0 bytes, Stack size 0 bytes, startup_stm32f10x_md.o(.text))
<BR>[Address Reference Count : 1]<UL><LI> startup_stm32f10x_md.o(RESET)
</UL>
<P><STRONG><a name="[36]"></a>EXTI15_10_IRQHandler</STRONG> (Thumb, 0 bytes, Stack size 0 bytes, startup_stm32f10x_md.o(.text))
<BR>[Address Reference Count : 1]<UL><LI> startup_stm32f10x_md.o(RESET)
</UL>
<P><STRONG><a name="[15]"></a>EXTI1_IRQHandler</STRONG> (Thumb, 0 bytes, Stack size 0 bytes, startup_stm32f10x_md.o(.text))
<BR>[Address Reference Count : 1]<UL><LI> startup_stm32f10x_md.o(RESET)
</UL>
<P><STRONG><a name="[16]"></a>EXTI2_IRQHandler</STRONG> (Thumb, 0 bytes, Stack size 0 bytes, startup_stm32f10x_md.o(.text))
<BR>[Address Reference Count : 1]<UL><LI> startup_stm32f10x_md.o(RESET)
</UL>
<P><STRONG><a name="[17]"></a>EXTI3_IRQHandler</STRONG> (Thumb, 0 bytes, Stack size 0 bytes, startup_stm32f10x_md.o(.text))
<BR>[Address Reference Count : 1]<UL><LI> startup_stm32f10x_md.o(RESET)
</UL>
<P><STRONG><a name="[18]"></a>EXTI4_IRQHandler</STRONG> (Thumb, 0 bytes, Stack size 0 bytes, startup_stm32f10x_md.o(.text))
<BR>[Address Reference Count : 1]<UL><LI> startup_stm32f10x_md.o(RESET)
</UL>
<P><STRONG><a name="[25]"></a>EXTI9_5_IRQHandler</STRONG> (Thumb, 0 bytes, Stack size 0 bytes, startup_stm32f10x_md.o(.text))
<BR>[Address Reference Count : 1]<UL><LI> startup_stm32f10x_md.o(RESET)
</UL>
<P><STRONG><a name="[12]"></a>FLASH_IRQHandler</STRONG> (Thumb, 0 bytes, Stack size 0 bytes, startup_stm32f10x_md.o(.text))
<BR>[Address Reference Count : 1]<UL><LI> startup_stm32f10x_md.o(RESET)
</UL>
<P><STRONG><a name="[2e]"></a>I2C1_ER_IRQHandler</STRONG> (Thumb, 0 bytes, Stack size 0 bytes, startup_stm32f10x_md.o(.text))
<BR>[Address Reference Count : 1]<UL><LI> startup_stm32f10x_md.o(RESET)
</UL>
<P><STRONG><a name="[2d]"></a>I2C1_EV_IRQHandler</STRONG> (Thumb, 0 bytes, Stack size 0 bytes, startup_stm32f10x_md.o(.text))
<BR>[Address Reference Count : 1]<UL><LI> startup_stm32f10x_md.o(RESET)
</UL>
<P><STRONG><a name="[30]"></a>I2C2_ER_IRQHandler</STRONG> (Thumb, 0 bytes, Stack size 0 bytes, startup_stm32f10x_md.o(.text))
<BR>[Address Reference Count : 1]<UL><LI> startup_stm32f10x_md.o(RESET)
</UL>
<P><STRONG><a name="[2f]"></a>I2C2_EV_IRQHandler</STRONG> (Thumb, 0 bytes, Stack size 0 bytes, startup_stm32f10x_md.o(.text))
<BR>[Address Reference Count : 1]<UL><LI> startup_stm32f10x_md.o(RESET)
</UL>
<P><STRONG><a name="[f]"></a>PVD_IRQHandler</STRONG> (Thumb, 0 bytes, Stack size 0 bytes, startup_stm32f10x_md.o(.text))
<BR>[Address Reference Count : 1]<UL><LI> startup_stm32f10x_md.o(RESET)
</UL>
<P><STRONG><a name="[13]"></a>RCC_IRQHandler</STRONG> (Thumb, 0 bytes, Stack size 0 bytes, startup_stm32f10x_md.o(.text))
<BR>[Address Reference Count : 1]<UL><LI> startup_stm32f10x_md.o(RESET)
</UL>
<P><STRONG><a name="[37]"></a>RTCAlarm_IRQHandler</STRONG> (Thumb, 0 bytes, Stack size 0 bytes, startup_stm32f10x_md.o(.text))
<BR>[Address Reference Count : 1]<UL><LI> startup_stm32f10x_md.o(RESET)
</UL>
<P><STRONG><a name="[11]"></a>RTC_IRQHandler</STRONG> (Thumb, 0 bytes, Stack size 0 bytes, startup_stm32f10x_md.o(.text))
<BR>[Address Reference Count : 1]<UL><LI> startup_stm32f10x_md.o(RESET)
</UL>
<P><STRONG><a name="[31]"></a>SPI1_IRQHandler</STRONG> (Thumb, 0 bytes, Stack size 0 bytes, startup_stm32f10x_md.o(.text))
<BR>[Address Reference Count : 1]<UL><LI> startup_stm32f10x_md.o(RESET)
</UL>
<P><STRONG><a name="[32]"></a>SPI2_IRQHandler</STRONG> (Thumb, 0 bytes, Stack size 0 bytes, startup_stm32f10x_md.o(.text))
<BR>[Address Reference Count : 1]<UL><LI> startup_stm32f10x_md.o(RESET)
</UL>
<P><STRONG><a name="[10]"></a>TAMPER_IRQHandler</STRONG> (Thumb, 0 bytes, Stack size 0 bytes, startup_stm32f10x_md.o(.text))
<BR>[Address Reference Count : 1]<UL><LI> startup_stm32f10x_md.o(RESET)
</UL>
<P><STRONG><a name="[26]"></a>TIM1_BRK_IRQHandler</STRONG> (Thumb, 0 bytes, Stack size 0 bytes, startup_stm32f10x_md.o(.text))
<BR>[Address Reference Count : 1]<UL><LI> startup_stm32f10x_md.o(RESET)
</UL>
<P><STRONG><a name="[29]"></a>TIM1_CC_IRQHandler</STRONG> (Thumb, 0 bytes, Stack size 0 bytes, startup_stm32f10x_md.o(.text))
<BR>[Address Reference Count : 1]<UL><LI> startup_stm32f10x_md.o(RESET)
</UL>
<P><STRONG><a name="[28]"></a>TIM1_TRG_COM_IRQHandler</STRONG> (Thumb, 0 bytes, Stack size 0 bytes, startup_stm32f10x_md.o(.text))
<BR>[Address Reference Count : 1]<UL><LI> startup_stm32f10x_md.o(RESET)
</UL>
<P><STRONG><a name="[27]"></a>TIM1_UP_IRQHandler</STRONG> (Thumb, 0 bytes, Stack size 0 bytes, startup_stm32f10x_md.o(.text))
<BR>[Address Reference Count : 1]<UL><LI> startup_stm32f10x_md.o(RESET)
</UL>
<P><STRONG><a name="[2a]"></a>TIM2_IRQHandler</STRONG> (Thumb, 0 bytes, Stack size 0 bytes, startup_stm32f10x_md.o(.text))
<BR>[Address Reference Count : 1]<UL><LI> startup_stm32f10x_md.o(RESET)
</UL>
<P><STRONG><a name="[2b]"></a>TIM3_IRQHandler</STRONG> (Thumb, 0 bytes, Stack size 0 bytes, startup_stm32f10x_md.o(.text))
<BR>[Address Reference Count : 1]<UL><LI> startup_stm32f10x_md.o(RESET)
</UL>
<P><STRONG><a name="[2c]"></a>TIM4_IRQHandler</STRONG> (Thumb, 0 bytes, Stack size 0 bytes, startup_stm32f10x_md.o(.text))
<BR>[Address Reference Count : 1]<UL><LI> startup_stm32f10x_md.o(RESET)
</UL>
<P><STRONG><a name="[33]"></a>USART1_IRQHandler</STRONG> (Thumb, 0 bytes, Stack size 0 bytes, startup_stm32f10x_md.o(.text))
<BR>[Address Reference Count : 1]<UL><LI> startup_stm32f10x_md.o(RESET)
</UL>
<P><STRONG><a name="[34]"></a>USART2_IRQHandler</STRONG> (Thumb, 0 bytes, Stack size 0 bytes, startup_stm32f10x_md.o(.text))
<BR>[Address Reference Count : 1]<UL><LI> startup_stm32f10x_md.o(RESET)
</UL>
<P><STRONG><a name="[35]"></a>USART3_IRQHandler</STRONG> (Thumb, 0 bytes, Stack size 0 bytes, startup_stm32f10x_md.o(.text))
<BR>[Address Reference Count : 1]<UL><LI> startup_stm32f10x_md.o(RESET)
</UL>
<P><STRONG><a name="[38]"></a>USBWakeUp_IRQHandler</STRONG> (Thumb, 0 bytes, Stack size 0 bytes, startup_stm32f10x_md.o(.text))
<BR>[Address Reference Count : 1]<UL><LI> startup_stm32f10x_md.o(RESET)
</UL>
<P><STRONG><a name="[21]"></a>USB_HP_CAN1_TX_IRQHandler</STRONG> (Thumb, 0 bytes, Stack size 0 bytes, startup_stm32f10x_md.o(.text))
<BR>[Address Reference Count : 1]<UL><LI> startup_stm32f10x_md.o(RESET)
</UL>
<P><STRONG><a name="[22]"></a>USB_LP_CAN1_RX0_IRQHandler</STRONG> (Thumb, 0 bytes, Stack size 0 bytes, startup_stm32f10x_md.o(.text))
<BR>[Address Reference Count : 1]<UL><LI> startup_stm32f10x_md.o(RESET)
</UL>
<P><STRONG><a name="[e]"></a>WWDG_IRQHandler</STRONG> (Thumb, 0 bytes, Stack size 0 bytes, startup_stm32f10x_md.o(.text))
<BR>[Address Reference Count : 1]<UL><LI> startup_stm32f10x_md.o(RESET)
</UL>
<P><STRONG><a name="[174]"></a>__user_initial_stackheap</STRONG> (Thumb, 0 bytes, Stack size unknown bytes, startup_stm32f10x_md.o(.text), UNUSED)

<P><STRONG><a name="[b9]"></a>__port_switch</STRONG> (Thumb, 16 bytes, Stack size 0 bytes, chcoreasm.o(.text))
<BR><BR>[Called By]<UL><LI><a href="#[69]">&gt;&gt;</a>&nbsp;&nbsp;&nbsp;chSchDoPreemption
<LI><a href="#[bf]">&gt;&gt;</a>&nbsp;&nbsp;&nbsp;chSchWakeupS
<LI><a href="#[ba]">&gt;&gt;</a>&nbsp;&nbsp;&nbsp;chSchGoSleepS
</UL>

<P><STRONG><a name="[42]"></a>__port_thread_start</STRONG> (Thumb, 18 bytes, Stack size 0 bytes, chcoreasm.o(.text))
<BR><BR>[Stack]<UL><LI>Max Depth = 72<LI>Call Chain = __port_thread_start &rArr; chThdExit &rArr; chThdExitS &rArr; chSchReadyI &rArr; __sch_ready_behind &rArr; chSftValidateDataPointerX
</UL>
<BR>[Calls]<UL><LI><a href="#[68]">&gt;&gt;</a>&nbsp;&nbsp;&nbsp;chThdExit
</UL>
<BR>[Address Reference Count : 2]<UL><LI> chthreads.o(i.chThdSpawnSuspendedI)
<LI> chthreads.o(i.chThdCreateStatic)
</UL>
<P><STRONG><a name="[3d]"></a>__port_switch_from_isr</STRONG> (Thumb, 8 bytes, Stack size 0 bytes, chcoreasm.o(.text))
<BR><BR>[Stack]<UL><LI>Max Depth = 56<LI>Call Chain = __port_switch_from_isr &rArr; chSchDoPreemption &rArr; __sch_ready_ahead &rArr; chSftValidateDataPointerX
</UL>
<BR>[Calls]<UL><LI><a href="#[69]">&gt;&gt;</a>&nbsp;&nbsp;&nbsp;chSchDoPreemption
</UL>
<BR>[Address Reference Count : 1]<UL><LI> chcore.o(i.__port_irq_epilogue)
</UL>
<P><STRONG><a name="[3e]"></a>__port_exit_from_isr</STRONG> (Thumb, 0 bytes, Stack size unknown bytes, chcoreasm.o(.text))
<BR>[Address Reference Count : 1]<UL><LI> chcore.o(i.__port_irq_epilogue)
</UL>
<P><STRONG><a name="[b4]"></a>__aeabi_memcpy4</STRONG> (Thumb, 0 bytes, Stack size 8 bytes, rt_memcpy_w.o(.text))
<BR><BR>[Stack]<UL><LI>Max Depth = 8<LI>Call Chain = __aeabi_memcpy4
</UL>
<BR>[Called By]<UL><LI><a href="#[ae]">&gt;&gt;</a>&nbsp;&nbsp;&nbsp;chThdCreateStatic
<LI><a href="#[b2]">&gt;&gt;</a>&nbsp;&nbsp;&nbsp;chInstanceObjectInit
</UL>

<P><STRONG><a name="[175]"></a>__aeabi_memcpy8</STRONG> (Thumb, 0 bytes, Stack size 8 bytes, rt_memcpy_w.o(.text), UNUSED)

<P><STRONG><a name="[176]"></a>__rt_memcpy_w</STRONG> (Thumb, 100 bytes, Stack size 8 bytes, rt_memcpy_w.o(.text), UNUSED)

<P><STRONG><a name="[177]"></a>_memcpy_lastbytes_aligned</STRONG> (Thumb, 0 bytes, Stack size unknown bytes, rt_memcpy_w.o(.text), UNUSED)

<P><STRONG><a name="[122]"></a>__aeabi_memclr</STRONG> (Thumb, 0 bytes, Stack size 0 bytes, rt_memclr.o(.text))
<BR><BR>[Called By]<UL><LI><a href="#[121]">&gt;&gt;</a>&nbsp;&nbsp;&nbsp;u8g2_ClearBuffer
</UL>

<P><STRONG><a name="[6a]"></a>__rt_memclr</STRONG> (Thumb, 68 bytes, Stack size 0 bytes, rt_memclr.o(.text), UNUSED)
<BR><BR>[Calls]<UL><LI><a href="#[6b]">&gt;&gt;</a>&nbsp;&nbsp;&nbsp;_memset_w
</UL>

<P><STRONG><a name="[178]"></a>_memset</STRONG> (Thumb, 0 bytes, Stack size unknown bytes, rt_memclr.o(.text), UNUSED)

<P><STRONG><a name="[179]"></a>__aeabi_memclr4</STRONG> (Thumb, 0 bytes, Stack size 4 bytes, rt_memclr_w.o(.text), UNUSED)

<P><STRONG><a name="[17a]"></a>__aeabi_memclr8</STRONG> (Thumb, 0 bytes, Stack size 4 bytes, rt_memclr_w.o(.text), UNUSED)

<P><STRONG><a name="[17b]"></a>__rt_memclr_w</STRONG> (Thumb, 78 bytes, Stack size 4 bytes, rt_memclr_w.o(.text), UNUSED)

<P><STRONG><a name="[6b]"></a>_memset_w</STRONG> (Thumb, 0 bytes, Stack size unknown bytes, rt_memclr_w.o(.text), UNUSED)
<BR><BR>[Called By]<UL><LI><a href="#[6a]">&gt;&gt;</a>&nbsp;&nbsp;&nbsp;__rt_memclr
</UL>

<P><STRONG><a name="[17c]"></a>__use_two_region_memory</STRONG> (Thumb, 2 bytes, Stack size 0 bytes, heapauxi.o(.text), UNUSED)

<P><STRONG><a name="[17d]"></a>__rt_heap_escrow$2region</STRONG> (Thumb, 2 bytes, Stack size 0 bytes, heapauxi.o(.text), UNUSED)

<P><STRONG><a name="[17e]"></a>__rt_heap_expand$2region</STRONG> (Thumb, 2 bytes, Stack size 0 bytes, heapauxi.o(.text), UNUSED)

<P><STRONG><a name="[63]"></a>exit</STRONG> (Thumb, 18 bytes, Stack size 8 bytes, exit.o(.text))
<BR><BR>[Stack]<UL><LI>Max Depth = 8 + Unknown Stack Size
<LI>Call Chain = exit
</UL>
<BR>[Calls]<UL><LI><a href="#[6c]">&gt;&gt;</a>&nbsp;&nbsp;&nbsp;__rt_exit
</UL>
<BR>[Called By]<UL><LI><a href="#[61]">&gt;&gt;</a>&nbsp;&nbsp;&nbsp;__rt_entry_main
</UL>

<P><STRONG><a name="[67]"></a>_sys_exit</STRONG> (Thumb, 8 bytes, Stack size 0 bytes, sys_exit.o(.text))
<BR><BR>[Called By]<UL><LI><a href="#[66]">&gt;&gt;</a>&nbsp;&nbsp;&nbsp;__rt_exit_exit
</UL>

<P><STRONG><a name="[17f]"></a>__I$use$semihosting</STRONG> (Thumb, 0 bytes, Stack size 0 bytes, use_no_semi.o(.text), UNUSED)

<P><STRONG><a name="[180]"></a>__use_no_semihosting_swi</STRONG> (Thumb, 2 bytes, Stack size 0 bytes, use_no_semi.o(.text), UNUSED)

<P><STRONG><a name="[181]"></a>__semihosting_library_function</STRONG> (Thumb, 0 bytes, Stack size unknown bytes, indicate_semi.o(.text), UNUSED)

<P><STRONG><a name="[8]"></a>BusFault_Handler</STRONG> (Thumb, 6 bytes, Stack size 0 bytes, stm32f10x_it.o(i.BusFault_Handler))
<BR><BR>[Stack]<UL><LI>Max Depth = 16<LI>Call Chain = BusFault_Handler &rArr; faultLogAndHalt &rArr; drvUsart1Write &rArr; drvUsart1WriteChar
</UL>
<BR>[Calls]<UL><LI><a href="#[6d]">&gt;&gt;</a>&nbsp;&nbsp;&nbsp;faultLogAndHalt
</UL>
<BR>[Address Reference Count : 1]<UL><LI> startup_stm32f10x_md.o(RESET)
</UL>
<P><STRONG><a name="[b]"></a>DebugMon_Handler</STRONG> (Thumb, 2 bytes, Stack size 0 bytes, stm32f10x_it.o(i.DebugMon_Handler))
<BR>[Address Reference Count : 1]<UL><LI> startup_stm32f10x_md.o(RESET)
</UL>
<P><STRONG><a name="[da]"></a>GPIO_Init</STRONG> (Thumb, 278 bytes, Stack size 24 bytes, stm32f10x_gpio.o(i.GPIO_Init))
<BR><BR>[Stack]<UL><LI>Max Depth = 24<LI>Call Chain = GPIO_Init
</UL>
<BR>[Called By]<UL><LI><a href="#[e9]">&gt;&gt;</a>&nbsp;&nbsp;&nbsp;drvOledU8g2PortInit
<LI><a href="#[d8]">&gt;&gt;</a>&nbsp;&nbsp;&nbsp;drvKeysInit
<LI><a href="#[eb]">&gt;&gt;</a>&nbsp;&nbsp;&nbsp;drvUsart1Init
</UL>

<P><STRONG><a name="[dc]"></a>GPIO_ReadInputDataBit</STRONG> (Thumb, 18 bytes, Stack size 0 bytes, stm32f10x_gpio.o(i.GPIO_ReadInputDataBit))
<BR><BR>[Called By]<UL><LI><a href="#[db]">&gt;&gt;</a>&nbsp;&nbsp;&nbsp;drvKeysReadRawPressed
</UL>

<P><STRONG><a name="[6]"></a>HardFault_Handler</STRONG> (Thumb, 6 bytes, Stack size 0 bytes, stm32f10x_it.o(i.HardFault_Handler))
<BR><BR>[Stack]<UL><LI>Max Depth = 16<LI>Call Chain = HardFault_Handler &rArr; faultLogAndHalt &rArr; drvUsart1Write &rArr; drvUsart1WriteChar
</UL>
<BR>[Calls]<UL><LI><a href="#[6d]">&gt;&gt;</a>&nbsp;&nbsp;&nbsp;faultLogAndHalt
</UL>
<BR>[Address Reference Count : 1]<UL><LI> startup_stm32f10x_md.o(RESET)
</UL>
<P><STRONG><a name="[7]"></a>MemManage_Handler</STRONG> (Thumb, 6 bytes, Stack size 0 bytes, stm32f10x_it.o(i.MemManage_Handler))
<BR><BR>[Stack]<UL><LI>Max Depth = 16<LI>Call Chain = MemManage_Handler &rArr; faultLogAndHalt &rArr; drvUsart1Write &rArr; drvUsart1WriteChar
</UL>
<BR>[Calls]<UL><LI><a href="#[6d]">&gt;&gt;</a>&nbsp;&nbsp;&nbsp;faultLogAndHalt
</UL>
<BR>[Address Reference Count : 1]<UL><LI> startup_stm32f10x_md.o(RESET)
</UL>
<P><STRONG><a name="[5]"></a>NMI_Handler</STRONG> (Thumb, 2 bytes, Stack size 0 bytes, stm32f10x_it.o(i.NMI_Handler))
<BR>[Address Reference Count : 1]<UL><LI> startup_stm32f10x_md.o(RESET)
</UL>
<P><STRONG><a name="[d9]"></a>RCC_APB2PeriphClockCmd</STRONG> (Thumb, 26 bytes, Stack size 0 bytes, stm32f10x_rcc.o(i.RCC_APB2PeriphClockCmd))
<BR><BR>[Called By]<UL><LI><a href="#[e9]">&gt;&gt;</a>&nbsp;&nbsp;&nbsp;drvOledU8g2PortInit
<LI><a href="#[d8]">&gt;&gt;</a>&nbsp;&nbsp;&nbsp;drvKeysInit
<LI><a href="#[eb]">&gt;&gt;</a>&nbsp;&nbsp;&nbsp;drvUsart1Init
</UL>

<P><STRONG><a name="[7b]"></a>RCC_GetClocksFreq</STRONG> (Thumb, 192 bytes, Stack size 12 bytes, stm32f10x_rcc.o(i.RCC_GetClocksFreq))
<BR><BR>[Stack]<UL><LI>Max Depth = 12<LI>Call Chain = RCC_GetClocksFreq
</UL>
<BR>[Called By]<UL><LI><a href="#[7a]">&gt;&gt;</a>&nbsp;&nbsp;&nbsp;USART_Init
</UL>

<P><STRONG><a name="[a]"></a>SVC_Handler</STRONG> (Thumb, 32 bytes, Stack size 8 bytes, chcore.o(i.SVC_Handler))
<BR><BR>[Stack]<UL><LI>Max Depth = 8<LI>Call Chain = SVC_Handler
</UL>
<BR>[Calls]<UL><LI><a href="#[73]">&gt;&gt;</a>&nbsp;&nbsp;&nbsp;__set_PSP
<LI><a href="#[72]">&gt;&gt;</a>&nbsp;&nbsp;&nbsp;__get_PSP
<LI><a href="#[74]">&gt;&gt;</a>&nbsp;&nbsp;&nbsp;__set_BASEPRI
</UL>
<BR>[Address Reference Count : 1]<UL><LI> startup_stm32f10x_md.o(RESET)
</UL>
<P><STRONG><a name="[d]"></a>SysTick_Handler</STRONG> (Thumb, 56 bytes, Stack size 8 bytes, chibios_port.o(i.SysTick_Handler))
<BR><BR>[Stack]<UL><LI>Max Depth = 40<LI>Call Chain = SysTick_Handler &rArr; chSysTimerHandlerI &rArr; chVTDoTickI &rArr; ch_dlist_insert
</UL>
<BR>[Calls]<UL><LI><a href="#[78]">&gt;&gt;</a>&nbsp;&nbsp;&nbsp;chSysTimerHandlerI
<LI><a href="#[79]">&gt;&gt;</a>&nbsp;&nbsp;&nbsp;__port_irq_epilogue
<LI><a href="#[77]">&gt;&gt;</a>&nbsp;&nbsp;&nbsp;__set_BASEPRI
</UL>
<BR>[Address Reference Count : 1]<UL><LI> startup_stm32f10x_md.o(RESET)
</UL>
<P><STRONG><a name="[11f]"></a>SystemCoreClockUpdate</STRONG> (Thumb, 142 bytes, Stack size 8 bytes, system_stm32f10x.o(i.SystemCoreClockUpdate))
<BR><BR>[Stack]<UL><LI>Max Depth = 8<LI>Call Chain = SystemCoreClockUpdate
</UL>
<BR>[Called By]<UL><LI><a href="#[62]">&gt;&gt;</a>&nbsp;&nbsp;&nbsp;main
</UL>

<P><STRONG><a name="[39]"></a>SystemInit</STRONG> (Thumb, 78 bytes, Stack size 8 bytes, system_stm32f10x.o(i.SystemInit))
<BR><BR>[Stack]<UL><LI>Max Depth = 28<LI>Call Chain = SystemInit &rArr; SetSysClock &rArr; SetSysClockTo72
</UL>
<BR>[Calls]<UL><LI><a href="#[75]">&gt;&gt;</a>&nbsp;&nbsp;&nbsp;SetSysClock
</UL>
<BR>[Address Reference Count : 1]<UL><LI> startup_stm32f10x_md.o(.text)
</UL>
<P><STRONG><a name="[ed]"></a>USART_Cmd</STRONG> (Thumb, 24 bytes, Stack size 0 bytes, stm32f10x_usart.o(i.USART_Cmd))
<BR><BR>[Called By]<UL><LI><a href="#[eb]">&gt;&gt;</a>&nbsp;&nbsp;&nbsp;drvUsart1Init
</UL>

<P><STRONG><a name="[f0]"></a>USART_GetFlagStatus</STRONG> (Thumb, 26 bytes, Stack size 0 bytes, stm32f10x_usart.o(i.USART_GetFlagStatus))
<BR><BR>[Called By]<UL><LI><a href="#[ee]">&gt;&gt;</a>&nbsp;&nbsp;&nbsp;drvUsart1Write
<LI><a href="#[ef]">&gt;&gt;</a>&nbsp;&nbsp;&nbsp;drvUsart1WriteChar
</UL>

<P><STRONG><a name="[7a]"></a>USART_Init</STRONG> (Thumb, 210 bytes, Stack size 56 bytes, stm32f10x_usart.o(i.USART_Init))
<BR><BR>[Stack]<UL><LI>Max Depth = 68<LI>Call Chain = USART_Init &rArr; RCC_GetClocksFreq
</UL>
<BR>[Calls]<UL><LI><a href="#[7b]">&gt;&gt;</a>&nbsp;&nbsp;&nbsp;RCC_GetClocksFreq
</UL>
<BR>[Called By]<UL><LI><a href="#[eb]">&gt;&gt;</a>&nbsp;&nbsp;&nbsp;drvUsart1Init
</UL>

<P><STRONG><a name="[f1]"></a>USART_SendData</STRONG> (Thumb, 8 bytes, Stack size 0 bytes, stm32f10x_usart.o(i.USART_SendData))
<BR><BR>[Called By]<UL><LI><a href="#[ef]">&gt;&gt;</a>&nbsp;&nbsp;&nbsp;drvUsart1WriteChar
</UL>

<P><STRONG><a name="[ec]"></a>USART_StructInit</STRONG> (Thumb, 24 bytes, Stack size 0 bytes, stm32f10x_usart.o(i.USART_StructInit))
<BR><BR>[Called By]<UL><LI><a href="#[eb]">&gt;&gt;</a>&nbsp;&nbsp;&nbsp;drvUsart1Init
</UL>

<P><STRONG><a name="[9]"></a>UsageFault_Handler</STRONG> (Thumb, 6 bytes, Stack size 0 bytes, stm32f10x_it.o(i.UsageFault_Handler))
<BR><BR>[Stack]<UL><LI>Max Depth = 16<LI>Call Chain = UsageFault_Handler &rArr; faultLogAndHalt &rArr; drvUsart1Write &rArr; drvUsart1WriteChar
</UL>
<BR>[Calls]<UL><LI><a href="#[6d]">&gt;&gt;</a>&nbsp;&nbsp;&nbsp;faultLogAndHalt
</UL>
<BR>[Address Reference Count : 1]<UL><LI> startup_stm32f10x_md.o(RESET)
</UL>
<P><STRONG><a name="[c4]"></a>__core_init</STRONG> (Thumb, 14 bytes, Stack size 0 bytes, chmemcore.o(i.__core_init))
<BR><BR>[Called By]<UL><LI><a href="#[a8]">&gt;&gt;</a>&nbsp;&nbsp;&nbsp;chSysInit
</UL>

<P><STRONG><a name="[85]"></a>__factory_init</STRONG> (Thumb, 82 bytes, Stack size 8 bytes, chfactory.o(i.__factory_init))
<BR><BR>[Stack]<UL><LI>Max Depth = 32<LI>Call Chain = __factory_init &rArr; chPoolObjectInit &rArr; chPoolObjectInitAligned
</UL>
<BR>[Calls]<UL><LI><a href="#[86]">&gt;&gt;</a>&nbsp;&nbsp;&nbsp;chMtxObjectInit
<LI><a href="#[87]">&gt;&gt;</a>&nbsp;&nbsp;&nbsp;dyn_list_init
<LI><a href="#[88]">&gt;&gt;</a>&nbsp;&nbsp;&nbsp;chPoolObjectInit
</UL>
<BR>[Called By]<UL><LI><a href="#[a8]">&gt;&gt;</a>&nbsp;&nbsp;&nbsp;chSysInit
</UL>

<P><STRONG><a name="[89]"></a>__heap_init</STRONG> (Thumb, 34 bytes, Stack size 8 bytes, chmemheaps.o(i.__heap_init))
<BR><BR>[Stack]<UL><LI>Max Depth = 8<LI>Call Chain = __heap_init
</UL>
<BR>[Calls]<UL><LI><a href="#[86]">&gt;&gt;</a>&nbsp;&nbsp;&nbsp;chMtxObjectInit
<LI><a href="#[8a]">&gt;&gt;</a>&nbsp;&nbsp;&nbsp;chCoreGetStatusX
</UL>
<BR>[Called By]<UL><LI><a href="#[a8]">&gt;&gt;</a>&nbsp;&nbsp;&nbsp;chSysInit
</UL>

<P><STRONG><a name="[79]"></a>__port_irq_epilogue</STRONG> (Thumb, 84 bytes, Stack size 16 bytes, chcore.o(i.__port_irq_epilogue))
<BR><BR>[Stack]<UL><LI>Max Depth = 24<LI>Call Chain = __port_irq_epilogue &rArr; chSchIsPreemptionRequired
</UL>
<BR>[Calls]<UL><LI><a href="#[73]">&gt;&gt;</a>&nbsp;&nbsp;&nbsp;__set_PSP
<LI><a href="#[72]">&gt;&gt;</a>&nbsp;&nbsp;&nbsp;__get_PSP
<LI><a href="#[8b]">&gt;&gt;</a>&nbsp;&nbsp;&nbsp;chSchIsPreemptionRequired
<LI><a href="#[74]">&gt;&gt;</a>&nbsp;&nbsp;&nbsp;__set_BASEPRI
</UL>
<BR>[Called By]<UL><LI><a href="#[d]">&gt;&gt;</a>&nbsp;&nbsp;&nbsp;SysTick_Handler
</UL>

<P><STRONG><a name="[91]"></a>algoFocInit</STRONG> (Thumb, 40 bytes, Stack size 8 bytes, algo_foc.o(i.algoFocInit))
<BR><BR>[Stack]<UL><LI>Max Depth = 20<LI>Call Chain = algoFocInit &rArr; algoPidInit
</UL>
<BR>[Calls]<UL><LI><a href="#[93]">&gt;&gt;</a>&nbsp;&nbsp;&nbsp;algoRampInit
<LI><a href="#[92]">&gt;&gt;</a>&nbsp;&nbsp;&nbsp;algoPidInit
<LI><a href="#[94]">&gt;&gt;</a>&nbsp;&nbsp;&nbsp;algoObserverInit
</UL>
<BR>[Called By]<UL><LI><a href="#[a3]">&gt;&gt;</a>&nbsp;&nbsp;&nbsp;appInit
</UL>

<P><STRONG><a name="[95]"></a>algoFocStep</STRONG> (Thumb, 138 bytes, Stack size 40 bytes, algo_foc.o(i.algoFocStep))
<BR><BR>[Stack]<UL><LI>Max Depth = 56<LI>Call Chain = algoFocStep &rArr; algoPidStep
</UL>
<BR>[Calls]<UL><LI><a href="#[98]">&gt;&gt;</a>&nbsp;&nbsp;&nbsp;algoRampStep
<LI><a href="#[93]">&gt;&gt;</a>&nbsp;&nbsp;&nbsp;algoRampInit
<LI><a href="#[99]">&gt;&gt;</a>&nbsp;&nbsp;&nbsp;algoPidStep
<LI><a href="#[96]">&gt;&gt;</a>&nbsp;&nbsp;&nbsp;algoPidReset
<LI><a href="#[97]">&gt;&gt;</a>&nbsp;&nbsp;&nbsp;algoObserverStep
<LI><a href="#[9b]">&gt;&gt;</a>&nbsp;&nbsp;&nbsp;algoLimitU16
<LI><a href="#[9a]">&gt;&gt;</a>&nbsp;&nbsp;&nbsp;algoLimitS32
</UL>
<BR>[Called By]<UL><LI><a href="#[70]">&gt;&gt;</a>&nbsp;&nbsp;&nbsp;appFastLoopStep
</UL>

<P><STRONG><a name="[9a]"></a>algoLimitS32</STRONG> (Thumb, 22 bytes, Stack size 0 bytes, algo_limit.o(i.algoLimitS32))
<BR><BR>[Called By]<UL><LI><a href="#[95]">&gt;&gt;</a>&nbsp;&nbsp;&nbsp;algoFocStep
</UL>

<P><STRONG><a name="[9b]"></a>algoLimitU16</STRONG> (Thumb, 22 bytes, Stack size 0 bytes, algo_limit.o(i.algoLimitU16))
<BR><BR>[Called By]<UL><LI><a href="#[95]">&gt;&gt;</a>&nbsp;&nbsp;&nbsp;algoFocStep
</UL>

<P><STRONG><a name="[94]"></a>algoObserverInit</STRONG> (Thumb, 12 bytes, Stack size 0 bytes, algo_observer.o(i.algoObserverInit))
<BR><BR>[Called By]<UL><LI><a href="#[91]">&gt;&gt;</a>&nbsp;&nbsp;&nbsp;algoFocInit
</UL>

<P><STRONG><a name="[97]"></a>algoObserverStep</STRONG> (Thumb, 30 bytes, Stack size 0 bytes, algo_observer.o(i.algoObserverStep))
<BR><BR>[Called By]<UL><LI><a href="#[95]">&gt;&gt;</a>&nbsp;&nbsp;&nbsp;algoFocStep
</UL>

<P><STRONG><a name="[92]"></a>algoPidInit</STRONG> (Thumb, 24 bytes, Stack size 12 bytes, algo_pid.o(i.algoPidInit))
<BR><BR>[Stack]<UL><LI>Max Depth = 12<LI>Call Chain = algoPidInit
</UL>
<BR>[Called By]<UL><LI><a href="#[91]">&gt;&gt;</a>&nbsp;&nbsp;&nbsp;algoFocInit
</UL>

<P><STRONG><a name="[96]"></a>algoPidReset</STRONG> (Thumb, 12 bytes, Stack size 0 bytes, algo_pid.o(i.algoPidReset))
<BR><BR>[Called By]<UL><LI><a href="#[95]">&gt;&gt;</a>&nbsp;&nbsp;&nbsp;algoFocStep
</UL>

<P><STRONG><a name="[99]"></a>algoPidStep</STRONG> (Thumb, 66 bytes, Stack size 16 bytes, algo_pid.o(i.algoPidStep))
<BR><BR>[Stack]<UL><LI>Max Depth = 16<LI>Call Chain = algoPidStep
</UL>
<BR>[Calls]<UL><LI><a href="#[9c]">&gt;&gt;</a>&nbsp;&nbsp;&nbsp;algoPidClamp
</UL>
<BR>[Called By]<UL><LI><a href="#[95]">&gt;&gt;</a>&nbsp;&nbsp;&nbsp;algoFocStep
</UL>

<P><STRONG><a name="[93]"></a>algoRampInit</STRONG> (Thumb, 14 bytes, Stack size 0 bytes, algo_ramp.o(i.algoRampInit))
<BR><BR>[Called By]<UL><LI><a href="#[95]">&gt;&gt;</a>&nbsp;&nbsp;&nbsp;algoFocStep
<LI><a href="#[91]">&gt;&gt;</a>&nbsp;&nbsp;&nbsp;algoFocInit
</UL>

<P><STRONG><a name="[98]"></a>algoRampStep</STRONG> (Thumb, 58 bytes, Stack size 0 bytes, algo_ramp.o(i.algoRampStep))
<BR><BR>[Called By]<UL><LI><a href="#[95]">&gt;&gt;</a>&nbsp;&nbsp;&nbsp;algoFocStep
</UL>

<P><STRONG><a name="[a7]"></a>appFastLoopInit</STRONG> (Thumb, 2 bytes, Stack size 0 bytes, app_fastloop.o(i.appFastLoopInit))
<BR><BR>[Called By]<UL><LI><a href="#[a3]">&gt;&gt;</a>&nbsp;&nbsp;&nbsp;appInit
</UL>

<P><STRONG><a name="[70]"></a>appFastLoopStep</STRONG> (Thumb, 166 bytes, Stack size 48 bytes, app_fastloop.o(i.appFastLoopStep))
<BR><BR>[Stack]<UL><LI>Max Depth = 104<LI>Call Chain = appFastLoopStep &rArr; algoFocStep &rArr; algoPidStep
</UL>
<BR>[Calls]<UL><LI><a href="#[9d]">&gt;&gt;</a>&nbsp;&nbsp;&nbsp;halSenseGetFeedbackSnapshot
<LI><a href="#[a2]">&gt;&gt;</a>&nbsp;&nbsp;&nbsp;halMotorApplyOutput
<LI><a href="#[a0]">&gt;&gt;</a>&nbsp;&nbsp;&nbsp;halGateSetEnabled
<LI><a href="#[a1]">&gt;&gt;</a>&nbsp;&nbsp;&nbsp;halGateIsEnabled
<LI><a href="#[9f]">&gt;&gt;</a>&nbsp;&nbsp;&nbsp;appStateMachineStep
<LI><a href="#[9e]">&gt;&gt;</a>&nbsp;&nbsp;&nbsp;appFaultMgrCheck
<LI><a href="#[95]">&gt;&gt;</a>&nbsp;&nbsp;&nbsp;algoFocStep
</UL>
<BR>[Called By]<UL><LI><a href="#[3f]">&gt;&gt;</a>&nbsp;&nbsp;&nbsp;ControlThread
</UL>

<P><STRONG><a name="[9e]"></a>appFaultMgrCheck</STRONG> (Thumb, 54 bytes, Stack size 0 bytes, app_fault_mgr.o(i.appFaultMgrCheck))
<BR><BR>[Called By]<UL><LI><a href="#[70]">&gt;&gt;</a>&nbsp;&nbsp;&nbsp;appFastLoopStep
</UL>

<P><STRONG><a name="[a5]"></a>appFaultMgrInit</STRONG> (Thumb, 2 bytes, Stack size 0 bytes, app_fault_mgr.o(i.appFaultMgrInit))
<BR><BR>[Called By]<UL><LI><a href="#[a3]">&gt;&gt;</a>&nbsp;&nbsp;&nbsp;appInit
</UL>

<P><STRONG><a name="[6e]"></a>appGetRuntime</STRONG> (Thumb, 4 bytes, Stack size 0 bytes, app_main.o(i.appGetRuntime))
<BR><BR>[Called By]<UL><LI><a href="#[3f]">&gt;&gt;</a>&nbsp;&nbsp;&nbsp;ControlThread
</UL>

<P><STRONG><a name="[a3]"></a>appInit</STRONG> (Thumb, 112 bytes, Stack size 0 bytes, app_main.o(i.appInit))
<BR><BR>[Stack]<UL><LI>Max Depth = 152<LI>Call Chain = appInit &rArr; chSysInit &rArr; chInstanceObjectInit &rArr; chThdSpawnRunningI &rArr; chSchReadyI &rArr; __sch_ready_behind &rArr; chSftValidateDataPointerX
</UL>
<BR>[Calls]<UL><LI><a href="#[a6]">&gt;&gt;</a>&nbsp;&nbsp;&nbsp;halBoardInit
<LI><a href="#[71]">&gt;&gt;</a>&nbsp;&nbsp;&nbsp;chThdSleep
<LI><a href="#[a8]">&gt;&gt;</a>&nbsp;&nbsp;&nbsp;chSysInit
<LI><a href="#[ab]">&gt;&gt;</a>&nbsp;&nbsp;&nbsp;appTaskUiStart
<LI><a href="#[aa]">&gt;&gt;</a>&nbsp;&nbsp;&nbsp;appTaskControlStart
<LI><a href="#[a4]">&gt;&gt;</a>&nbsp;&nbsp;&nbsp;appStateMachineInit
<LI><a href="#[a5]">&gt;&gt;</a>&nbsp;&nbsp;&nbsp;appFaultMgrInit
<LI><a href="#[a7]">&gt;&gt;</a>&nbsp;&nbsp;&nbsp;appFastLoopInit
<LI><a href="#[91]">&gt;&gt;</a>&nbsp;&nbsp;&nbsp;algoFocInit
<LI><a href="#[a9]">&gt;&gt;</a>&nbsp;&nbsp;&nbsp;appStartSystemTick
<LI><a href="#[6f]">&gt;&gt;</a>&nbsp;&nbsp;&nbsp;halUartWrite
</UL>
<BR>[Called By]<UL><LI><a href="#[62]">&gt;&gt;</a>&nbsp;&nbsp;&nbsp;main
</UL>

<P><STRONG><a name="[82]"></a>appMenuBack</STRONG> (Thumb, 20 bytes, Stack size 0 bytes, app_menu.o(i.appMenuBack))
<BR><BR>[Called By]<UL><LI><a href="#[40]">&gt;&gt;</a>&nbsp;&nbsp;&nbsp;UiThread
</UL>

<P><STRONG><a name="[83]"></a>appMenuBuildView</STRONG> (Thumb, 238 bytes, Stack size 28 bytes, app_menu.o(i.appMenuBuildView))
<BR><BR>[Stack]<UL><LI>Max Depth = 28<LI>Call Chain = appMenuBuildView
</UL>
<BR>[Called By]<UL><LI><a href="#[40]">&gt;&gt;</a>&nbsp;&nbsp;&nbsp;UiThread
</UL>

<P><STRONG><a name="[81]"></a>appMenuEnter</STRONG> (Thumb, 64 bytes, Stack size 16 bytes, app_menu.o(i.appMenuEnter))
<BR><BR>[Stack]<UL><LI>Max Depth = 24<LI>Call Chain = appMenuEnter &rArr; appMenuGetSelectedItem
</UL>
<BR>[Calls]<UL><LI><a href="#[ac]">&gt;&gt;</a>&nbsp;&nbsp;&nbsp;appMenuGetSelectedItem
</UL>
<BR>[Called By]<UL><LI><a href="#[40]">&gt;&gt;</a>&nbsp;&nbsp;&nbsp;UiThread
</UL>

<P><STRONG><a name="[7d]"></a>appMenuInit</STRONG> (Thumb, 36 bytes, Stack size 0 bytes, app_menu.o(i.appMenuInit))
<BR><BR>[Called By]<UL><LI><a href="#[40]">&gt;&gt;</a>&nbsp;&nbsp;&nbsp;UiThread
</UL>

<P><STRONG><a name="[80]"></a>appMenuMoveNext</STRONG> (Thumb, 70 bytes, Stack size 16 bytes, app_menu.o(i.appMenuMoveNext))
<BR><BR>[Stack]<UL><LI>Max Depth = 24<LI>Call Chain = appMenuMoveNext &rArr; appMenuSyncWindow
</UL>
<BR>[Calls]<UL><LI><a href="#[ad]">&gt;&gt;</a>&nbsp;&nbsp;&nbsp;appMenuSyncWindow
</UL>
<BR>[Called By]<UL><LI><a href="#[40]">&gt;&gt;</a>&nbsp;&nbsp;&nbsp;UiThread
</UL>

<P><STRONG><a name="[7f]"></a>appMenuMovePrev</STRONG> (Thumb, 68 bytes, Stack size 16 bytes, app_menu.o(i.appMenuMovePrev))
<BR><BR>[Stack]<UL><LI>Max Depth = 24<LI>Call Chain = appMenuMovePrev &rArr; appMenuSyncWindow
</UL>
<BR>[Calls]<UL><LI><a href="#[ad]">&gt;&gt;</a>&nbsp;&nbsp;&nbsp;appMenuSyncWindow
</UL>
<BR>[Called By]<UL><LI><a href="#[40]">&gt;&gt;</a>&nbsp;&nbsp;&nbsp;UiThread
</UL>

<P><STRONG><a name="[a9]"></a>appStartSystemTick</STRONG> (Thumb, 96 bytes, Stack size 8 bytes, app_main.o(i.appStartSystemTick))
<BR><BR>[Stack]<UL><LI>Max Depth = 32<LI>Call Chain = appStartSystemTick &rArr; halUartWrite &rArr; drvUsart1Write &rArr; drvUsart1WriteChar
</UL>
<BR>[Calls]<UL><LI><a href="#[6f]">&gt;&gt;</a>&nbsp;&nbsp;&nbsp;halUartWrite
</UL>
<BR>[Called By]<UL><LI><a href="#[a3]">&gt;&gt;</a>&nbsp;&nbsp;&nbsp;appInit
</UL>

<P><STRONG><a name="[a4]"></a>appStateMachineInit</STRONG> (Thumb, 8 bytes, Stack size 0 bytes, app_state_machine.o(i.appStateMachineInit))
<BR><BR>[Called By]<UL><LI><a href="#[a3]">&gt;&gt;</a>&nbsp;&nbsp;&nbsp;appInit
</UL>

<P><STRONG><a name="[9f]"></a>appStateMachineStep</STRONG> (Thumb, 70 bytes, Stack size 0 bytes, app_state_machine.o(i.appStateMachineStep))
<BR><BR>[Called By]<UL><LI><a href="#[70]">&gt;&gt;</a>&nbsp;&nbsp;&nbsp;appFastLoopStep
</UL>

<P><STRONG><a name="[aa]"></a>appTaskControlStart</STRONG> (Thumb, 22 bytes, Stack size 8 bytes, app_task_control.o(i.appTaskControlStart))
<BR><BR>[Stack]<UL><LI>Max Depth = 144<LI>Call Chain = appTaskControlStart &rArr; chThdCreateStatic &rArr; chSchWakeupS &rArr; __sch_ready_behind &rArr; chSftValidateDataPointerX
</UL>
<BR>[Calls]<UL><LI><a href="#[ae]">&gt;&gt;</a>&nbsp;&nbsp;&nbsp;chThdCreateStatic
</UL>
<BR>[Called By]<UL><LI><a href="#[a3]">&gt;&gt;</a>&nbsp;&nbsp;&nbsp;appInit
</UL>

<P><STRONG><a name="[ab]"></a>appTaskUiStart</STRONG> (Thumb, 22 bytes, Stack size 8 bytes, app_task_ui.o(i.appTaskUiStart))
<BR><BR>[Stack]<UL><LI>Max Depth = 144<LI>Call Chain = appTaskUiStart &rArr; chThdCreateStatic &rArr; chSchWakeupS &rArr; __sch_ready_behind &rArr; chSftValidateDataPointerX
</UL>
<BR>[Calls]<UL><LI><a href="#[ae]">&gt;&gt;</a>&nbsp;&nbsp;&nbsp;chThdCreateStatic
</UL>
<BR>[Called By]<UL><LI><a href="#[a3]">&gt;&gt;</a>&nbsp;&nbsp;&nbsp;appInit
</UL>

<P><STRONG><a name="[3c]"></a>chCoreAllocFromTop</STRONG> (Thumb, 36 bytes, Stack size 24 bytes, chmemcore.o(i.chCoreAllocFromTop))
<BR><BR>[Stack]<UL><LI>Max Depth = 44<LI>Call Chain = chCoreAllocFromTop &rArr; chCoreAllocFromTopI
</UL>
<BR>[Calls]<UL><LI><a href="#[af]">&gt;&gt;</a>&nbsp;&nbsp;&nbsp;chCoreAllocFromTopI
<LI><a href="#[b1]">&gt;&gt;</a>&nbsp;&nbsp;&nbsp;chSysUnlock
<LI><a href="#[b0]">&gt;&gt;</a>&nbsp;&nbsp;&nbsp;chSysLock
</UL>
<BR>[Address Reference Count : 1]<UL><LI> chmemheaps.o(i.__heap_init)
</UL>
<P><STRONG><a name="[af]"></a>chCoreAllocFromTopI</STRONG> (Thumb, 60 bytes, Stack size 20 bytes, chmemcore.o(i.chCoreAllocFromTopI))
<BR><BR>[Stack]<UL><LI>Max Depth = 20<LI>Call Chain = chCoreAllocFromTopI
</UL>
<BR>[Called By]<UL><LI><a href="#[3c]">&gt;&gt;</a>&nbsp;&nbsp;&nbsp;chCoreAllocFromTop
<LI><a href="#[3b]">&gt;&gt;</a>&nbsp;&nbsp;&nbsp;chCoreAllocAlignedI
</UL>

<P><STRONG><a name="[8a]"></a>chCoreGetStatusX</STRONG> (Thumb, 20 bytes, Stack size 0 bytes, chmemcore.o(i.chCoreGetStatusX))
<BR><BR>[Called By]<UL><LI><a href="#[89]">&gt;&gt;</a>&nbsp;&nbsp;&nbsp;__heap_init
</UL>

<P><STRONG><a name="[b2]"></a>chInstanceObjectInit</STRONG> (Thumb, 210 bytes, Stack size 48 bytes, chinstances.o(i.chInstanceObjectInit))
<BR><BR>[Stack]<UL><LI>Max Depth = 112<LI>Call Chain = chInstanceObjectInit &rArr; chThdSpawnRunningI &rArr; chSchReadyI &rArr; __sch_ready_behind &rArr; chSftValidateDataPointerX
</UL>
<BR>[Calls]<UL><LI><a href="#[b3]">&gt;&gt;</a>&nbsp;&nbsp;&nbsp;port_init
<LI><a href="#[b6]">&gt;&gt;</a>&nbsp;&nbsp;&nbsp;chThdSpawnRunningI
<LI><a href="#[b5]">&gt;&gt;</a>&nbsp;&nbsp;&nbsp;chThdObjectInit
<LI><a href="#[b4]">&gt;&gt;</a>&nbsp;&nbsp;&nbsp;__aeabi_memcpy4
</UL>
<BR>[Called By]<UL><LI><a href="#[a8]">&gt;&gt;</a>&nbsp;&nbsp;&nbsp;chSysInit
</UL>

<P><STRONG><a name="[86]"></a>chMtxObjectInit</STRONG> (Thumb, 18 bytes, Stack size 0 bytes, chmtx.o(i.chMtxObjectInit))
<BR><BR>[Called By]<UL><LI><a href="#[89]">&gt;&gt;</a>&nbsp;&nbsp;&nbsp;__heap_init
<LI><a href="#[85]">&gt;&gt;</a>&nbsp;&nbsp;&nbsp;__factory_init
</UL>

<P><STRONG><a name="[b7]"></a>chPoolObjectInitAligned</STRONG> (Thumb, 18 bytes, Stack size 8 bytes, chmempools.o(i.chPoolObjectInitAligned))
<BR><BR>[Stack]<UL><LI>Max Depth = 8<LI>Call Chain = chPoolObjectInitAligned
</UL>
<BR>[Called By]<UL><LI><a href="#[88]">&gt;&gt;</a>&nbsp;&nbsp;&nbsp;chPoolObjectInit
</UL>

<P><STRONG><a name="[69]"></a>chSchDoPreemption</STRONG> (Thumb, 52 bytes, Stack size 16 bytes, chschd.o(i.chSchDoPreemption))
<BR><BR>[Stack]<UL><LI>Max Depth = 56<LI>Call Chain = chSchDoPreemption &rArr; __sch_ready_ahead &rArr; chSftValidateDataPointerX
</UL>
<BR>[Calls]<UL><LI><a href="#[b9]">&gt;&gt;</a>&nbsp;&nbsp;&nbsp;__port_switch
<LI><a href="#[b8]">&gt;&gt;</a>&nbsp;&nbsp;&nbsp;ch_pqueue_remove_highest
<LI><a href="#[8c]">&gt;&gt;</a>&nbsp;&nbsp;&nbsp;__sch_ready_ahead
</UL>
<BR>[Called By]<UL><LI><a href="#[3d]">&gt;&gt;</a>&nbsp;&nbsp;&nbsp;__port_switch_from_isr
</UL>

<P><STRONG><a name="[ba]"></a>chSchGoSleepS</STRONG> (Thumb, 60 bytes, Stack size 24 bytes, chschd.o(i.chSchGoSleepS))
<BR><BR>[Stack]<UL><LI>Max Depth = 24<LI>Call Chain = chSchGoSleepS
</UL>
<BR>[Calls]<UL><LI><a href="#[b9]">&gt;&gt;</a>&nbsp;&nbsp;&nbsp;__port_switch
<LI><a href="#[b8]">&gt;&gt;</a>&nbsp;&nbsp;&nbsp;ch_pqueue_remove_highest
</UL>
<BR>[Called By]<UL><LI><a href="#[ce]">&gt;&gt;</a>&nbsp;&nbsp;&nbsp;chThdExitS
<LI><a href="#[bb]">&gt;&gt;</a>&nbsp;&nbsp;&nbsp;chSchGoSleepTimeoutS
</UL>

<P><STRONG><a name="[bb]"></a>chSchGoSleepTimeoutS</STRONG> (Thumb, 70 bytes, Stack size 40 bytes, chschd.o(i.chSchGoSleepTimeoutS))
<BR><BR>[Stack]<UL><LI>Max Depth = 96<LI>Call Chain = chSchGoSleepTimeoutS &rArr; chVTDoSetI &rArr; vt_enqueue &rArr; ch_dlist_insert
</UL>
<BR>[Calls]<UL><LI><a href="#[ba]">&gt;&gt;</a>&nbsp;&nbsp;&nbsp;chSchGoSleepS
<LI><a href="#[bc]">&gt;&gt;</a>&nbsp;&nbsp;&nbsp;chVTDoSetI
<LI><a href="#[bd]">&gt;&gt;</a>&nbsp;&nbsp;&nbsp;chVTDoResetI
</UL>
<BR>[Called By]<UL><LI><a href="#[d2]">&gt;&gt;</a>&nbsp;&nbsp;&nbsp;chThdSleepS
</UL>

<P><STRONG><a name="[8b]"></a>chSchIsPreemptionRequired</STRONG> (Thumb, 24 bytes, Stack size 8 bytes, chschd.o(i.chSchIsPreemptionRequired))
<BR><BR>[Stack]<UL><LI>Max Depth = 8<LI>Call Chain = chSchIsPreemptionRequired
</UL>
<BR>[Called By]<UL><LI><a href="#[79]">&gt;&gt;</a>&nbsp;&nbsp;&nbsp;__port_irq_epilogue
</UL>

<P><STRONG><a name="[be]"></a>chSchReadyI</STRONG> (Thumb, 16 bytes, Stack size 8 bytes, chschd.o(i.chSchReadyI))
<BR><BR>[Stack]<UL><LI>Max Depth = 48<LI>Call Chain = chSchReadyI &rArr; __sch_ready_behind &rArr; chSftValidateDataPointerX
</UL>
<BR>[Calls]<UL><LI><a href="#[8e]">&gt;&gt;</a>&nbsp;&nbsp;&nbsp;__sch_ready_behind
</UL>
<BR>[Called By]<UL><LI><a href="#[ce]">&gt;&gt;</a>&nbsp;&nbsp;&nbsp;chThdExitS
<LI><a href="#[b6]">&gt;&gt;</a>&nbsp;&nbsp;&nbsp;chThdSpawnRunningI
</UL>

<P><STRONG><a name="[bf]"></a>chSchWakeupS</STRONG> (Thumb, 74 bytes, Stack size 24 bytes, chschd.o(i.chSchWakeupS))
<BR><BR>[Stack]<UL><LI>Max Depth = 64<LI>Call Chain = chSchWakeupS &rArr; __sch_ready_behind &rArr; chSftValidateDataPointerX
</UL>
<BR>[Calls]<UL><LI><a href="#[b9]">&gt;&gt;</a>&nbsp;&nbsp;&nbsp;__port_switch
<LI><a href="#[8e]">&gt;&gt;</a>&nbsp;&nbsp;&nbsp;__sch_ready_behind
<LI><a href="#[8c]">&gt;&gt;</a>&nbsp;&nbsp;&nbsp;__sch_ready_ahead
</UL>
<BR>[Called By]<UL><LI><a href="#[ae]">&gt;&gt;</a>&nbsp;&nbsp;&nbsp;chThdCreateStatic
</UL>

<P><STRONG><a name="[c0]"></a>chSysHalt</STRONG> (Thumb, 26 bytes, Stack size 0 bytes, chsys.o(i.chSysHalt))
<BR><BR>[Called By]<UL><LI><a href="#[8d]">&gt;&gt;</a>&nbsp;&nbsp;&nbsp;chSftValidateDataPointerX
</UL>

<P><STRONG><a name="[a8]"></a>chSysInit</STRONG> (Thumb, 116 bytes, Stack size 40 bytes, chsys.o(i.chSysInit))
<BR><BR>[Stack]<UL><LI>Max Depth = 152<LI>Call Chain = chSysInit &rArr; chInstanceObjectInit &rArr; chThdSpawnRunningI &rArr; chSchReadyI &rArr; __sch_ready_behind &rArr; chSftValidateDataPointerX
</UL>
<BR>[Calls]<UL><LI><a href="#[c3]">&gt;&gt;</a>&nbsp;&nbsp;&nbsp;chTMStopMeasurementX
<LI><a href="#[c2]">&gt;&gt;</a>&nbsp;&nbsp;&nbsp;chTMStartMeasurementX
<LI><a href="#[c1]">&gt;&gt;</a>&nbsp;&nbsp;&nbsp;chTMObjectInit
<LI><a href="#[b2]">&gt;&gt;</a>&nbsp;&nbsp;&nbsp;chInstanceObjectInit
<LI><a href="#[89]">&gt;&gt;</a>&nbsp;&nbsp;&nbsp;__heap_init
<LI><a href="#[85]">&gt;&gt;</a>&nbsp;&nbsp;&nbsp;__factory_init
<LI><a href="#[c4]">&gt;&gt;</a>&nbsp;&nbsp;&nbsp;__core_init
<LI><a href="#[c5]">&gt;&gt;</a>&nbsp;&nbsp;&nbsp;chSysUnlock
</UL>
<BR>[Called By]<UL><LI><a href="#[a3]">&gt;&gt;</a>&nbsp;&nbsp;&nbsp;appInit
</UL>

<P><STRONG><a name="[78]"></a>chSysTimerHandlerI</STRONG> (Thumb, 12 bytes, Stack size 8 bytes, chsys.o(i.chSysTimerHandlerI))
<BR><BR>[Stack]<UL><LI>Max Depth = 32<LI>Call Chain = chSysTimerHandlerI &rArr; chVTDoTickI &rArr; ch_dlist_insert
</UL>
<BR>[Calls]<UL><LI><a href="#[c9]">&gt;&gt;</a>&nbsp;&nbsp;&nbsp;chVTDoTickI
</UL>
<BR>[Called By]<UL><LI><a href="#[d]">&gt;&gt;</a>&nbsp;&nbsp;&nbsp;SysTick_Handler
</UL>

<P><STRONG><a name="[c1]"></a>chTMObjectInit</STRONG> (Thumb, 22 bytes, Stack size 0 bytes, chtm.o(i.chTMObjectInit))
<BR><BR>[Called By]<UL><LI><a href="#[a8]">&gt;&gt;</a>&nbsp;&nbsp;&nbsp;chSysInit
</UL>

<P><STRONG><a name="[c2]"></a>chTMStartMeasurementX</STRONG> (Thumb, 10 bytes, Stack size 0 bytes, chtm.o(i.chTMStartMeasurementX))
<BR><BR>[Called By]<UL><LI><a href="#[a8]">&gt;&gt;</a>&nbsp;&nbsp;&nbsp;chSysInit
</UL>

<P><STRONG><a name="[c3]"></a>chTMStopMeasurementX</STRONG> (Thumb, 26 bytes, Stack size 16 bytes, chtm.o(i.chTMStopMeasurementX))
<BR><BR>[Stack]<UL><LI>Max Depth = 32<LI>Call Chain = chTMStopMeasurementX &rArr; tm_stop
</UL>
<BR>[Calls]<UL><LI><a href="#[cc]">&gt;&gt;</a>&nbsp;&nbsp;&nbsp;tm_stop
</UL>
<BR>[Called By]<UL><LI><a href="#[a8]">&gt;&gt;</a>&nbsp;&nbsp;&nbsp;chSysInit
</UL>

<P><STRONG><a name="[ae]"></a>chThdCreateStatic</STRONG> (Thumb, 144 bytes, Stack size 72 bytes, chthreads.o(i.chThdCreateStatic))
<BR><BR>[Stack]<UL><LI>Max Depth = 136<LI>Call Chain = chThdCreateStatic &rArr; chSchWakeupS &rArr; __sch_ready_behind &rArr; chSftValidateDataPointerX
</UL>
<BR>[Calls]<UL><LI><a href="#[cd]">&gt;&gt;</a>&nbsp;&nbsp;&nbsp;ch_queue_insert
<LI><a href="#[cb]">&gt;&gt;</a>&nbsp;&nbsp;&nbsp;chSysUnlock
<LI><a href="#[c6]">&gt;&gt;</a>&nbsp;&nbsp;&nbsp;chSysLock
<LI><a href="#[b5]">&gt;&gt;</a>&nbsp;&nbsp;&nbsp;chThdObjectInit
<LI><a href="#[bf]">&gt;&gt;</a>&nbsp;&nbsp;&nbsp;chSchWakeupS
<LI><a href="#[b4]">&gt;&gt;</a>&nbsp;&nbsp;&nbsp;__aeabi_memcpy4
</UL>
<BR>[Called By]<UL><LI><a href="#[ab]">&gt;&gt;</a>&nbsp;&nbsp;&nbsp;appTaskUiStart
<LI><a href="#[aa]">&gt;&gt;</a>&nbsp;&nbsp;&nbsp;appTaskControlStart
</UL>

<P><STRONG><a name="[68]"></a>chThdExit</STRONG> (Thumb, 16 bytes, Stack size 8 bytes, chthreads.o(i.chThdExit))
<BR><BR>[Stack]<UL><LI>Max Depth = 72<LI>Call Chain = chThdExit &rArr; chThdExitS &rArr; chSchReadyI &rArr; __sch_ready_behind &rArr; chSftValidateDataPointerX
</UL>
<BR>[Calls]<UL><LI><a href="#[ce]">&gt;&gt;</a>&nbsp;&nbsp;&nbsp;chThdExitS
<LI><a href="#[c6]">&gt;&gt;</a>&nbsp;&nbsp;&nbsp;chSysLock
</UL>
<BR>[Called By]<UL><LI><a href="#[42]">&gt;&gt;</a>&nbsp;&nbsp;&nbsp;__port_thread_start
</UL>

<P><STRONG><a name="[ce]"></a>chThdExitS</STRONG> (Thumb, 86 bytes, Stack size 16 bytes, chthreads.o(i.chThdExitS))
<BR><BR>[Stack]<UL><LI>Max Depth = 64<LI>Call Chain = chThdExitS &rArr; chSchReadyI &rArr; __sch_ready_behind &rArr; chSftValidateDataPointerX
</UL>
<BR>[Calls]<UL><LI><a href="#[d0]">&gt;&gt;</a>&nbsp;&nbsp;&nbsp;ch_queue_dequeue
<LI><a href="#[cf]">&gt;&gt;</a>&nbsp;&nbsp;&nbsp;chThdGetSelfX
<LI><a href="#[be]">&gt;&gt;</a>&nbsp;&nbsp;&nbsp;chSchReadyI
<LI><a href="#[ba]">&gt;&gt;</a>&nbsp;&nbsp;&nbsp;chSchGoSleepS
</UL>
<BR>[Called By]<UL><LI><a href="#[68]">&gt;&gt;</a>&nbsp;&nbsp;&nbsp;chThdExit
</UL>

<P><STRONG><a name="[b5]"></a>chThdObjectInit</STRONG> (Thumb, 96 bytes, Stack size 16 bytes, chthreads.o(i.chThdObjectInit))
<BR><BR>[Stack]<UL><LI>Max Depth = 16<LI>Call Chain = chThdObjectInit
</UL>
<BR>[Calls]<UL><LI><a href="#[d1]">&gt;&gt;</a>&nbsp;&nbsp;&nbsp;ch_queue_init
</UL>
<BR>[Called By]<UL><LI><a href="#[ae]">&gt;&gt;</a>&nbsp;&nbsp;&nbsp;chThdCreateStatic
<LI><a href="#[b2]">&gt;&gt;</a>&nbsp;&nbsp;&nbsp;chInstanceObjectInit
<LI><a href="#[d3]">&gt;&gt;</a>&nbsp;&nbsp;&nbsp;chThdSpawnSuspendedI
</UL>

<P><STRONG><a name="[71]"></a>chThdSleep</STRONG> (Thumb, 20 bytes, Stack size 8 bytes, chthreads.o(i.chThdSleep))
<BR><BR>[Stack]<UL><LI>Max Depth = 112<LI>Call Chain = chThdSleep &rArr; chThdSleepS &rArr; chSchGoSleepTimeoutS &rArr; chVTDoSetI &rArr; vt_enqueue &rArr; ch_dlist_insert
</UL>
<BR>[Calls]<UL><LI><a href="#[d2]">&gt;&gt;</a>&nbsp;&nbsp;&nbsp;chThdSleepS
<LI><a href="#[cb]">&gt;&gt;</a>&nbsp;&nbsp;&nbsp;chSysUnlock
<LI><a href="#[c6]">&gt;&gt;</a>&nbsp;&nbsp;&nbsp;chSysLock
</UL>
<BR>[Called By]<UL><LI><a href="#[40]">&gt;&gt;</a>&nbsp;&nbsp;&nbsp;UiThread
<LI><a href="#[3f]">&gt;&gt;</a>&nbsp;&nbsp;&nbsp;ControlThread
<LI><a href="#[a3]">&gt;&gt;</a>&nbsp;&nbsp;&nbsp;appInit
</UL>

<P><STRONG><a name="[b6]"></a>chThdSpawnRunningI</STRONG> (Thumb, 22 bytes, Stack size 16 bytes, chthreads.o(i.chThdSpawnRunningI))
<BR><BR>[Stack]<UL><LI>Max Depth = 64<LI>Call Chain = chThdSpawnRunningI &rArr; chSchReadyI &rArr; __sch_ready_behind &rArr; chSftValidateDataPointerX
</UL>
<BR>[Calls]<UL><LI><a href="#[d3]">&gt;&gt;</a>&nbsp;&nbsp;&nbsp;chThdSpawnSuspendedI
<LI><a href="#[be]">&gt;&gt;</a>&nbsp;&nbsp;&nbsp;chSchReadyI
</UL>
<BR>[Called By]<UL><LI><a href="#[b2]">&gt;&gt;</a>&nbsp;&nbsp;&nbsp;chInstanceObjectInit
</UL>

<P><STRONG><a name="[d3]"></a>chThdSpawnSuspendedI</STRONG> (Thumb, 74 bytes, Stack size 16 bytes, chthreads.o(i.chThdSpawnSuspendedI))
<BR><BR>[Stack]<UL><LI>Max Depth = 32<LI>Call Chain = chThdSpawnSuspendedI &rArr; chThdObjectInit
</UL>
<BR>[Calls]<UL><LI><a href="#[cd]">&gt;&gt;</a>&nbsp;&nbsp;&nbsp;ch_queue_insert
<LI><a href="#[b5]">&gt;&gt;</a>&nbsp;&nbsp;&nbsp;chThdObjectInit
</UL>
<BR>[Called By]<UL><LI><a href="#[b6]">&gt;&gt;</a>&nbsp;&nbsp;&nbsp;chThdSpawnRunningI
</UL>

<P><STRONG><a name="[bd]"></a>chVTDoResetI</STRONG> (Thumb, 42 bytes, Stack size 16 bytes, chvt.o(i.chVTDoResetI))
<BR><BR>[Stack]<UL><LI>Max Depth = 16<LI>Call Chain = chVTDoResetI
</UL>
<BR>[Calls]<UL><LI><a href="#[d4]">&gt;&gt;</a>&nbsp;&nbsp;&nbsp;ch_dlist_dequeue
</UL>
<BR>[Called By]<UL><LI><a href="#[bb]">&gt;&gt;</a>&nbsp;&nbsp;&nbsp;chSchGoSleepTimeoutS
</UL>

<P><STRONG><a name="[bc]"></a>chVTDoSetI</STRONG> (Thumb, 42 bytes, Stack size 24 bytes, chvt.o(i.chVTDoSetI))
<BR><BR>[Stack]<UL><LI>Max Depth = 56<LI>Call Chain = chVTDoSetI &rArr; vt_enqueue &rArr; ch_dlist_insert
</UL>
<BR>[Calls]<UL><LI><a href="#[d5]">&gt;&gt;</a>&nbsp;&nbsp;&nbsp;vt_enqueue
</UL>
<BR>[Called By]<UL><LI><a href="#[bb]">&gt;&gt;</a>&nbsp;&nbsp;&nbsp;chSchGoSleepTimeoutS
</UL>

<P><STRONG><a name="[c9]"></a>chVTDoTickI</STRONG> (Thumb, 118 bytes, Stack size 16 bytes, chvt.o(i.chVTDoTickI))
<BR><BR>[Stack]<UL><LI>Max Depth = 24<LI>Call Chain = chVTDoTickI &rArr; ch_dlist_insert
</UL>
<BR>[Calls]<UL><LI><a href="#[d7]">&gt;&gt;</a>&nbsp;&nbsp;&nbsp;ch_dlist_insert
<LI><a href="#[d4]">&gt;&gt;</a>&nbsp;&nbsp;&nbsp;ch_dlist_dequeue
<LI><a href="#[d6]">&gt;&gt;</a>&nbsp;&nbsp;&nbsp;__set_BASEPRI
</UL>
<BR>[Called By]<UL><LI><a href="#[78]">&gt;&gt;</a>&nbsp;&nbsp;&nbsp;chSysTimerHandlerI
</UL>

<P><STRONG><a name="[111]"></a>drvAdc1GetLatest</STRONG> (Thumb, 160 bytes, Stack size 0 bytes, drv_adc1.o(i.drvAdc1GetLatest))
<BR><BR>[Called By]<UL><LI><a href="#[9d]">&gt;&gt;</a>&nbsp;&nbsp;&nbsp;halSenseGetFeedbackSnapshot
</UL>

<P><STRONG><a name="[112]"></a>drvAdc1Init</STRONG> (Thumb, 44 bytes, Stack size 0 bytes, drv_adc1.o(i.drvAdc1Init))
<BR><BR>[Called By]<UL><LI><a href="#[f5]">&gt;&gt;</a>&nbsp;&nbsp;&nbsp;halSenseInit
</UL>

<P><STRONG><a name="[fa]"></a>drvGatePinInit</STRONG> (Thumb, 8 bytes, Stack size 0 bytes, drv_gpio.o(i.drvGatePinInit))
<BR><BR>[Called By]<UL><LI><a href="#[f7]">&gt;&gt;</a>&nbsp;&nbsp;&nbsp;halGateInit
</UL>

<P><STRONG><a name="[fc]"></a>drvGatePinRead</STRONG> (Thumb, 6 bytes, Stack size 0 bytes, drv_gpio.o(i.drvGatePinRead))
<BR><BR>[Called By]<UL><LI><a href="#[a1]">&gt;&gt;</a>&nbsp;&nbsp;&nbsp;halGateIsEnabled
</UL>

<P><STRONG><a name="[fb]"></a>drvGatePinWrite</STRONG> (Thumb, 6 bytes, Stack size 0 bytes, drv_gpio.o(i.drvGatePinWrite))
<BR><BR>[Called By]<UL><LI><a href="#[a0]">&gt;&gt;</a>&nbsp;&nbsp;&nbsp;halGateSetEnabled
<LI><a href="#[f7]">&gt;&gt;</a>&nbsp;&nbsp;&nbsp;halGateInit
</UL>

<P><STRONG><a name="[f3]"></a>drvGpioInit</STRONG> (Thumb, 8 bytes, Stack size 0 bytes, drv_gpio.o(i.drvGpioInit))
<BR><BR>[Called By]<UL><LI><a href="#[a6]">&gt;&gt;</a>&nbsp;&nbsp;&nbsp;halBoardInit
</UL>

<P><STRONG><a name="[f4]"></a>drvIrqInit</STRONG> (Thumb, 2 bytes, Stack size 0 bytes, drv_irq.o(i.drvIrqInit))
<BR><BR>[Called By]<UL><LI><a href="#[a6]">&gt;&gt;</a>&nbsp;&nbsp;&nbsp;halBoardInit
</UL>

<P><STRONG><a name="[fd]"></a>drvKeysGetState</STRONG> (Thumb, 16 bytes, Stack size 8 bytes, drv_keys.o(i.drvKeysGetState))
<BR><BR>[Stack]<UL><LI>Max Depth = 8<LI>Call Chain = drvKeysGetState
</UL>
<BR>[Called By]<UL><LI><a href="#[7e]">&gt;&gt;</a>&nbsp;&nbsp;&nbsp;halKeysPoll
</UL>

<P><STRONG><a name="[d8]"></a>drvKeysInit</STRONG> (Thumb, 52 bytes, Stack size 8 bytes, drv_keys.o(i.drvKeysInit))
<BR><BR>[Stack]<UL><LI>Max Depth = 32<LI>Call Chain = drvKeysInit &rArr; GPIO_Init
</UL>
<BR>[Calls]<UL><LI><a href="#[da]">&gt;&gt;</a>&nbsp;&nbsp;&nbsp;GPIO_Init
<LI><a href="#[d9]">&gt;&gt;</a>&nbsp;&nbsp;&nbsp;RCC_APB2PeriphClockCmd
</UL>
<BR>[Called By]<UL><LI><a href="#[f9]">&gt;&gt;</a>&nbsp;&nbsp;&nbsp;halKeysInit
</UL>

<P><STRONG><a name="[dd]"></a>drvKeysScan</STRONG> (Thumb, 126 bytes, Stack size 16 bytes, drv_keys.o(i.drvKeysScan))
<BR><BR>[Stack]<UL><LI>Max Depth = 24<LI>Call Chain = drvKeysScan &rArr; drvKeysReadRawPressed
</UL>
<BR>[Calls]<UL><LI><a href="#[db]">&gt;&gt;</a>&nbsp;&nbsp;&nbsp;drvKeysReadRawPressed
</UL>
<BR>[Called By]<UL><LI><a href="#[7e]">&gt;&gt;</a>&nbsp;&nbsp;&nbsp;halKeysPoll
</UL>

<P><STRONG><a name="[48]"></a>drvOledU8g2Display</STRONG> (Thumb, 172 bytes, Stack size 24 bytes, drv_oled_u8g2_display.o(i.drvOledU8g2Display))
<BR><BR>[Stack]<UL><LI>Max Depth = 80<LI>Call Chain = drvOledU8g2Display &rArr; drvOledDrawTiles &rArr; u8x8_cad_SendData
</UL>
<BR>[Calls]<UL><LI><a href="#[e5]">&gt;&gt;</a>&nbsp;&nbsp;&nbsp;u8x8_d_helper_display_setup_memory
<LI><a href="#[e6]">&gt;&gt;</a>&nbsp;&nbsp;&nbsp;u8x8_d_helper_display_init
<LI><a href="#[df]">&gt;&gt;</a>&nbsp;&nbsp;&nbsp;u8x8_cad_StartTransfer
<LI><a href="#[e7]">&gt;&gt;</a>&nbsp;&nbsp;&nbsp;u8x8_cad_SendSequence
<LI><a href="#[e0]">&gt;&gt;</a>&nbsp;&nbsp;&nbsp;u8x8_cad_SendCmd
<LI><a href="#[e8]">&gt;&gt;</a>&nbsp;&nbsp;&nbsp;u8x8_cad_SendArg
<LI><a href="#[e2]">&gt;&gt;</a>&nbsp;&nbsp;&nbsp;u8x8_cad_EndTransfer
<LI><a href="#[de]">&gt;&gt;</a>&nbsp;&nbsp;&nbsp;drvOledDrawTiles
</UL>
<BR>[Address Reference Count : 1]<UL><LI> drv_oled_u8g2_setup.o(i.u8g2_Setup_ssd1306_i2c_64x32_1f_1)
</UL>
<P><STRONG><a name="[43]"></a>drvOledU8g2GpioAndDelay</STRONG> (Thumb, 146 bytes, Stack size 24 bytes, drv_oled_u8g2_port.o(i.drvOledU8g2GpioAndDelay))
<BR><BR>[Stack]<UL><LI>Max Depth = 56<LI>Call Chain = drvOledU8g2GpioAndDelay &rArr; drvOledU8g2PortInit &rArr; GPIO_Init
</UL>
<BR>[Calls]<UL><LI><a href="#[ea]">&gt;&gt;</a>&nbsp;&nbsp;&nbsp;drvOledU8g2WritePin
<LI><a href="#[e9]">&gt;&gt;</a>&nbsp;&nbsp;&nbsp;drvOledU8g2PortInit
<LI><a href="#[e3]">&gt;&gt;</a>&nbsp;&nbsp;&nbsp;drvOledU8g2DelayUs
<LI><a href="#[e4]">&gt;&gt;</a>&nbsp;&nbsp;&nbsp;drvOledU8g2BusyWait
</UL>
<BR>[Address Reference Count : 1]<UL><LI> hal_oled_if.o(i.halOledInit)
</UL>
<P><STRONG><a name="[fe]"></a>drvTim1PwmApply</STRONG> (Thumb, 18 bytes, Stack size 0 bytes, drv_tim1_pwm.o(i.drvTim1PwmApply))
<BR><BR>[Called By]<UL><LI><a href="#[a2]">&gt;&gt;</a>&nbsp;&nbsp;&nbsp;halMotorApplyOutput
</UL>

<P><STRONG><a name="[ff]"></a>drvTim1PwmInit</STRONG> (Thumb, 14 bytes, Stack size 0 bytes, drv_tim1_pwm.o(i.drvTim1PwmInit))
<BR><BR>[Called By]<UL><LI><a href="#[f6]">&gt;&gt;</a>&nbsp;&nbsp;&nbsp;halMotorInit
</UL>

<P><STRONG><a name="[eb]"></a>drvUsart1Init</STRONG> (Thumb, 132 bytes, Stack size 24 bytes, drv_usart1.o(i.drvUsart1Init))
<BR><BR>[Stack]<UL><LI>Max Depth = 92<LI>Call Chain = drvUsart1Init &rArr; USART_Init &rArr; RCC_GetClocksFreq
</UL>
<BR>[Calls]<UL><LI><a href="#[da]">&gt;&gt;</a>&nbsp;&nbsp;&nbsp;GPIO_Init
<LI><a href="#[d9]">&gt;&gt;</a>&nbsp;&nbsp;&nbsp;RCC_APB2PeriphClockCmd
<LI><a href="#[ec]">&gt;&gt;</a>&nbsp;&nbsp;&nbsp;USART_StructInit
<LI><a href="#[7a]">&gt;&gt;</a>&nbsp;&nbsp;&nbsp;USART_Init
<LI><a href="#[ed]">&gt;&gt;</a>&nbsp;&nbsp;&nbsp;USART_Cmd
</UL>
<BR>[Called By]<UL><LI><a href="#[f8]">&gt;&gt;</a>&nbsp;&nbsp;&nbsp;halUartInit
</UL>

<P><STRONG><a name="[f2]"></a>drvUsart1IsReady</STRONG> (Thumb, 6 bytes, Stack size 0 bytes, drv_usart1.o(i.drvUsart1IsReady))
<BR><BR>[Called By]<UL><LI><a href="#[6d]">&gt;&gt;</a>&nbsp;&nbsp;&nbsp;faultLogAndHalt
</UL>

<P><STRONG><a name="[ee]"></a>drvUsart1Write</STRONG> (Thumb, 52 bytes, Stack size 8 bytes, drv_usart1.o(i.drvUsart1Write))
<BR><BR>[Stack]<UL><LI>Max Depth = 16<LI>Call Chain = drvUsart1Write &rArr; drvUsart1WriteChar
</UL>
<BR>[Calls]<UL><LI><a href="#[f0]">&gt;&gt;</a>&nbsp;&nbsp;&nbsp;USART_GetFlagStatus
<LI><a href="#[ef]">&gt;&gt;</a>&nbsp;&nbsp;&nbsp;drvUsart1WriteChar
</UL>
<BR>[Called By]<UL><LI><a href="#[6d]">&gt;&gt;</a>&nbsp;&nbsp;&nbsp;faultLogAndHalt
<LI><a href="#[6f]">&gt;&gt;</a>&nbsp;&nbsp;&nbsp;halUartWrite
</UL>

<P><STRONG><a name="[ef]"></a>drvUsart1WriteChar</STRONG> (Thumb, 38 bytes, Stack size 8 bytes, drv_usart1.o(i.drvUsart1WriteChar))
<BR><BR>[Stack]<UL><LI>Max Depth = 8<LI>Call Chain = drvUsart1WriteChar
</UL>
<BR>[Calls]<UL><LI><a href="#[f1]">&gt;&gt;</a>&nbsp;&nbsp;&nbsp;USART_SendData
<LI><a href="#[f0]">&gt;&gt;</a>&nbsp;&nbsp;&nbsp;USART_GetFlagStatus
</UL>
<BR>[Called By]<UL><LI><a href="#[ee]">&gt;&gt;</a>&nbsp;&nbsp;&nbsp;drvUsart1Write
</UL>

<P><STRONG><a name="[a6]"></a>halBoardInit</STRONG> (Thumb, 32 bytes, Stack size 8 bytes, hal_board.o(i.halBoardInit))
<BR><BR>[Stack]<UL><LI>Max Depth = 108<LI>Call Chain = halBoardInit &rArr; halUartInit &rArr; drvUsart1Init &rArr; USART_Init &rArr; RCC_GetClocksFreq
</UL>
<BR>[Calls]<UL><LI><a href="#[f5]">&gt;&gt;</a>&nbsp;&nbsp;&nbsp;halSenseInit
<LI><a href="#[f6]">&gt;&gt;</a>&nbsp;&nbsp;&nbsp;halMotorInit
<LI><a href="#[f8]">&gt;&gt;</a>&nbsp;&nbsp;&nbsp;halUartInit
<LI><a href="#[f9]">&gt;&gt;</a>&nbsp;&nbsp;&nbsp;halKeysInit
<LI><a href="#[f7]">&gt;&gt;</a>&nbsp;&nbsp;&nbsp;halGateInit
<LI><a href="#[f4]">&gt;&gt;</a>&nbsp;&nbsp;&nbsp;drvIrqInit
<LI><a href="#[f3]">&gt;&gt;</a>&nbsp;&nbsp;&nbsp;drvGpioInit
</UL>
<BR>[Called By]<UL><LI><a href="#[a3]">&gt;&gt;</a>&nbsp;&nbsp;&nbsp;appInit
</UL>

<P><STRONG><a name="[f7]"></a>halGateInit</STRONG> (Thumb, 14 bytes, Stack size 8 bytes, hal_gate_if.o(i.halGateInit))
<BR><BR>[Stack]<UL><LI>Max Depth = 8<LI>Call Chain = halGateInit
</UL>
<BR>[Calls]<UL><LI><a href="#[fb]">&gt;&gt;</a>&nbsp;&nbsp;&nbsp;drvGatePinWrite
<LI><a href="#[fa]">&gt;&gt;</a>&nbsp;&nbsp;&nbsp;drvGatePinInit
</UL>
<BR>[Called By]<UL><LI><a href="#[a6]">&gt;&gt;</a>&nbsp;&nbsp;&nbsp;halBoardInit
</UL>

<P><STRONG><a name="[a1]"></a>halGateIsEnabled</STRONG> (Thumb, 8 bytes, Stack size 8 bytes, hal_gate_if.o(i.halGateIsEnabled))
<BR><BR>[Stack]<UL><LI>Max Depth = 8<LI>Call Chain = halGateIsEnabled
</UL>
<BR>[Calls]<UL><LI><a href="#[fc]">&gt;&gt;</a>&nbsp;&nbsp;&nbsp;drvGatePinRead
</UL>
<BR>[Called By]<UL><LI><a href="#[70]">&gt;&gt;</a>&nbsp;&nbsp;&nbsp;appFastLoopStep
</UL>

<P><STRONG><a name="[a0]"></a>halGateSetEnabled</STRONG> (Thumb, 12 bytes, Stack size 8 bytes, hal_gate_if.o(i.halGateSetEnabled))
<BR><BR>[Stack]<UL><LI>Max Depth = 8<LI>Call Chain = halGateSetEnabled
</UL>
<BR>[Calls]<UL><LI><a href="#[fb]">&gt;&gt;</a>&nbsp;&nbsp;&nbsp;drvGatePinWrite
</UL>
<BR>[Called By]<UL><LI><a href="#[70]">&gt;&gt;</a>&nbsp;&nbsp;&nbsp;appFastLoopStep
</UL>

<P><STRONG><a name="[f9]"></a>halKeysInit</STRONG> (Thumb, 14 bytes, Stack size 8 bytes, hal_keys_if.o(i.halKeysInit))
<BR><BR>[Stack]<UL><LI>Max Depth = 40<LI>Call Chain = halKeysInit &rArr; drvKeysInit &rArr; GPIO_Init
</UL>
<BR>[Calls]<UL><LI><a href="#[d8]">&gt;&gt;</a>&nbsp;&nbsp;&nbsp;drvKeysInit
</UL>
<BR>[Called By]<UL><LI><a href="#[a6]">&gt;&gt;</a>&nbsp;&nbsp;&nbsp;halBoardInit
</UL>

<P><STRONG><a name="[7e]"></a>halKeysPoll</STRONG> (Thumb, 94 bytes, Stack size 16 bytes, hal_keys_if.o(i.halKeysPoll))
<BR><BR>[Stack]<UL><LI>Max Depth = 40<LI>Call Chain = halKeysPoll &rArr; drvKeysScan &rArr; drvKeysReadRawPressed
</UL>
<BR>[Calls]<UL><LI><a href="#[dd]">&gt;&gt;</a>&nbsp;&nbsp;&nbsp;drvKeysScan
<LI><a href="#[fd]">&gt;&gt;</a>&nbsp;&nbsp;&nbsp;drvKeysGetState
</UL>
<BR>[Called By]<UL><LI><a href="#[40]">&gt;&gt;</a>&nbsp;&nbsp;&nbsp;UiThread
</UL>

<P><STRONG><a name="[a2]"></a>halMotorApplyOutput</STRONG> (Thumb, 42 bytes, Stack size 16 bytes, hal_motor_if.o(i.halMotorApplyOutput))
<BR><BR>[Stack]<UL><LI>Max Depth = 16<LI>Call Chain = halMotorApplyOutput
</UL>
<BR>[Calls]<UL><LI><a href="#[fe]">&gt;&gt;</a>&nbsp;&nbsp;&nbsp;drvTim1PwmApply
</UL>
<BR>[Called By]<UL><LI><a href="#[70]">&gt;&gt;</a>&nbsp;&nbsp;&nbsp;appFastLoopStep
</UL>

<P><STRONG><a name="[f6]"></a>halMotorInit</STRONG> (Thumb, 8 bytes, Stack size 8 bytes, hal_motor_if.o(i.halMotorInit))
<BR><BR>[Stack]<UL><LI>Max Depth = 8<LI>Call Chain = halMotorInit
</UL>
<BR>[Calls]<UL><LI><a href="#[ff]">&gt;&gt;</a>&nbsp;&nbsp;&nbsp;drvTim1PwmInit
</UL>
<BR>[Called By]<UL><LI><a href="#[a6]">&gt;&gt;</a>&nbsp;&nbsp;&nbsp;halBoardInit
</UL>

<P><STRONG><a name="[7c]"></a>halOledInit</STRONG> (Thumb, 66 bytes, Stack size 8 bytes, hal_oled_if.o(i.halOledInit))
<BR><BR>[Stack]<UL><LI>Max Depth = 120<LI>Call Chain = halOledInit &rArr; u8g2_ClearDisplay &rArr; u8g2_NextPage &rArr; u8g2_send_buffer &rArr; u8g2_send_tile_row &rArr; u8x8_DrawTile
</UL>
<BR>[Calls]<UL><LI><a href="#[10b]">&gt;&gt;</a>&nbsp;&nbsp;&nbsp;u8x8_SetPowerSave
<LI><a href="#[10a]">&gt;&gt;</a>&nbsp;&nbsp;&nbsp;u8x8_InitDisplay
<LI><a href="#[109]">&gt;&gt;</a>&nbsp;&nbsp;&nbsp;u8g2_Setup_ssd1306_i2c_64x32_1f_1
<LI><a href="#[10d]">&gt;&gt;</a>&nbsp;&nbsp;&nbsp;u8g2_SetFontMode
<LI><a href="#[10c]">&gt;&gt;</a>&nbsp;&nbsp;&nbsp;u8g2_SetFont
<LI><a href="#[10e]">&gt;&gt;</a>&nbsp;&nbsp;&nbsp;u8g2_ClearDisplay
</UL>
<BR>[Called By]<UL><LI><a href="#[40]">&gt;&gt;</a>&nbsp;&nbsp;&nbsp;UiThread
</UL>

[...]
</UL>
<BR>[Calls]<UL><LI><a href="#[8d]">&gt;&gt;</a>&nbsp;&nbsp;&nbsp;chSftValidateDataPointerX
</UL>
<BR>[Called By]<UL><LI><a href="#[69]">&gt;&gt;</a>&nbsp;&nbsp;&nbsp;chSchDoPreemption
<LI><a href="#[bf]">&gt;&gt;</a>&nbsp;&nbsp;&nbsp;chSchWakeupS
</UL>

<P><STRONG><a name="[8e]"></a>__sch_ready_behind</STRONG> (Thumb, 64 bytes, Stack size 24 bytes, chschd.o(i.__sch_ready_behind))
<BR><BR>[Stack]<UL><LI>Max Depth = 40<LI>Call Chain = __sch_ready_behind &rArr; chSftValidateDataPointerX
</UL>
<BR>[Calls]<UL><LI><a href="#[8d]">&gt;&gt;</a>&nbsp;&nbsp;&nbsp;chSftValidateDataPointerX
</UL>
<BR>[Called By]<UL><LI><a href="#[bf]">&gt;&gt;</a>&nbsp;&nbsp;&nbsp;chSchWakeupS
<LI><a href="#[be]">&gt;&gt;</a>&nbsp;&nbsp;&nbsp;chSchReadyI
<LI><a href="#[41]">&gt;&gt;</a>&nbsp;&nbsp;&nbsp;__sch_wakeup
</UL>

<P><STRONG><a name="[41]"></a>__sch_wakeup</STRONG> (Thumb, 128 bytes, Stack size 16 bytes, chschd.o(i.__sch_wakeup))
<BR><BR>[Stack]<UL><LI>Max Depth = 56<LI>Call Chain = __sch_wakeup &rArr; __sch_ready_behind &rArr; chSftValidateDataPointerX
</UL>
<BR>[Calls]<UL><LI><a href="#[90]">&gt;&gt;</a>&nbsp;&nbsp;&nbsp;chSysUnlockFromISR
<LI><a href="#[8f]">&gt;&gt;</a>&nbsp;&nbsp;&nbsp;__set_BASEPRI
<LI><a href="#[8e]">&gt;&gt;</a>&nbsp;&nbsp;&nbsp;__sch_ready_behind
</UL>
<BR>[Address Reference Count : 1]<UL><LI> chschd.o(i.chSchGoSleepTimeoutS)
</UL>
<P><STRONG><a name="[8f]"></a>__set_BASEPRI</STRONG> (Thumb, 8 bytes, Stack size 0 bytes, chschd.o(i.__set_BASEPRI))
<BR><BR>[Called By]<UL><LI><a href="#[90]">&gt;&gt;</a>&nbsp;&nbsp;&nbsp;chSysUnlockFromISR
<LI><a href="#[41]">&gt;&gt;</a>&nbsp;&nbsp;&nbsp;__sch_wakeup
</UL>

<P><STRONG><a name="[8d]"></a>chSftValidateDataPointerX</STRONG> (Thumb, 40 bytes, Stack size 16 bytes, chschd.o(i.chSftValidateDataPointerX))
<BR><BR>[Stack]<UL><LI>Max Depth = 16<LI>Call Chain = chSftValidateDataPointerX
</UL>
<BR>[Calls]<UL><LI><a href="#[c0]">&gt;&gt;</a>&nbsp;&nbsp;&nbsp;chSysHalt
</UL>
<BR>[Called By]<UL><LI><a href="#[8e]">&gt;&gt;</a>&nbsp;&nbsp;&nbsp;__sch_ready_behind
<LI><a href="#[8c]">&gt;&gt;</a>&nbsp;&nbsp;&nbsp;__sch_ready_ahead
</UL>

<P><STRONG><a name="[90]"></a>chSysUnlockFromISR</STRONG> (Thumb, 18 bytes, Stack size 8 bytes, chschd.o(i.chSysUnlockFromISR))
<BR><BR>[Stack]<UL><LI>Max Depth = 8<LI>Call Chain = chSysUnlockFromISR
</UL>
<BR>[Calls]<UL><LI><a href="#[8f]">&gt;&gt;</a>&nbsp;&nbsp;&nbsp;__set_BASEPRI
</UL>
<BR>[Called By]<UL><LI><a href="#[41]">&gt;&gt;</a>&nbsp;&nbsp;&nbsp;__sch_wakeup
</UL>

<P><STRONG><a name="[b8]"></a>ch_pqueue_remove_highest</STRONG> (Thumb, 14 bytes, Stack size 0 bytes, chschd.o(i.ch_pqueue_remove_highest))
<BR><BR>[Called By]<UL><LI><a href="#[69]">&gt;&gt;</a>&nbsp;&nbsp;&nbsp;chSchDoPreemption
<LI><a href="#[ba]">&gt;&gt;</a>&nbsp;&nbsp;&nbsp;chSchGoSleepS
</UL>

<P><STRONG><a name="[4b]"></a>__idle_thread</STRONG> (Thumb, 12 bytes, Stack size 0 bytes, chinstances.o(i.__idle_thread))
<BR>[Address Reference Count : 1]<UL><LI> chinstances.o(.constdata)
</UL>
<P><STRONG><a name="[c7]"></a>__set_BASEPRI</STRONG> (Thumb, 8 bytes, Stack size 0 bytes, chthreads.o(i.__set_BASEPRI))
<BR><BR>[Called By]<UL><LI><a href="#[cb]">&gt;&gt;</a>&nbsp;&nbsp;&nbsp;chSysUnlock
<LI><a href="#[c6]">&gt;&gt;</a>&nbsp;&nbsp;&nbsp;chSysLock
</UL>

<P><STRONG><a name="[c6]"></a>chSysLock</STRONG> (Thumb, 14 bytes, Stack size 8 bytes, chthreads.o(i.chSysLock))
<BR><BR>[Stack]<UL><LI>Max Depth = 8<LI>Call Chain = chSysLock
</UL>
<BR>[Calls]<UL><LI><a href="#[c7]">&gt;&gt;</a>&nbsp;&nbsp;&nbsp;__set_BASEPRI
</UL>
<BR>[Called By]<UL><LI><a href="#[ae]">&gt;&gt;</a>&nbsp;&nbsp;&nbsp;chThdCreateStatic
<LI><a href="#[71]">&gt;&gt;</a>&nbsp;&nbsp;&nbsp;chThdSleep
<LI><a href="#[68]">&gt;&gt;</a>&nbsp;&nbsp;&nbsp;chThdExit
</UL>

<P><STRONG><a name="[cb]"></a>chSysUnlock</STRONG> (Thumb, 18 bytes, Stack size 8 bytes, chthreads.o(i.chSysUnlock))
<BR><BR>[Stack]<UL><LI>Max Depth = 8<LI>Call Chain = chSysUnlock
</UL>
<BR>[Calls]<UL><LI><a href="#[c7]">&gt;&gt;</a>&nbsp;&nbsp;&nbsp;__set_BASEPRI
</UL>
<BR>[Called By]<UL><LI><a href="#[ae]">&gt;&gt;</a>&nbsp;&nbsp;&nbsp;chThdCreateStatic
<LI><a href="#[71]">&gt;&gt;</a>&nbsp;&nbsp;&nbsp;chThdSleep
</UL>

<P><STRONG><a name="[cf]"></a>chThdGetSelfX</STRONG> (Thumb, 6 bytes, Stack size 0 bytes, chthreads.o(i.chThdGetSelfX))
<BR><BR>[Called By]<UL><LI><a href="#[ce]">&gt;&gt;</a>&nbsp;&nbsp;&nbsp;chThdExitS
</UL>

<P><STRONG><a name="[d2]"></a>chThdSleepS</STRONG> (Thumb, 18 bytes, Stack size 8 bytes, chthreads.o(i.chThdSleepS))
<BR><BR>[Stack]<UL><LI>Max Depth = 104<LI>Call Chain = chThdSleepS &rArr; chSchGoSleepTimeoutS &rArr; chVTDoSetI &rArr; vt_enqueue &rArr; ch_dlist_insert
</UL>
<BR>[Calls]<UL><LI><a href="#[bb]">&gt;&gt;</a>&nbsp;&nbsp;&nbsp;chSchGoSleepTimeoutS
</UL>
<BR>[Called By]<UL><LI><a href="#[71]">&gt;&gt;</a>&nbsp;&nbsp;&nbsp;chThdSleep
</UL>

<P><STRONG><a name="[d0]"></a>ch_queue_dequeue</STRONG> (Thumb, 14 bytes, Stack size 0 bytes, chthreads.o(i.ch_queue_dequeue))
<BR><BR>[Called By]<UL><LI><a href="#[ce]">&gt;&gt;</a>&nbsp;&nbsp;&nbsp;chThdExitS
</UL>

<P><STRONG><a name="[d1]"></a>ch_queue_init</STRONG> (Thumb, 6 bytes, Stack size 0 bytes, chthreads.o(i.ch_queue_init))
<BR><BR>[Called By]<UL><LI><a href="#[b5]">&gt;&gt;</a>&nbsp;&nbsp;&nbsp;chThdObjectInit
</UL>

<P><STRONG><a name="[cd]"></a>ch_queue_insert</STRONG> (Thumb, 14 bytes, Stack size 0 bytes, chthreads.o(i.ch_queue_insert))
<BR><BR>[Called By]<UL><LI><a href="#[ae]">&gt;&gt;</a>&nbsp;&nbsp;&nbsp;chThdCreateStatic
<LI><a href="#[d3]">&gt;&gt;</a>&nbsp;&nbsp;&nbsp;chThdSpawnSuspendedI
</UL>

<P><STRONG><a name="[cc]"></a>tm_stop</STRONG> (Thumb, 58 bytes, Stack size 16 bytes, chtm.o(i.tm_stop))
<BR><BR>[Stack]<UL><LI>Max Depth = 16<LI>Call Chain = tm_stop
</UL>
<BR>[Called By]<UL><LI><a href="#[c3]">&gt;&gt;</a>&nbsp;&nbsp;&nbsp;chTMStopMeasurementX
</UL>

<P><STRONG><a name="[c8]"></a>__set_BASEPRI</STRONG> (Thumb, 8 bytes, Stack size 0 bytes, chmemcore.o(i.__set_BASEPRI))
<BR><BR>[Called By]<UL><LI><a href="#[b1]">&gt;&gt;</a>&nbsp;&nbsp;&nbsp;chSysUnlock
<LI><a href="#[b0]">&gt;&gt;</a>&nbsp;&nbsp;&nbsp;chSysLock
</UL>

<P><STRONG><a name="[b0]"></a>chSysLock</STRONG> (Thumb, 14 bytes, Stack size 8 bytes, chmemcore.o(i.chSysLock))
<BR><BR>[Stack]<UL><LI>Max Depth = 8<LI>Call Chain = chSysLock
</UL>
<BR>[Calls]<UL><LI><a href="#[c8]">&gt;&gt;</a>&nbsp;&nbsp;&nbsp;__set_BASEPRI
</UL>
<BR>[Called By]<UL><LI><a href="#[3c]">&gt;&gt;</a>&nbsp;&nbsp;&nbsp;chCoreAllocFromTop
</UL>

<P><STRONG><a name="[b1]"></a>chSysUnlock</STRONG> (Thumb, 18 bytes, Stack size 8 bytes, chmemcore.o(i.chSysUnlock))
<BR><BR>[Stack]<UL><LI>Max Depth = 8<LI>Call Chain = chSysUnlock
</UL>
<BR>[Calls]<UL><LI><a href="#[c8]">&gt;&gt;</a>&nbsp;&nbsp;&nbsp;__set_BASEPRI
</UL>
<BR>[Called By]<UL><LI><a href="#[3c]">&gt;&gt;</a>&nbsp;&nbsp;&nbsp;chCoreAllocFromTop
</UL>

<P><STRONG><a name="[3b]"></a>chCoreAllocAlignedI</STRONG> (Thumb, 18 bytes, Stack size 16 bytes, chfactory.o(i.chCoreAllocAlignedI))
<BR><BR>[Stack]<UL><LI>Max Depth = 36<LI>Call Chain = chCoreAllocAlignedI &rArr; chCoreAllocFromTopI
</UL>
<BR>[Calls]<UL><LI><a href="#[af]">&gt;&gt;</a>&nbsp;&nbsp;&nbsp;chCoreAllocFromTopI
</UL>
<BR>[Address Reference Count : 1]<UL><LI> chfactory.o(i.__factory_init)
</UL>
<P><STRONG><a name="[88]"></a>chPoolObjectInit</STRONG> (Thumb, 22 bytes, Stack size 16 bytes, chfactory.o(i.chPoolObjectInit))
<BR><BR>[Stack]<UL><LI>Max Depth = 24<LI>Call Chain = chPoolObjectInit &rArr; chPoolObjectInitAligned
</UL>
<BR>[Calls]<UL><LI><a href="#[b7]">&gt;&gt;</a>&nbsp;&nbsp;&nbsp;chPoolObjectInitAligned
</UL>
<BR>[Called By]<UL><LI><a href="#[85]">&gt;&gt;</a>&nbsp;&nbsp;&nbsp;__factory_init
</UL>

<P><STRONG><a name="[87]"></a>dyn_list_init</STRONG> (Thumb, 4 bytes, Stack size 0 bytes, chfactory.o(i.dyn_list_init))
<BR><BR>[Called By]<UL><LI><a href="#[85]">&gt;&gt;</a>&nbsp;&nbsp;&nbsp;__factory_init
</UL>

<P><STRONG><a name="[134]"></a>u8g2_apply_clip_window</STRONG> (Thumb, 122 bytes, Stack size 16 bytes, u8g2_setup.o(i.u8g2_apply_clip_window))
<BR><BR>[Stack]<UL><LI>Max Depth = 48<LI>Call Chain = u8g2_apply_clip_window &rArr; u8g2_IsIntersection &rArr; u8g2_is_intersection_decision_tree
</UL>
<BR>[Calls]<UL><LI><a href="#[124]">&gt;&gt;</a>&nbsp;&nbsp;&nbsp;u8g2_IsIntersection
</UL>
<BR>[Called By]<UL><LI><a href="#[56]">&gt;&gt;</a>&nbsp;&nbsp;&nbsp;u8g2_update_page_win_r3
<LI><a href="#[53]">&gt;&gt;</a>&nbsp;&nbsp;&nbsp;u8g2_update_page_win_r2
<LI><a href="#[50]">&gt;&gt;</a>&nbsp;&nbsp;&nbsp;u8g2_update_page_win_r1
<LI><a href="#[4d]">&gt;&gt;</a>&nbsp;&nbsp;&nbsp;u8g2_update_page_win_r0
</UL>

<P><STRONG><a name="[143]"></a>u8g2_update_dimension_common</STRONG> (Thumb, 96 bytes, Stack size 8 bytes, u8g2_setup.o(i.u8g2_update_dimension_common))
<BR><BR>[Stack]<UL><LI>Max Depth = 8<LI>Call Chain = u8g2_update_dimension_common
</UL>
<BR>[Called By]<UL><LI><a href="#[55]">&gt;&gt;</a>&nbsp;&nbsp;&nbsp;u8g2_update_dimension_r3
<LI><a href="#[52]">&gt;&gt;</a>&nbsp;&nbsp;&nbsp;u8g2_update_dimension_r2
<LI><a href="#[4f]">&gt;&gt;</a>&nbsp;&nbsp;&nbsp;u8g2_update_dimension_r1
<LI><a href="#[4c]">&gt;&gt;</a>&nbsp;&nbsp;&nbsp;u8g2_update_dimension_r0
</UL>

<P><STRONG><a name="[12b]"></a>u8g2_send_buffer</STRONG> (Thumb, 54 bytes, Stack size 24 bytes, u8g2_buffer.o(i.u8g2_send_buffer))
<BR><BR>[Stack]<UL><LI>Max Depth = 88<LI>Call Chain = u8g2_send_buffer &rArr; u8g2_send_tile_row &rArr; u8x8_DrawTile
</UL>
<BR>[Calls]<UL><LI><a href="#[141]">&gt;&gt;</a>&nbsp;&nbsp;&nbsp;u8g2_send_tile_row
</UL>
<BR>[Called By]<UL><LI><a href="#[110]">&gt;&gt;</a>&nbsp;&nbsp;&nbsp;u8g2_NextPage
</UL>

<P><STRONG><a name="[141]"></a>u8g2_send_tile_row</STRONG> (Thumb, 54 bytes, Stack size 32 bytes, u8g2_buffer.o(i.u8g2_send_tile_row))
<BR><BR>[Stack]<UL><LI>Max Depth = 64<LI>Call Chain = u8g2_send_tile_row &rArr; u8x8_DrawTile
</UL>
<BR>[Calls]<UL><LI><a href="#[142]">&gt;&gt;</a>&nbsp;&nbsp;&nbsp;u8x8_DrawTile
</UL>
<BR>[Called By]<UL><LI><a href="#[12b]">&gt;&gt;</a>&nbsp;&nbsp;&nbsp;u8g2_send_buffer
</UL>

<P><STRONG><a name="[129]"></a>u8g2_draw_string</STRONG> (Thumb, 144 bytes, Stack size 32 bytes, u8g2_font.o(i.u8g2_draw_string))
<BR><BR>[Stack]<UL><LI>Max Depth = 264<LI>Call Chain = u8g2_draw_string &rArr; u8g2_DrawGlyph &rArr; u8g2_font_draw_glyph &rArr; u8g2_font_decode_glyph &rArr; u8g2_font_decode_len &rArr; u8g2_DrawHVLine &rArr; u8g2_clip_intersection2
</UL>
<BR>[Calls]<UL><LI><a href="#[136]">&gt;&gt;</a>&nbsp;&nbsp;&nbsp;u8x8_utf8_init
<LI><a href="#[126]">&gt;&gt;</a>&nbsp;&nbsp;&nbsp;u8g2_DrawGlyph
</UL>
<BR>[Called By]<UL><LI><a href="#[106]">&gt;&gt;</a>&nbsp;&nbsp;&nbsp;u8g2_DrawStr
</UL>

<P><STRONG><a name="[127]"></a>u8g2_font_draw_glyph</STRONG> (Thumb, 58 bytes, Stack size 32 bytes, u8g2_font.o(i.u8g2_font_draw_glyph))
<BR><BR>[Stack]<UL><LI>Max Depth = 208<LI>Call Chain = u8g2_font_draw_glyph &rArr; u8g2_font_decode_glyph &rArr; u8g2_font_decode_len &rArr; u8g2_DrawHVLine &rArr; u8g2_clip_intersection2
</UL>
<BR>[Calls]<UL><LI><a href="#[13e]">&gt;&gt;</a>&nbsp;&nbsp;&nbsp;u8g2_font_get_glyph_data
<LI><a href="#[139]">&gt;&gt;</a>&nbsp;&nbsp;&nbsp;u8g2_font_decode_glyph
</UL>
<BR>[Called By]<UL><LI><a href="#[126]">&gt;&gt;</a>&nbsp;&nbsp;&nbsp;u8g2_DrawGlyph
</UL>

<P><STRONG><a name="[140]"></a>u8g2_font_get_byte</STRONG> (Thumb, 8 bytes, Stack size 0 bytes, u8g2_font.o(i.u8g2_font_get_byte))
<BR><BR>[Called By]<UL><LI><a href="#[12d]">&gt;&gt;</a>&nbsp;&nbsp;&nbsp;u8g2_read_font_info
</UL>

<P><STRONG><a name="[13f]"></a>u8g2_font_get_word</STRONG> (Thumb, 24 bytes, Stack size 0 bytes, u8g2_font.o(i.u8g2_font_get_word))
<BR><BR>[Called By]<UL><LI><a href="#[12d]">&gt;&gt;</a>&nbsp;&nbsp;&nbsp;u8g2_read_font_info
<LI><a href="#[13e]">&gt;&gt;</a>&nbsp;&nbsp;&nbsp;u8g2_font_get_glyph_data
</UL>

<P><STRONG><a name="[13a]"></a>u8g2_font_setup_decode</STRONG> (Thumb, 64 bytes, Stack size 16 bytes, u8g2_font.o(i.u8g2_font_setup_decode))
<BR><BR>[Stack]<UL><LI>Max Depth = 32<LI>Call Chain = u8g2_font_setup_decode &rArr; u8g2_font_decode_get_unsigned_bits
</UL>
<BR>[Calls]<UL><LI><a href="#[138]">&gt;&gt;</a>&nbsp;&nbsp;&nbsp;u8g2_font_decode_get_unsigned_bits
</UL>
<BR>[Called By]<UL><LI><a href="#[139]">&gt;&gt;</a>&nbsp;&nbsp;&nbsp;u8g2_font_decode_glyph
</UL>

<P><STRONG><a name="[128]"></a>u8g2_clip_intersection2</STRONG> (Thumb, 76 bytes, Stack size 16 bytes, u8g2_hvline.o(i.u8g2_clip_intersection2))
<BR><BR>[Stack]<UL><LI>Max Depth = 16<LI>Call Chain = u8g2_clip_intersection2
</UL>
<BR>[Called By]<UL><LI><a href="#[125]">&gt;&gt;</a>&nbsp;&nbsp;&nbsp;u8g2_DrawHVLine
</UL>

<P><STRONG><a name="[14a]"></a>u8x8_i2c_data_transfer</STRONG> (Thumb, 46 bytes, Stack size 24 bytes, u8x8_cad.o(i.u8x8_i2c_data_transfer))
<BR><BR>[Stack]<UL><LI>Max Depth = 64<LI>Call Chain = u8x8_i2c_data_transfer &rArr; u8x8_byte_SendByte &rArr; u8x8_byte_SendBytes
</UL>
<BR>[Calls]<UL><LI><a href="#[149]">&gt;&gt;</a>&nbsp;&nbsp;&nbsp;u8x8_byte_StartTransfer
<LI><a href="#[146]">&gt;&gt;</a>&nbsp;&nbsp;&nbsp;u8x8_byte_SendByte
<LI><a href="#[148]">&gt;&gt;</a>&nbsp;&nbsp;&nbsp;u8x8_byte_EndTransfer
</UL>
<BR>[Called By]<UL><LI><a href="#[47]">&gt;&gt;</a>&nbsp;&nbsp;&nbsp;u8x8_cad_ssd13xx_fast_i2c
</UL>

<P><STRONG><a name="[113]"></a>i2c_clear_scl</STRONG> (Thumb, 16 bytes, Stack size 8 bytes, u8x8_byte.o(i.i2c_clear_scl))
<BR><BR>[Stack]<UL><LI>Max Depth = 32<LI>Call Chain = i2c_clear_scl &rArr; u8x8_gpio_call
</UL>
<BR>[Calls]<UL><LI><a href="#[114]">&gt;&gt;</a>&nbsp;&nbsp;&nbsp;u8x8_gpio_call
</UL>
<BR>[Called By]<UL><LI><a href="#[11d]">&gt;&gt;</a>&nbsp;&nbsp;&nbsp;i2c_write_bit
<LI><a href="#[11b]">&gt;&gt;</a>&nbsp;&nbsp;&nbsp;i2c_start
<LI><a href="#[118]">&gt;&gt;</a>&nbsp;&nbsp;&nbsp;i2c_read_bit
</UL>

<P><STRONG><a name="[115]"></a>i2c_clear_sda</STRONG> (Thumb, 16 bytes, Stack size 8 bytes, u8x8_byte.o(i.i2c_clear_sda))
<BR><BR>[Stack]<UL><LI>Max Depth = 32<LI>Call Chain = i2c_clear_sda &rArr; u8x8_gpio_call
</UL>
<BR>[Calls]<UL><LI><a href="#[114]">&gt;&gt;</a>&nbsp;&nbsp;&nbsp;u8x8_gpio_call
</UL>
<BR>[Called By]<UL><LI><a href="#[11d]">&gt;&gt;</a>&nbsp;&nbsp;&nbsp;i2c_write_bit
<LI><a href="#[11c]">&gt;&gt;</a>&nbsp;&nbsp;&nbsp;i2c_stop
<LI><a href="#[11b]">&gt;&gt;</a>&nbsp;&nbsp;&nbsp;i2c_start
</UL>

<P><STRONG><a name="[116]"></a>i2c_delay</STRONG> (Thumb, 18 bytes, Stack size 8 bytes, u8x8_byte.o(i.i2c_delay))
<BR><BR>[Stack]<UL><LI>Max Depth = 32<LI>Call Chain = i2c_delay &rArr; u8x8_gpio_call
</UL>
<BR>[Calls]<UL><LI><a href="#[114]">&gt;&gt;</a>&nbsp;&nbsp;&nbsp;u8x8_gpio_call
</UL>
<BR>[Called By]<UL><LI><a href="#[11d]">&gt;&gt;</a>&nbsp;&nbsp;&nbsp;i2c_write_bit
<LI><a href="#[11c]">&gt;&gt;</a>&nbsp;&nbsp;&nbsp;i2c_stop
<LI><a href="#[11b]">&gt;&gt;</a>&nbsp;&nbsp;&nbsp;i2c_start
<LI><a href="#[11a]">&gt;&gt;</a>&nbsp;&nbsp;&nbsp;i2c_read_scl_and_delay
<LI><a href="#[118]">&gt;&gt;</a>&nbsp;&nbsp;&nbsp;i2c_read_bit
<LI><a href="#[117]">&gt;&gt;</a>&nbsp;&nbsp;&nbsp;i2c_init
</UL>

<P><STRONG><a name="[117]"></a>i2c_init</STRONG> (Thumb, 32 bytes, Stack size 8 bytes, u8x8_byte.o(i.i2c_init))
<BR><BR>[Stack]<UL><LI>Max Depth = 40<LI>Call Chain = i2c_init &rArr; i2c_delay &rArr; u8x8_gpio_call
</UL>
<BR>[Calls]<UL><LI><a href="#[114]">&gt;&gt;</a>&nbsp;&nbsp;&nbsp;u8x8_gpio_call
<LI><a href="#[116]">&gt;&gt;</a>&nbsp;&nbsp;&nbsp;i2c_delay
</UL>
<BR>[Called By]<UL><LI><a href="#[44]">&gt;&gt;</a>&nbsp;&nbsp;&nbsp;u8x8_byte_sw_i2c
</UL>

<P><STRONG><a name="[118]"></a>i2c_read_bit</STRONG> (Thumb, 42 bytes, Stack size 8 bytes, u8x8_byte.o(i.i2c_read_bit))
<BR><BR>[Stack]<UL><LI>Max Depth = 48<LI>Call Chain = i2c_read_bit &rArr; i2c_read_scl_and_delay &rArr; i2c_delay &rArr; u8x8_gpio_call
</UL>
<BR>[Calls]<UL><LI><a href="#[119]">&gt;&gt;</a>&nbsp;&nbsp;&nbsp;i2c_read_sda
<LI><a href="#[11a]">&gt;&gt;</a>&nbsp;&nbsp;&nbsp;i2c_read_scl_and_delay
<LI><a href="#[116]">&gt;&gt;</a>&nbsp;&nbsp;&nbsp;i2c_delay
<LI><a href="#[113]">&gt;&gt;</a>&nbsp;&nbsp;&nbsp;i2c_clear_scl
</UL>
<BR>[Called By]<UL><LI><a href="#[11e]">&gt;&gt;</a>&nbsp;&nbsp;&nbsp;i2c_write_byte
</UL>

<P><STRONG><a name="[11a]"></a>i2c_read_scl_and_delay</STRONG> (Thumb, 22 bytes, Stack size 8 bytes, u8x8_byte.o(i.i2c_read_scl_and_delay))
<BR><BR>[Stack]<UL><LI>Max Depth = 40<LI>Call Chain = i2c_read_scl_and_delay &rArr; i2c_delay &rArr; u8x8_gpio_call
</UL>
<BR>[Calls]<UL><LI><a href="#[114]">&gt;&gt;</a>&nbsp;&nbsp;&nbsp;u8x8_gpio_call
<LI><a href="#[116]">&gt;&gt;</a>&nbsp;&nbsp;&nbsp;i2c_delay
</UL>
<BR>[Called By]<UL><LI><a href="#[11d]">&gt;&gt;</a>&nbsp;&nbsp;&nbsp;i2c_write_bit
<LI><a href="#[11c]">&gt;&gt;</a>&nbsp;&nbsp;&nbsp;i2c_stop
<LI><a href="#[11b]">&gt;&gt;</a>&nbsp;&nbsp;&nbsp;i2c_start
<LI><a href="#[118]">&gt;&gt;</a>&nbsp;&nbsp;&nbsp;i2c_read_bit
</UL>

<P><STRONG><a name="[119]"></a>i2c_read_sda</STRONG> (Thumb, 16 bytes, Stack size 8 bytes, u8x8_byte.o(i.i2c_read_sda))
<BR><BR>[Stack]<UL><LI>Max Depth = 32<LI>Call Chain = i2c_read_sda &rArr; u8x8_gpio_call
</UL>
<BR>[Calls]<UL><LI><a href="#[114]">&gt;&gt;</a>&nbsp;&nbsp;&nbsp;u8x8_gpio_call
</UL>
<BR>[Called By]<UL><LI><a href="#[11d]">&gt;&gt;</a>&nbsp;&nbsp;&nbsp;i2c_write_bit
<LI><a href="#[11c]">&gt;&gt;</a>&nbsp;&nbsp;&nbsp;i2c_stop
<LI><a href="#[11b]">&gt;&gt;</a>&nbsp;&nbsp;&nbsp;i2c_start
<LI><a href="#[118]">&gt;&gt;</a>&nbsp;&nbsp;&nbsp;i2c_read_bit
</UL>

<P><STRONG><a name="[11b]"></a>i2c_start</STRONG> (Thumb, 60 bytes, Stack size 8 bytes, u8x8_byte.o(i.i2c_start))
<BR><BR>[Stack]<UL><LI>Max Depth = 48<LI>Call Chain = i2c_start &rArr; i2c_read_scl_and_delay &rArr; i2c_delay &rArr; u8x8_gpio_call
</UL>
<BR>[Calls]<UL><LI><a href="#[119]">&gt;&gt;</a>&nbsp;&nbsp;&nbsp;i2c_read_sda
<LI><a href="#[11a]">&gt;&gt;</a>&nbsp;&nbsp;&nbsp;i2c_read_scl_and_delay
<LI><a href="#[116]">&gt;&gt;</a>&nbsp;&nbsp;&nbsp;i2c_delay
<LI><a href="#[115]">&gt;&gt;</a>&nbsp;&nbsp;&nbsp;i2c_clear_sda
<LI><a href="#[113]">&gt;&gt;</a>&nbsp;&nbsp;&nbsp;i2c_clear_scl
</UL>
<BR>[Called By]<UL><LI><a href="#[44]">&gt;&gt;</a>&nbsp;&nbsp;&nbsp;u8x8_byte_sw_i2c
</UL>

<P><STRONG><a name="[11c]"></a>i2c_stop</STRONG> (Thumb, 42 bytes, Stack size 8 bytes, u8x8_byte.o(i.i2c_stop))
<BR><BR>[Stack]<UL><LI>Max Depth = 48<LI>Call Chain = i2c_stop &rArr; i2c_read_scl_and_delay &rArr; i2c_delay &rArr; u8x8_gpio_call
</UL>
<BR>[Calls]<UL><LI><a href="#[119]">&gt;&gt;</a>&nbsp;&nbsp;&nbsp;i2c_read_sda
<LI><a href="#[11a]">&gt;&gt;</a>&nbsp;&nbsp;&nbsp;i2c_read_scl_and_delay
<LI><a href="#[116]">&gt;&gt;</a>&nbsp;&nbsp;&nbsp;i2c_delay
<LI><a href="#[115]">&gt;&gt;</a>&nbsp;&nbsp;&nbsp;i2c_clear_sda
</UL>
<BR>[Called By]<UL><LI><a href="#[44]">&gt;&gt;</a>&nbsp;&nbsp;&nbsp;u8x8_byte_sw_i2c
</UL>

<P><STRONG><a name="[11d]"></a>i2c_write_bit</STRONG> (Thumb, 42 bytes, Stack size 16 bytes, u8x8_byte.o(i.i2c_write_bit))
<BR><BR>[Stack]<UL><LI>Max Depth = 56<LI>Call Chain = i2c_write_bit &rArr; i2c_read_scl_and_delay &rArr; i2c_delay &rArr; u8x8_gpio_call
</UL>
<BR>[Calls]<UL><LI><a href="#[119]">&gt;&gt;</a>&nbsp;&nbsp;&nbsp;i2c_read_sda
<LI><a href="#[11a]">&gt;&gt;</a>&nbsp;&nbsp;&nbsp;i2c_read_scl_and_delay
<LI><a href="#[116]">&gt;&gt;</a>&nbsp;&nbsp;&nbsp;i2c_delay
<LI><a href="#[115]">&gt;&gt;</a>&nbsp;&nbsp;&nbsp;i2c_clear_sda
<LI><a href="#[113]">&gt;&gt;</a>&nbsp;&nbsp;&nbsp;i2c_clear_scl
</UL>
<BR>[Called By]<UL><LI><a href="#[11e]">&gt;&gt;</a>&nbsp;&nbsp;&nbsp;i2c_write_byte
</UL>

<P><STRONG><a name="[11e]"></a>i2c_write_byte</STRONG> (Thumb, 94 bytes, Stack size 16 bytes, u8x8_byte.o(i.i2c_write_byte))
<BR><BR>[Stack]<UL><LI>Max Depth = 72<LI>Call Chain = i2c_write_byte &rArr; i2c_write_bit &rArr; i2c_read_scl_and_delay &rArr; i2c_delay &rArr; u8x8_gpio_call
</UL>
<BR>[Calls]<UL><LI><a href="#[11d]">&gt;&gt;</a>&nbsp;&nbsp;&nbsp;i2c_write_bit
<LI><a href="#[118]">&gt;&gt;</a>&nbsp;&nbsp;&nbsp;i2c_read_bit
</UL>
<BR>[Called By]<UL><LI><a href="#[44]">&gt;&gt;</a>&nbsp;&nbsp;&nbsp;u8x8_byte_sw_i2c
</UL>
<P>
<H3>
Undefined Global Symbols
</H3><HR></body></html>
