<html>
<body>
<pre>
<h1>µVision Build Log</h1>
<h2>Tool Versions:</h2>
IDE-Version: ¦ÌVision V5.36.0.0
Copyright (C) 2021 ARM Ltd and ARM Germany GmbH. All rights reserved.
License Information: 11 111, 11, LIC=03C6R-K4X8R-30INC-7QFA2-BSK4Y-F2YV5
 
Tool Versions:
Toolchain:       MDK-ARM Plus  Version: 5.36.0.0
Toolchain Path:  E:\keill5cs\ARM\ARMCC\Bin
C Compiler:      Armcc.exe V5.06 update 7 (build 960)
Assembler:       Armasm.exe V5.06 update 7 (build 960)
Linker/Locator:  ArmLink.exe V5.06 update 7 (build 960)
Library Manager: ArmAr.exe V5.06 update 7 (build 960)
Hex Converter:   FromElf.exe V5.06 update 7 (build 960)
CPU DLL:         SARMCM3.DLL V5.36.0.0
Dialog DLL:      DCM.DLL V1.17.3.0
Target DLL:      STLink\ST-LINKIII-KEIL_SWO.dll V3.0.9.0
Dialog DLL:      TCM.DLL V1.53.0.0
 
<h2>Project:</h2>
c:\Users\Administrator\Desktop\stm32_foc_42\Project.uvprojx
Project File Date:  05/03/2026

<h2>Output:</h2>
*** Using Compiler 'V5.06 update 7 (build 960)', folder: 'E:\keill5cs\ARM\ARMCC\Bin'
Rebuild target 'Target 1'
assembling startup_stm32f10x_md.s...
compiling core_cm3.c...
compiling misc.c...
compiling stm32f10x_exti.c...
compiling stm32f10x_crc.c...
compiling stm32f10x_dma.c...
compiling stm32f10x_dbgmcu.c...
compiling stm32f10x_cec.c...
compiling stm32f10x_bkp.c...
compiling stm32f10x_can.c...
compiling system_stm32f10x.c...
compiling stm32f10x_dac.c...
compiling stm32f10x_adc.c...
compiling stm32f10x_gpio.c...
compiling stm32f10x_fsmc.c...
compiling stm32f10x_flash.c...
compiling stm32f10x_i2c.c...
compiling stm32f10x_iwdg.c...
compiling stm32f10x_pwr.c...
compiling stm32f10x_rcc.c...
compiling stm32f10x_rtc.c...
compiling stm32f10x_sdio.c...
compiling stm32f10x_usart.c...
compiling stm32f10x_wwdg.c...
compiling stm32f10x_it.c...
compiling stm32f10x_spi.c...
compiling stm32f10x_tim.c...
compiling app_fastloop.c...
compiling chibios_port.c...
compiling main.c...
compiling app_menu.c...
compiling app_fault_mgr.c...
compiling app_state_machine.c...
compiling app_main.c...
compiling algo_pid.c...
compiling algo_limit.c...
compiling algo_ramp.c...
compiling algo_foc.c...
Algo\algo_foc.c(154): warning:  #177-D: function "algoFocGetSpeedRpmFromPositionDelta"  was declared but never referenced
  static int32_t algoFocGetSpeedRpmFromPositionDelta(int64_t delta_microstep_q16) {
Algo\algo_foc.c: 1 warning, 0 errors
compiling algo_observer.c...
compiling app_task_control.c...
compiling app_task_ui.c...
compiling app_task_calib.c...
compiling algo_angle.c...
compiling app_task_comm.c...
compiling hal_motor_if.c...
compiling hal_sense_if.c...
compiling app_calib.c...
compiling hal_gate_if.c...
compiling hal_board.c...
compiling hal_uart_if.c...
compiling drv_irq.c...
compiling drv_gpio.c...
compiling hal_oled_if.c...
compiling hal_encoder_if.c...
compiling drv_adc1.c...
compiling drv_tim1_pwm.c...
compiling drv_keys.c...
compiling drv_oled_u8g2_setup.c...
compiling hal_keys_if.c...
compiling drv_usart1.c...
assembling chcoreasm.s...
compiling drv_mt6816.c...
compiling drv_flash_cfg.c...
compiling drv_oled_u8g2_display.c...
compiling drv_oled_u8g2_port.c...
compiling chcore.c...
compiling chsafety.c...
compiling chsys.c...
compiling chrfcu.c...
compiling chdebug.c...
compiling chtrace.c...
compiling chvt.c...
compiling chschd.c...
compiling chinstances.c...
compiling chstats.c...
compiling chtm.c...
compiling chthreads.c...
compiling chregistry.c...
compiling chsem.c...
compiling chmtx.c...
compiling chevents.c...
compiling chmsg.c...
compiling chcond.c...
compiling chdynamic.c...
compiling chmemcore.c...
compiling chmemchecks.c...
compiling chmboxes.c...
compiling chmemheaps.c...
compiling chpipes.c...
compiling chmempools.c...
compiling chobjcaches.c...
compiling u8g2_cleardisplay.c...
compiling chdelegates.c...
compiling u8g2_setup.c...
ThirdParty\u8g2\csrc\u8g2_setup.c(469): warning:  #1-D: last line of file ends without a newline
    
ThirdParty\u8g2\csrc\u8g2_setup.c: 1 warning, 0 errors
compiling u8g2_buffer.c...
compiling u8g2_box.c...
compiling u8g2_circle.c...
compiling u8g2_hvline.c...
compiling u8g2_kerning.c...
compiling u8x8_setup.c...
compiling u8g2_font.c...
compiling chfactory.c...
compiling u8x8_display.c...
ThirdParty\u8g2\csrc\u8x8_display.c(203): warning:  #1-D: last line of file ends without a newline
  }
ThirdParty\u8g2\csrc\u8x8_display.c: 1 warning, 0 errors
compiling u8g2_intersection.c...
compiling u8g2_ll_hvline.c...
compiling u8x8_cad.c...
compiling u8x8_capture.c...
ThirdParty\u8g2\csrc\u8x8_capture.c(254): warning:  #1-D: last line of file ends without a newline
  #endif
ThirdParty\u8g2\csrc\u8x8_capture.c: 1 warning, 0 errors
compiling u8x8_8x8.c...
compiling u8x8_byte.c...
compiling u8x8_u16toa.c...
ThirdParty\u8g2\csrc\u8x8_u16toa.c(77): warning:  #1-D: last line of file ends without a newline
  }
ThirdParty\u8g2\csrc\u8x8_u16toa.c: 1 warning, 0 errors
compiling u8x8_gpio.c...
ThirdParty\u8g2\csrc\u8x8_gpio.c(50): warning:  #1-D: last line of file ends without a newline
  */
ThirdParty\u8g2\csrc\u8x8_gpio.c: 1 warning, 0 errors
compiling u8x8_d_ssd1306_64x32.c...
compiling OLED_Data.c...
compiling u8g2_fonts_subset.c...
compiling OLED_Port.c...
compiling OLED.c...
linking...
Program Size: Code=32868 RO-data=3144 RW-data=228 ZI-data=10860  
FromELF: creating hex file...
".\Objects\Project.axf" - 0 Error(s), 6 Warning(s).

<h2>Software Packages used:</h2>

Package Vendor: Keil
                https://www.keil.com/pack/Keil.STM32F1xx_DFP.2.4.1.pack
                Keil.STM32F1xx_DFP.2.4.1
                STMicroelectronics STM32F1 Series Device Support, Drivers and Examples

<h2>Collection of Component include folders:</h2>
  E:\keill5cs\packs\Keil\STM32F1xx_DFP\2.4.1\Device\Include

<h2>Collection of Component Files used:</h2>
Build Time Elapsed:  00:00:04
</pre>
</body>
</html>
