Component: ARM Compiler 5.06 update 7 (build 960) Tool: armlink [4d3601]

==============================================================================

Section Cross References

    startup_stm32f10x_md.o(MSTACK) refers (Special) to heapauxi.o(.text) for __use_two_region_memory
    startup_stm32f10x_md.o(CSTACK) refers (Special) to heapauxi.o(.text) for __use_two_region_memory
    startup_stm32f10x_md.o(HEAP) refers (Special) to heapauxi.o(.text) for __use_two_region_memory
    startup_stm32f10x_md.o(RESET) refers (Special) to heapauxi.o(.text) for __use_two_region_memory
    startup_stm32f10x_md.o(RESET) refers to startup_stm32f10x_md.o(MSTACK) for __initial_msp
    startup_stm32f10x_md.o(RESET) refers to startup_stm32f10x_md.o(.text) for Reset_Handler
    startup_stm32f10x_md.o(RESET) refers to stm32f10x_it.o(i.NMI_Handler) for NMI_Handler
    startup_stm32f10x_md.o(RESET) refers to stm32f10x_it.o(i.HardFault_Handler) for HardFault_Handler
    startup_stm32f10x_md.o(RESET) refers to stm32f10x_it.o(i.MemManage_Handler) for MemManage_Handler
    startup_stm32f10x_md.o(RESET) refers to stm32f10x_it.o(i.BusFault_Handler) for BusFault_Handler
    startup_stm32f10x_md.o(RESET) refers to stm32f10x_it.o(i.UsageFault_Handler) for UsageFault_Handler
    startup_stm32f10x_md.o(RESET) refers to chcore.o(i.SVC_Handler) for SVC_Handler
    startup_stm32f10x_md.o(RESET) refers to stm32f10x_it.o(i.DebugMon_Handler) for DebugMon_Handler
    startup_stm32f10x_md.o(RESET) refers to chibios_port.o(i.SysTick_Handler) for SysTick_Handler
    startup_stm32f10x_md.o(.text) refers (Special) to heapauxi.o(.text) for __use_two_region_memory
    startup_stm32f10x_md.o(.text) refers to startup_stm32f10x_md.o(CSTACK) for __initial_sp
    startup_stm32f10x_md.o(.text) refers to system_stm32f10x.o(i.SystemInit) for SystemInit
    startup_stm32f10x_md.o(.text) refers to __main.o(!!!main) for __main
    startup_stm32f10x_md.o(.text) refers to startup_stm32f10x_md.o(HEAP) for Heap_Mem
    system_stm32f10x.o(i.SetSysClock) refers to system_stm32f10x.o(i.SetSysClockTo72) for SetSysClockTo72
    system_stm32f10x.o(i.SystemCoreClockUpdate) refers to system_stm32f10x.o(.data) for SystemCoreClock
    system_stm32f10x.o(i.SystemInit) refers to system_stm32f10x.o(i.SetSysClock) for SetSysClock
    stm32f10x_adc.o(i.ADC_DeInit) refers to stm32f10x_rcc.o(i.RCC_APB2PeriphResetCmd) for RCC_APB2PeriphResetCmd
    stm32f10x_bkp.o(i.BKP_DeInit) refers to stm32f10x_rcc.o(i.RCC_BackupResetCmd) for RCC_BackupResetCmd
    stm32f10x_can.o(i.CAN_DeInit) refers to stm32f10x_rcc.o(i.RCC_APB1PeriphResetCmd) for RCC_APB1PeriphResetCmd
    stm32f10x_can.o(i.CAN_GetITStatus) refers to stm32f10x_can.o(i.CheckITStatus) for CheckITStatus
    stm32f10x_cec.o(i.CEC_DeInit) refers to stm32f10x_rcc.o(i.RCC_APB1PeriphResetCmd) for RCC_APB1PeriphResetCmd
    stm32f10x_dac.o(i.DAC_DeInit) refers to stm32f10x_rcc.o(i.RCC_APB1PeriphResetCmd) for RCC_APB1PeriphResetCmd
    stm32f10x_flash.o(i.FLASH_EnableWriteProtection) refers to stm32f10x_flash.o(i.FLASH_WaitForLastOperation) for FLASH_WaitForLastOperation
    stm32f10x_flash.o(i.FLASH_EraseAllBank1Pages) refers to stm32f10x_flash.o(i.FLASH_WaitForLastBank1Operation) for FLASH_WaitForLastBank1Operation
    stm32f10x_flash.o(i.FLASH_EraseAllPages) refers to stm32f10x_flash.o(i.FLASH_WaitForLastOperation) for FLASH_WaitForLastOperation
    stm32f10x_flash.o(i.FLASH_EraseOptionBytes) refers to stm32f10x_flash.o(i.FLASH_GetReadOutProtectionStatus) for FLASH_GetReadOutProtectionStatus
    stm32f10x_flash.o(i.FLASH_EraseOptionBytes) refers to stm32f10x_flash.o(i.FLASH_WaitForLastOperation) for FLASH_WaitForLastOperation
    stm32f10x_flash.o(i.FLASH_ErasePage) refers to stm32f10x_flash.o(i.FLASH_WaitForLastOperation) for FLASH_WaitForLastOperation
    stm32f10x_flash.o(i.FLASH_ProgramHalfWord) refers to stm32f10x_flash.o(i.FLASH_WaitForLastOperation) for FLASH_WaitForLastOperation
    stm32f10x_flash.o(i.FLASH_ProgramOptionByteData) refers to stm32f10x_flash.o(i.FLASH_WaitForLastOperation) for FLASH_WaitForLastOperation
    stm32f10x_flash.o(i.FLASH_ProgramWord) refers to stm32f10x_flash.o(i.FLASH_WaitForLastOperation) for FLASH_WaitForLastOperation
    stm32f10x_flash.o(i.FLASH_ReadOutProtection) refers to stm32f10x_flash.o(i.FLASH_WaitForLastOperation) for FLASH_WaitForLastOperation
    stm32f10x_flash.o(i.FLASH_UserOptionByteConfig) refers to stm32f10x_flash.o(i.FLASH_WaitForLastOperation) for FLASH_WaitForLastOperation
    stm32f10x_flash.o(i.FLASH_WaitForLastBank1Operation) refers to stm32f10x_flash.o(i.FLASH_GetBank1Status) for FLASH_GetBank1Status
    stm32f10x_flash.o(i.FLASH_WaitForLastOperation) refers to stm32f10x_flash.o(i.FLASH_GetBank1Status) for FLASH_GetBank1Status
    stm32f10x_gpio.o(i.GPIO_AFIODeInit) refers to stm32f10x_rcc.o(i.RCC_APB2PeriphResetCmd) for RCC_APB2PeriphResetCmd
    stm32f10x_gpio.o(i.GPIO_DeInit) refers to stm32f10x_rcc.o(i.RCC_APB2PeriphResetCmd) for RCC_APB2PeriphResetCmd
[...]
    .constdata                               0x08004248   Section      844  u8g2_fonts_subset.o(.constdata)
    .conststring                             0x08004594   Section      309  app_menu.o(.conststring)
    .conststring                             0x080046cc   Section        3  chsys.o(.conststring)
    .conststring                             0x080046d0   Section       13  chinstances.o(.conststring)
    .conststring                             0x080046e0   Section        7  chthreads.o(.conststring)
    .data                                    0x20000000   Section       20  system_stm32f10x.o(.data)
    .data                                    0x20000014   Section       20  stm32f10x_rcc.o(.data)
    APBAHBPrescTable                         0x20000014   Data          16  stm32f10x_rcc.o(.data)
    ADCPrescTable                            0x20000024   Data           4  stm32f10x_rcc.o(.data)
    .data                                    0x20000028   Section        1  app_state_machine.o(.data)
    g_app_state                              0x20000028   Data           1  app_state_machine.o(.data)
    .data                                    0x2000002c   Section        4  algo_foc.o(.data)
    g_speed_observer                         0x2000002c   Data           4  algo_foc.o(.data)
    .data                                    0x20000030   Section        1  hal_oled_if.o(.data)
    g_oled_ready                             0x20000030   Data           1  hal_oled_if.o(.data)
    .data                                    0x20000031   Section        1  hal_keys_if.o(.data)
    g_key3_long_latched                      0x20000031   Data           1  hal_keys_if.o(.data)
    .data                                    0x20000032   Section        4  drv_adc1.o(.data)
    g_phase_a_step                           0x20000032   Data           2  drv_adc1.o(.data)
    g_phase_b_step                           0x20000034   Data           2  drv_adc1.o(.data)
    .data                                    0x20000036   Section        8  drv_tim1_pwm.o(.data)
    g_pwm_last                               0x20000036   Data           8  drv_tim1_pwm.o(.data)
    .data                                    0x2000003e   Section        1  drv_gpio.o(.data)
    g_gate_enabled                           0x2000003e   Data           1  drv_gpio.o(.data)
    .data                                    0x20000040   Section        5  drv_usart1.o(.data)
    g_usart1_write_count                     0x20000040   Data           4  drv_usart1.o(.data)
    g_usart1_ready                           0x20000044   Data           1  drv_usart1.o(.data)
    .data                                    0x20000048   Section        8  chmemcore.o(.data)
    .data                                    0x20000050   Section        6  u8x8_cad.o(.data)
    in_transfer                              0x20000050   Data           1  u8x8_cad.o(.data)
    in_transfer                              0x20000051   Data           1  u8x8_cad.o(.data)
    in_transfer                              0x20000052   Data           1  u8x8_cad.o(.data)
    is_data                                  0x20000053   Data           1  u8x8_cad.o(.data)
    in_transfer                              0x20000054   Data           1  u8x8_cad.o(.data)
    is_data                                  0x20000055   Data           1  u8x8_cad.o(.data)
    .bss                                     0x20000058   Section       32  app_main.o(.bss)
    g_app_runtime                            0x20000058   Data          32  app_main.o(.bss)
    .bss                                     0x20000080   Section      800  app_task_control.o(.bss)
    waControlThread                          0x20000080   Data         800  app_task_control.o(.bss)
    .bss                                     0x200003a0   Section     1312  app_task_ui.o(.bss)
    waUiThread                               0x200003a0   Data        1312  app_task_ui.o(.bss)
    .bss                                     0x200008c0   Section       28  app_menu.o(.bss)
    g_menu_state                             0x200008c0   Data          28  app_menu.o(.bss)
    .bss                                     0x200008dc   Section       32  algo_foc.o(.bss)
    g_current_pid                            0x200008dc   Data          20  algo_foc.o(.bss)
    g_current_ramp                           0x200008f0   Data          12  algo_foc.o(.bss)
    .bss                                     0x200008fc   Section      148  hal_oled_if.o(.bss)
    g_oled_u8g2                              0x200008fc   Data         148  hal_oled_if.o(.bss)
    .bss                                     0x20000990   Section       10  drv_adc1.o(.bss)
    g_adc1_raw                               0x20000990   Data          10  drv_adc1.o(.bss)
    .bss                                     0x2000099a   Section       24  drv_keys.o(.bss)
    g_key_runtime                            0x2000099a   Data          24  drv_keys.o(.bss)
    .bss                                     0x200009b2   Section       64  drv_oled_u8g2_setup.o(.bss)
    buf                                      0x200009b2   Data          64  drv_oled_u8g2_setup.o(.bss)
    .bss                                     0x20000a00   Section      512  chsys.o(.bss)
    ch_c0_idle_thread_wa                     0x20000b00   Data         256  chsys.o(.bss)
    .bss                                     0x20000c00   Section     1024  chmemcore.o(.bss)
    static_heap                              0x20000c00   Data        1024  chmemcore.o(.bss)
    .bss                                     0x20001000   Section       36  chmemheaps.o(.bss)
    default_heap                             0x20001000   Data          36  chmemheaps.o(.bss)
    .bss                                     0x20001024   Section       72  chfactory.o(.bss)
    CSTACK                                   0x20001070   Section     1024  startup_stm32f10x_md.o(CSTACK)
    Proc_Stack_Mem                           0x20001070   Data        1024  startup_stm32f10x_md.o(CSTACK)
    HEAP                                     0x20001470   Section      512  startup_stm32f10x_md.o(HEAP)
    Heap_Mem                                 0x20001470   Data         512  startup_stm32f10x_md.o(HEAP)
    MSTACK                                   0x20001670   Section     1024  startup_stm32f10x_md.o(MSTACK)

    Global Symbols

    Symbol Name                              Value     Ov Type        Size  Object(Section)

    BuildAttributes$$THM_ISAv4$P$D$K$B$S$PE$A:L22UL41UL21$X:L11$S22US41US21$IEEE1$IW$USESV6$~STKCKD$USESV7$~SHL$OTIME$ROPI$IEEEX$EBA8$UX$STANDARDLIB$REQ8$PRES8$EABIv2 0x00000000   Number         0  anon$$obj.o ABSOLUTE
    __ARM_use_no_argv                        0x00000000   Number         0  main.o ABSOLUTE
    _printf_flags                            0x00000000   Number         0  printf_stubs.o ABSOLUTE
    _printf_return_value                     0x00000000   Number         0  printf_stubs.o ABSOLUTE
    _printf_sizespec                         0x00000000   Number         0  printf_stubs.o ABSOLUTE
    _printf_widthprec                        0x00000000   Number         0  printf_stubs.o ABSOLUTE
    __ARM_exceptions_init                     - Undefined Weak Reference
    __alloca_initialize                       - Undefined Weak Reference
    __arm_fini_                               - Undefined Weak Reference
    __arm_preinit_                            - Undefined Weak Reference
    __cpp_initialize__aeabi_                  - Undefined Weak Reference
    __cxa_finalize                            - Undefined Weak Reference
    __sigvec_lookup                           - Undefined Weak Reference
    _atexit_init                              - Undefined Weak Reference
    _call_atexit_fns                          - Undefined Weak Reference
    _clock_init                               - Undefined Weak Reference
    _fp_trap_init                             - Undefined Weak Reference
    _fp_trap_shutdown                         - Undefined Weak Reference
    _get_lc_collate                           - Undefined Weak Reference
    _get_lc_monetary                          - Undefined Weak Reference
    _get_lc_time                              - Undefined Weak Reference
    _getenv_init                              - Undefined Weak Reference
    _handle_redirection                       - Undefined Weak Reference
    _init_alloc                               - Undefined Weak Reference
    _init_user_alloc                          - Undefined Weak Reference
    _initio                                   - Undefined Weak Reference
    _printf_mbtowc                            - Undefined Weak Reference
    _printf_wc                                - Undefined Weak Reference
    _rand_init                                - Undefined Weak Reference
    _signal_finish                            - Undefined Weak Reference
    _signal_init                              - Undefined Weak Reference
    _terminate_alloc                          - Undefined Weak Reference
    _terminate_user_alloc                     - Undefined Weak Reference
    _terminateio                              - Undefined Weak Reference
    __Vectors_Size                           0x000000ec   Number         0  startup_stm32f10x_md.o ABSOLUTE
    __Vectors                                0x08000000   Data           4  startup_stm32f10x_md.o(RESET)
    __Vectors_End                            0x080000ec   Data           0  startup_stm32f10x_md.o(RESET)
    __main                                   0x080000ed   Thumb Code     8  __main.o(!!!main)
    __scatterload                            0x080000f5   Thumb Code     0  __scatter.o(!!!scatter)
    __scatterload_rt2                        0x080000f5   Thumb Code    44  __scatter.o(!!!scatter)
    __scatterload_rt2_thumb_only             0x080000f5   Thumb Code     0  __scatter.o(!!!scatter)
    __scatterload_null                       0x08000103   Thumb Code     0  __scatter.o(!!!scatter)
    __scatterload_copy                       0x08000129   Thumb Code    26  __scatter_copy.o(!!handler_copy)
    __scatterload_zeroinit                   0x08000145   Thumb Code    28  __scatter_zi.o(!!handler_zi)
    __rt_lib_init                            0x08000161   Thumb Code     0  libinit.o(.ARM.Collect$$libinit$$00000000)
    __rt_lib_init_alloca_1                   0x08000163   Thumb Code     0  libinit2.o(.ARM.Collect$$libinit$$0000002E)
    __rt_lib_init_argv_1                     0x08000163   Thumb Code     0  libinit2.o(.ARM.Collect$$libinit$$0000002C)
    __rt_lib_init_atexit_1                   0x08000163   Thumb Code     0  libinit2.o(.ARM.Collect$$libinit$$0000001B)
    __rt_lib_init_clock_1                    0x08000163   Thumb Code     0  libinit2.o(.ARM.Collect$$libinit$$00000021)
    __rt_lib_init_cpp_1                      0x08000163   Thumb Code     0  libinit2.o(.ARM.Collect$$libinit$$00000032)
    __rt_lib_init_exceptions_1               0x08000163   Thumb Code     0  libinit2.o(.ARM.Collect$$libinit$$00000030)
    __rt_lib_init_fp_1                       0x08000163   Thumb Code     0  libinit2.o(.ARM.Collect$$libinit$$00000002)
    __rt_lib_init_fp_trap_1                  0x08000163   Thumb Code     0  libinit2.o(.ARM.Collect$$libinit$$0000001F)
    __rt_lib_init_getenv_1                   0x08000163   Thumb Code     0  libinit2.o(.ARM.Collect$$libinit$$00000023)
    __rt_lib_init_heap_1                     0x08000163   Thumb Code     0  libinit2.o(.ARM.Collect$$libinit$$0000000A)
    __rt_lib_init_lc_collate_1               0x08000163   Thumb Code     0  libinit2.o(.ARM.Collect$$libinit$$00000011)
    __rt_lib_init_lc_ctype_1                 0x08000163   Thumb Code     0  libinit2.o(.ARM.Collect$$libinit$$00000013)
    __rt_lib_init_lc_monetary_1              0x08000163   Thumb Code     0  libinit2.o(.ARM.Collect$$libinit$$00000015)
    __rt_lib_init_lc_numeric_1               0x08000163   Thumb Code     0  libinit2.o(.ARM.Collect$$libinit$$00000017)
    __rt_lib_init_lc_time_1                  0x08000163   Thumb Code     0  libinit2.o(.ARM.Collect$$libinit$$00000019)
    __rt_lib_init_preinit_1                  0x08000163   Thumb Code     0  libinit2.o(.ARM.Collect$$libinit$$00000004)
    __rt_lib_init_rand_1                     0x08000163   Thumb Code     0  libinit2.o(.ARM.Collect$$libinit$$0000000E)
    __rt_lib_init_return                     0x08000163   Thumb Code     0  libinit2.o(.ARM.Collect$$libinit$$00000033)
    __rt_lib_init_signal_1                   0x08000163   Thumb Code     0  libinit2.o(.ARM.Collect$$libinit$$0000001D)
    __rt_lib_init_stdio_1                    0x08000163   Thumb Code     0  libinit2.o(.ARM.Collect$$libinit$$00000025)
    __rt_lib_init_user_alloc_1               0x08000163   Thumb Code     0  libinit2.o(.ARM.Collect$$libinit$$0000000C)
    __rt_lib_shutdown                        0x08000165   Thumb Code     0  libshutdown.o(.ARM.Collect$$libshutdown$$00000000)
    __rt_lib_shutdown_cpp_1                  0x08000167   Thumb Code     0  libshutdown2.o(.ARM.Collect$$libshutdown$$00000004)
    __rt_lib_shutdown_fini_1                 0x08000167   Thumb Code     0  libshutdown2.o(.ARM.Collect$$libshutdown$$00000002)
    __rt_lib_shutdown_fp_trap_1              0x08000167   Thumb Code     0  libshutdown2.o(.ARM.Collect$$libshutdown$$00000009)
    __rt_lib_shutdown_heap_1                 0x08000167   Thumb Code     0  libshutdown2.o(.ARM.Collect$$libshutdown$$00000011)
    __rt_lib_shutdown_return                 0x08000167   Thumb Code     0  libshutdown2.o(.ARM.Collect$$libshutdown$$00000012)
    __rt_lib_shutdown_signal_1               0x08000167   Thumb Code     0  libshutdown2.o(.ARM.Collect$$libshutdown$$0000000C)
    __rt_lib_shutdown_stdio_1                0x08000167   Thumb Code     0  libshutdown2.o(.ARM.Collect$$libshutdown$$00000006)
    __rt_lib_shutdown_user_alloc_1           0x08000167   Thumb Code     0  libshutdown2.o(.ARM.Collect$$libshutdown$$0000000E)
    __rt_entry                               0x08000169   Thumb Code     0  __rtentry.o(.ARM.Collect$$rtentry$$00000000)
    __rt_entry_presh_1                       0x08000169   Thumb Code     0  __rtentry2.o(.ARM.Collect$$rtentry$$00000002)
    __rt_entry_sh                            0x08000169   Thumb Code     0  __rtentry5.o(.ARM.Collect$$rtentry$$00000005)
    __rt_entry_li                            0x0800016d   Thumb Code     0  __rtentry2.o(.ARM.Collect$$rtentry$$0000000A)
    __rt_entry_postsh_1                      0x0800016d   Thumb Code     0  __rtentry2.o(.ARM.Collect$$rtentry$$00000009)
    __rt_entry_main                          0x08000171   Thumb Code     0  __rtentry2.o(.ARM.Collect$$rtentry$$0000000D)
    __rt_entry_postli_1                      0x08000171   Thumb Code     0  __rtentry2.o(.ARM.Collect$$rtentry$$0000000C)
    __rt_exit                                0x0800017d   Thumb Code     0  rtexit.o(.ARM.Collect$$rtexit$$00000000)
    __rt_exit_ls                             0x0800017f   Thumb Code     0  rtexit2.o(.ARM.Collect$$rtexit$$00000003)
    __rt_exit_prels_1                        0x0800017f   Thumb Code     0  rtexit2.o(.ARM.Collect$$rtexit$$00000002)
    __rt_exit_exit                           0x08000183   Thumb Code     0  rtexit2.o(.ARM.Collect$$rtexit$$00000004)
    __get_PSP                                0x08000189   Thumb Code     6  core_cm3.o(.emb_text)
    __set_PSP                                0x0800018f   Thumb Code     6  core_cm3.o(.emb_text)
    __get_MSP                                0x08000195   Thumb Code     6  core_cm3.o(.emb_text)
    __set_MSP                                0x0800019b   Thumb Code     6  core_cm3.o(.emb_text)
    __REV16                                  0x080001a1   Thumb Code     4  core_cm3.o(.emb_text)
    __REVSH                                  0x080001a5   Thumb Code     4  core_cm3.o(.emb_text)
    Reset_Handler                            0x080001a9   Thumb Code    26  startup_stm32f10x_md.o(.text)
    PendSV_Handler                           0x080001d1   Thumb Code     2  startup_stm32f10x_md.o(.text)
    ADC1_2_IRQHandler                        0x080001d5   Thumb Code     0  startup_stm32f10x_md.o(.text)
    CAN1_RX1_IRQHandler                      0x080001d5   Thumb Code     0  startup_stm32f10x_md.o(.text)
    CAN1_SCE_IRQHandler                      0x080001d5   Thumb Code     0  startup_stm32f10x_md.o(.text)
    DMA1_Channel1_IRQHandler                 0x080001d5   Thumb Code     0  startup_stm32f10x_md.o(.text)
    DMA1_Channel2_IRQHandler                 0x080001d5   Thumb Code     0  startup_stm32f10x_md.o(.text)
    DMA1_Channel3_IRQHandler                 0x080001d5   Thumb Code     0  startup_stm32f10x_md.o(.text)
    DMA1_Channel4_IRQHandler                 0x080001d5   Thumb Code     0  startup_stm32f10x_md.o(.text)
    DMA1_Channel5_IRQHandler                 0x080001d5   Thumb Code     0  startup_stm32f10x_md.o(.text)
    DMA1_Channel6_IRQHandler                 0x080001d5   Thumb Code     0  startup_stm32f10x_md.o(.text)
    DMA1_Channel7_IRQHandler                 0x080001d5   Thumb Code     0  startup_stm32f10x_md.o(.text)
    EXTI0_IRQHandler                         0x080001d5   Thumb Code     0  startup_stm32f10x_md.o(.text)
    EXTI15_10_IRQHandler                     0x080001d5   Thumb Code     0  startup_stm32f10x_md.o(.text)
    EXTI1_IRQHandler                         0x080001d5   Thumb Code     0  startup_stm32f10x_md.o(.text)
    EXTI2_IRQHandler                         0x080001d5   Thumb Code     0  startup_stm32f10x_md.o(.text)
    EXTI3_IRQHandler                         0x080001d5   Thumb Code     0  startup_stm32f10x_md.o(.text)
    EXTI4_IRQHandler                         0x080001d5   Thumb Code     0  startup_stm32f10x_md.o(.text)
    EXTI9_5_IRQHandler                       0x080001d5   Thumb Code     0  startup_stm32f10x_md.o(.text)
    FLASH_IRQHandler                         0x080001d5   Thumb Code     0  startup_stm32f10x_md.o(.text)
    I2C1_ER_IRQHandler                       0x080001d5   Thumb Code     0  startup_stm32f10x_md.o(.text)
    I2C1_EV_IRQHandler                       0x080001d5   Thumb Code     0  startup_stm32f10x_md.o(.text)
    I2C2_ER_IRQHandler                       0x080001d5   Thumb Code     0  startup_stm32f10x_md.o(.text)
    I2C2_EV_IRQHandler                       0x080001d5   Thumb Code     0  startup_stm32f10x_md.o(.text)
    PVD_IRQHandler                           0x080001d5   Thumb Code     0  startup_stm32f10x_md.o(.text)
    RCC_IRQHandler                           0x080001d5   Thumb Code     0  startup_stm32f10x_md.o(.text)
    RTCAlarm_IRQHandler                      0x080001d5   Thumb Code     0  startup_stm32f10x_md.o(.text)
    RTC_IRQHandler                           0x080001d5   Thumb Code     0  startup_stm32f10x_md.o(.text)
    SPI1_IRQHandler                          0x080001d5   Thumb Code     0  startup_stm32f10x_md.o(.text)
    SPI2_IRQHandler                          0x080001d5   Thumb Code     0  startup_stm32f10x_md.o(.text)
    TAMPER_IRQHandler                        0x080001d5   Thumb Code     0  startup_stm32f10x_md.o(.text)
    TIM1_BRK_IRQHandler                      0x080001d5   Thumb Code     0  startup_stm32f10x_md.o(.text)
    TIM1_CC_IRQHandler                       0x080001d5   Thumb Code     0  startup_stm32f10x_md.o(.text)
    TIM1_TRG_COM_IRQHandler                  0x080001d5   Thumb Code     0  startup_stm32f10x_md.o(.text)
    TIM1_UP_IRQHandler                       0x080001d5   Thumb Code     0  startup_stm32f10x_md.o(.text)
    TIM2_IRQHandler                          0x080001d5   Thumb Code     0  startup_stm32f10x_md.o(.text)
    TIM3_IRQHandler                          0x080001d5   Thumb Code     0  startup_stm32f10x_md.o(.text)
    TIM4_IRQHandler                          0x080001d5   Thumb Code     0  startup_stm32f10x_md.o(.text)
    USART1_IRQHandler                        0x080001d5   Thumb Code     0  startup_stm32f10x_md.o(.text)
    USART2_IRQHandler                        0x080001d5   Thumb Code     0  startup_stm32f10x_md.o(.text)
    USART3_IRQHandler                        0x080001d5   Thumb Code     0  startup_stm32f10x_md.o(.text)
    USBWakeUp_IRQHandler                     0x080001d5   Thumb Code     0  startup_stm32f10x_md.o(.text)
    USB_HP_CAN1_TX_IRQHandler                0x080001d5   Thumb Code     0  startup_stm32f10x_md.o(.text)
    USB_LP_CAN1_RX0_IRQHandler               0x080001d5   Thumb Code     0  startup_stm32f10x_md.o(.text)
    WWDG_IRQHandler                          0x080001d5   Thumb Code     0  startup_stm32f10x_md.o(.text)
    __user_initial_stackheap                 0x080001d9   Thumb Code     0  startup_stm32f10x_md.o(.text)
    __port_switch                            0x08000201   Thumb Code    16  chcoreasm.o(.text)
    __port_thread_start                      0x08000211   Thumb Code    18  chcoreasm.o(.text)
    __port_switch_from_isr                   0x08000223   Thumb Code     8  chcoreasm.o(.text)
    __port_exit_from_isr                     0x08000227   Thumb Code     0  chcoreasm.o(.text)
    __aeabi_memcpy4                          0x0800022b   Thumb Code     0  rt_memcpy_w.o(.text)
    __aeabi_memcpy8                          0x0800022b   Thumb Code     0  rt_memcpy_w.o(.text)
    __rt_memcpy_w                            0x0800022b   Thumb Code   100  rt_memcpy_w.o(.text)
    _memcpy_lastbytes_aligned                0x08000273   Thumb Code     0  rt_memcpy_w.o(.text)
    __aeabi_memclr                           0x0800028f   Thumb Code     0  rt_memclr.o(.text)
    __rt_memclr                              0x0800028f   Thumb Code    68  rt_memclr.o(.text)
    _memset                                  0x08000293   Thumb Code     0  rt_memclr.o(.text)
    __aeabi_memclr4                          0x080002d3   Thumb Code     0  rt_memclr_w.o(.text)
    __aeabi_memclr8                          0x080002d3   Thumb Code     0  rt_memclr_w.o(.text)
    __rt_memclr_w                            0x080002d3   Thumb Code    78  rt_memclr_w.o(.text)
    _memset_w                                0x080002d7   Thumb Code     0  rt_memclr_w.o(.text)
    __use_two_region_memory                  0x08000321   Thumb Code     2  heapauxi.o(.text)
    __rt_heap_escrow$2region                 0x08000323   Thumb Code     2  heapauxi.o(.text)
    __rt_heap_expand$2region                 0x08000325   Thumb Code     2  heapauxi.o(.text)
    exit                                     0x08000327   Thumb Code    18  exit.o(.text)
    _sys_exit                                0x08000339   Thumb Code     8  sys_exit.o(.text)
    __I$use$semihosting                      0x08000345   Thumb Code     0  use_no_semi.o(.text)
    __use_no_semihosting_swi                 0x08000345   Thumb Code     2  use_no_semi.o(.text)
    __semihosting_library_function           0x08000347   Thumb Code     0  indicate_semi.o(.text)
    BusFault_Handler                         0x08000349   Thumb Code     6  stm32f10x_it.o(i.BusFault_Handler)
    DebugMon_Handler                         0x080003b5   Thumb Code     2  stm32f10x_it.o(i.DebugMon_Handler)
    GPIO_Init                                0x080003b7   Thumb Code   278  stm32f10x_gpio.o(i.GPIO_Init)
    GPIO_ReadInputDataBit                    0x080004cd   Thumb Code    18  stm32f10x_gpio.o(i.GPIO_ReadInputDataBit)
    HardFault_Handler                        0x080004e1   Thumb Code     6  stm32f10x_it.o(i.HardFault_Handler)
    MemManage_Handler                        0x080004f5   Thumb Code     6  stm32f10x_it.o(i.MemManage_Handler)
    NMI_Handler                              0x08000509   Thumb Code     2  stm32f10x_it.o(i.NMI_Handler)
    RCC_APB2PeriphClockCmd                   0x08000535   Thumb Code    26  stm32f10x_rcc.o(i.RCC_APB2PeriphClockCmd)
    RCC_GetClocksFreq                        0x08000555   Thumb Code   192  stm32f10x_rcc.o(i.RCC_GetClocksFreq)
    SVC_Handler                              0x08000629   Thumb Code    32  chcore.o(i.SVC_Handler)
    SysTick_Handler                          0x08000731   Thumb Code    56  chibios_port.o(i.SysTick_Handler)
    SystemCoreClockUpdate                    0x08000769   Thumb Code   142  system_stm32f10x.o(i.SystemCoreClockUpdate)
    SystemInit                               0x0800080d   Thumb Code    78  system_stm32f10x.o(i.SystemInit)
    USART_Cmd                                0x0800086d   Thumb Code    24  stm32f10x_usart.o(i.USART_Cmd)
    USART_GetFlagStatus                      0x08000885   Thumb Code    26  stm32f10x_usart.o(i.USART_GetFlagStatus)
    USART_Init                               0x080008a1   Thumb Code   210  stm32f10x_usart.o(i.USART_Init)
    USART_SendData                           0x08000979   Thumb Code     8  stm32f10x_usart.o(i.USART_SendData)
    USART_StructInit                         0x08000981   Thumb Code    24  stm32f10x_usart.o(i.USART_StructInit)
    UsageFault_Handler                       0x08000a49   Thumb Code     6  stm32f10x_it.o(i.UsageFault_Handler)
    __core_init                              0x08000a5d   Thumb Code    14  chmemcore.o(i.__core_init)
    __factory_init                           0x08000a75   Thumb Code    82  chfactory.o(i.__factory_init)
    __heap_init                              0x08000ad1   Thumb Code    34  chmemheaps.o(i.__heap_init)
    __port_irq_epilogue                      0x08000b09   Thumb Code    84  chcore.o(i.__port_irq_epilogue)
    algoFocInit                              0x08000ca1   Thumb Code    40  algo_foc.o(i.algoFocInit)
    algoFocStep                              0x08000cd5   Thumb Code   138  algo_foc.o(i.algoFocStep)
    algoLimitS32                             0x08000d6d   Thumb Code    22  algo_limit.o(i.algoLimitS32)
    algoLimitU16                             0x08000d83   Thumb Code    22  algo_limit.o(i.algoLimitU16)
    algoObserverInit                         0x08000d99   Thumb Code    12  algo_observer.o(i.algoObserverInit)
    algoObserverStep                         0x08000da5   Thumb Code    30  algo_observer.o(i.algoObserverStep)
    algoPidInit                              0x08000dd9   Thumb Code    24  algo_pid.o(i.algoPidInit)
    algoPidReset                             0x08000df1   Thumb Code    12  algo_pid.o(i.algoPidReset)
    algoPidStep                              0x08000dfd   Thumb Code    66  algo_pid.o(i.algoPidStep)
    algoRampInit                             0x08000e3f   Thumb Code    14  algo_ramp.o(i.algoRampInit)
    algoRampStep                             0x08000e4d   Thumb Code    58  algo_ramp.o(i.algoRampStep)
    appFastLoopInit                          0x08000e87   Thumb Code     2  app_fastloop.o(i.appFastLoopInit)
    appFastLoopStep                          0x08000e89   Thumb Code   166  app_fastloop.o(i.appFastLoopStep)
    appFaultMgrCheck                         0x08000f2f   Thumb Code    54  app_fault_mgr.o(i.appFaultMgrCheck)
    appFaultMgrInit                          0x08000f65   Thumb Code     2  app_fault_mgr.o(i.appFaultMgrInit)
    appGetRuntime                            0x08000f69   Thumb Code     4  app_main.o(i.appGetRuntime)
    appInit                                  0x08000f71   Thumb Code   112  app_main.o(i.appInit)
    appMenuBack                              0x080010e9   Thumb Code    20  app_menu.o(i.appMenuBack)
    appMenuBuildView                         0x08001101   Thumb Code   238  app_menu.o(i.appMenuBuildView)
    appMenuEnter                             0x080011f9   Thumb Code    64  app_menu.o(i.appMenuEnter)
    appMenuInit                              0x08001275   Thumb Code    36  app_menu.o(i.appMenuInit)
    appMenuMoveNext                          0x080012a1   Thumb Code    70  app_menu.o(i.appMenuMoveNext)
    appMenuMovePrev                          0x080012ed   Thumb Code    68  app_menu.o(i.appMenuMovePrev)
    appStartSystemTick                       0x08001381   Thumb Code    96  app_main.o(i.appStartSystemTick)
    appStateMachineInit                      0x08001441   Thumb Code     8  app_state_machine.o(i.appStateMachineInit)
    appStateMachineStep                      0x0800144d   Thumb Code    70  app_state_machine.o(i.appStateMachineStep)
    appTaskControlStart                      0x08001499   Thumb Code    22  app_task_control.o(i.appTaskControlStart)
    appTaskUiStart                           0x080014b9   Thumb Code    22  app_task_ui.o(i.appTaskUiStart)
    chCoreAllocFromTop                       0x080014eb   Thumb Code    36  chmemcore.o(i.chCoreAllocFromTop)
    chCoreAllocFromTopI                      0x08001511   Thumb Code    60  chmemcore.o(i.chCoreAllocFromTopI)
    chCoreGetStatusX                         0x08001551   Thumb Code    20  chmemcore.o(i.chCoreGetStatusX)
    chInstanceObjectInit                     0x08001569   Thumb Code   210  chinstances.o(i.chInstanceObjectInit)
    chMtxObjectInit                          0x08001649   Thumb Code    18  chmtx.o(i.chMtxObjectInit)
    chPoolObjectInitAligned                  0x08001671   Thumb Code    18  chmempools.o(i.chPoolObjectInitAligned)
    chSchDoPreemption                        0x08001685   Thumb Code    52  chschd.o(i.chSchDoPreemption)
    chSchGoSleepS                            0x080016bd   Thumb Code    60  chschd.o(i.chSchGoSleepS)
    chSchGoSleepTimeoutS                     0x080016fd   Thumb Code    70  chschd.o(i.chSchGoSleepTimeoutS)
    chSchIsPreemptionRequired                0x0800174d   Thumb Code    24  chschd.o(i.chSchIsPreemptionRequired)
    chSchReadyI                              0x08001769   Thumb Code    16  chschd.o(i.chSchReadyI)
    chSchWakeupS                             0x08001779   Thumb Code    74  chschd.o(i.chSchWakeupS)
    chSysHalt                                0x080017f5   Thumb Code    26  chsys.o(i.chSysHalt)
    chSysInit                                0x08001819   Thumb Code   116  chsys.o(i.chSysInit)
    chSysTimerHandlerI                       0x080018b5   Thumb Code    12  chsys.o(i.chSysTimerHandlerI)
    chTMObjectInit                           0x08001909   Thumb Code    22  chtm.o(i.chTMObjectInit)
    chTMStartMeasurementX                    0x08001921   Thumb Code    10  chtm.o(i.chTMStartMeasurementX)
    chTMStopMeasurementX                     0x08001931   Thumb Code    26  chtm.o(i.chTMStopMeasurementX)
    chThdCreateStatic                        0x08001955   Thumb Code   144  chthreads.o(i.chThdCreateStatic)
    chThdExit                                0x080019ed   Thumb Code    16  chthreads.o(i.chThdExit)
    chThdExitS                               0x080019fd   Thumb Code    86  chthreads.o(i.chThdExitS)
    chThdObjectInit                          0x08001a61   Thumb Code    96  chthreads.o(i.chThdObjectInit)
    chThdSleep                               0x08001ac5   Thumb Code    20  chthreads.o(i.chThdSleep)
    chThdSpawnRunningI                       0x08001aeb   Thumb Code    22  chthreads.o(i.chThdSpawnRunningI)
    chThdSpawnSuspendedI                     0x08001b01   Thumb Code    74  chthreads.o(i.chThdSpawnSuspendedI)
    chVTDoResetI                             0x08001b51   Thumb Code    42  chvt.o(i.chVTDoResetI)
    chVTDoSetI                               0x08001b81   Thumb Code    42  chvt.o(i.chVTDoSetI)
    chVTDoTickI                              0x08001bb1   Thumb Code   118  chvt.o(i.chVTDoTickI)
    drvAdc1GetLatest                         0x08001ca5   Thumb Code   160  drv_adc1.o(i.drvAdc1GetLatest)
    drvAdc1Init                              0x08001d51   Thumb Code    44  drv_adc1.o(i.drvAdc1Init)
    drvGatePinInit                           0x08001d89   Thumb Code     8  drv_gpio.o(i.drvGatePinInit)
    drvGatePinRead                           0x08001d95   Thumb Code     6  drv_gpio.o(i.drvGatePinRead)
    drvGatePinWrite                          0x08001da1   Thumb Code     6  drv_gpio.o(i.drvGatePinWrite)
    drvGpioInit                              0x08001dad   Thumb Code     8  drv_gpio.o(i.drvGpioInit)
    drvIrqInit                               0x08001db9   Thumb Code     2  drv_irq.o(i.drvIrqInit)
    drvKeysGetState                          0x08001dbd   Thumb Code    16  drv_keys.o(i.drvKeysGetState)
    drvKeysInit                              0x08001dd1   Thumb Code    52  drv_keys.o(i.drvKeysInit)
    drvKeysScan                              0x08001e31   Thumb Code   126  drv_keys.o(i.drvKeysScan)
    drvOledU8g2Display                       0x08001f61   Thumb Code   172  drv_oled_u8g2_display.o(i.drvOledU8g2Display)
    drvOledU8g2GpioAndDelay                  0x08002025   Thumb Code   146  drv_oled_u8g2_port.o(i.drvOledU8g2GpioAndDelay)
    drvTim1PwmApply                          0x08002109   Thumb Code    18  drv_tim1_pwm.o(i.drvTim1PwmApply)
    drvTim1PwmInit                           0x08002121   Thumb Code    14  drv_tim1_pwm.o(i.drvTim1PwmInit)
    drvUsart1Init                            0x08002135   Thumb Code   132  drv_usart1.o(i.drvUsart1Init)
    drvUsart1IsReady                         0x080021c9   Thumb Code     6  drv_usart1.o(i.drvUsart1IsReady)
    drvUsart1Write                           0x080021d5   Thumb Code    52  drv_usart1.o(i.drvUsart1Write)
    drvUsart1WriteChar                       0x08002211   Thumb Code    38  drv_usart1.o(i.drvUsart1WriteChar)
    halBoardInit                             0x08002275   Thumb Code    32  hal_board.o(i.halBoardInit)
    halGateInit                              0x08002295   Thumb Code    14  hal_gate_if.o(i.halGateInit)
    halGateIsEnabled                         0x080022a3   Thumb Code     8  hal_gate_if.o(i.halGateIsEnabled)
    halGateSetEnabled                        0x080022ab   Thumb Code    12  hal_gate_if.o(i.halGateSetEnabled)
    halKeysInit                              0x080022b9   Thumb Code    14  hal_keys_if.o(i.halKeysInit)
    halKeysPoll                              0x080022cd   Thumb Code    94  hal_keys_if.o(i.halKeysPoll)
    halMotorApplyOutput                      0x08002331   Thumb Code    42  hal_motor_if.o(i.halMotorApplyOutput)
    halMotorInit                             0x0800235b   Thumb Code     8  hal_motor_if.o(i.halMotorInit)
    halOledInit                              0x080024b5   Thumb Code    66  hal_oled_if.o(i.halOledInit)
    halOledShowMenu                          0x08002511   Thumb Code   214  hal_oled_if.o(i.halOledShowMenu)
    halSenseGetFeedbackSnapshot              0x080025f5   Thumb Code    48  hal_sense_if.o(i.halSenseGetFeedbackSnapshot)
    halSenseInit                             0x08002625   Thumb Code     8  hal_sense_if.o(i.halSenseInit)
    halUartInit                              0x0800262d   Thumb Code     8  hal_uart_if.o(i.halUartInit)
    halUartWrite                             0x08002635   Thumb Code    12  hal_uart_if.o(i.halUartWrite)
    main                                     0x080027d1   Thumb Code    30  main.o(i.main)
    port_init                                0x08002829   Thumb Code    90  chcore.o(i.port_init)
    u8g2_ClearBuffer                         0x080028cb   Thumb Code    26  u8g2_buffer.o(i.u8g2_ClearBuffer)
    u8g2_ClearDisplay                        0x080028e5   Thumb Code    32  u8g2_cleardisplay.o(i.u8g2_ClearDisplay)
    u8g2_DrawBox                             0x08002905   Thumb Code    74  u8g2_box.o(i.u8g2_DrawBox)
    u8g2_DrawFrame                           0x0800294f   Thumb Code   138  u8g2_box.o(i.u8g2_DrawFrame)
    u8g2_DrawGlyph                           0x080029d9   Thumb Code    98  u8g2_font.o(i.u8g2_DrawGlyph)
    u8g2_DrawHVLine                          0x08002a3b   Thumb Code   220  u8g2_hvline.o(i.u8g2_DrawHVLine)
    u8g2_DrawPixel                           0x08002b17   Thumb Code    68  u8g2_hvline.o(i.u8g2_DrawPixel)
    u8g2_DrawStr                             0x08002b5d   Thumb Code    32  u8g2_font.o(i.u8g2_DrawStr)
    u8g2_FirstPage                           0x08002b81   Thumb Code    26  u8g2_buffer.o(i.u8g2_FirstPage)
    u8g2_IsIntersection                      0x08002b9b   Thumb Code    58  u8g2_intersection.o(i.u8g2_IsIntersection)
    u8g2_NextPage                            0x08002bd5   Thumb Code    64  u8g2_buffer.o(i.u8g2_NextPage)
    u8g2_SetBufferCurrTileRow                0x08002c15   Thumb Code    28  u8g2_buffer.o(i.u8g2_SetBufferCurrTileRow)
    u8g2_SetDrawColor                        0x08002c31   Thumb Code    16  u8g2_hvline.o(i.u8g2_SetDrawColor)
    u8g2_SetFont                             0x08002c41   Thumb Code    32  u8g2_font.o(i.u8g2_SetFont)
    u8g2_SetFontMode                         0x08002c61   Thumb Code     6  u8g2_font.o(i.u8g2_SetFontMode)
    u8g2_SetFontPosBaseline                  0x08002c69   Thumb Code     6  u8g2_font.o(i.u8g2_SetFontPosBaseline)
    u8g2_SetMaxClipWindow                    0x08002c75   Thumb Code    32  u8g2_setup.o(i.u8g2_SetMaxClipWindow)
    u8g2_SetupBuffer                         0x08002c95   Thumb Code    90  u8g2_setup.o(i.u8g2_SetupBuffer)
    u8g2_Setup_ssd1306_i2c_64x32_1f_1        0x08002cf1   Thumb Code    54  drv_oled_u8g2_setup.o(i.u8g2_Setup_ssd1306_i2c_64x32_1f_1)
    u8g2_UpdateRefHeight                     0x08002d35   Thumb Code   136  u8g2_font.o(i.u8g2_UpdateRefHeight)
    u8g2_add_vector_x                        0x08002dbd   Thumb Code    42  u8g2_font.o(i.u8g2_add_vector_x)
    u8g2_add_vector_y                        0x08002de7   Thumb Code    42  u8g2_font.o(i.u8g2_add_vector_y)
    u8g2_draw_hv_line_2dir                   0x08002ed7   Thumb Code    44  u8g2_hvline.o(i.u8g2_draw_hv_line_2dir)
    u8g2_draw_l90_mirrorr_r0                 0x08002f03   Thumb Code    60  u8g2_setup.o(i.u8g2_draw_l90_mirrorr_r0)
    u8g2_draw_l90_r0                         0x08002f3f   Thumb Code    36  u8g2_setup.o(i.u8g2_draw_l90_r0)
    u8g2_draw_l90_r1                         0x08002f63   Thumb Code    68  u8g2_setup.o(i.u8g2_draw_l90_r1)
    u8g2_draw_l90_r2                         0x08002fa7   Thumb Code    86  u8g2_setup.o(i.u8g2_draw_l90_r2)
    u8g2_draw_l90_r3                         0x08002ffd   Thumb Code    80  u8g2_setup.o(i.u8g2_draw_l90_r3)
    u8g2_draw_mirror_vertical_r0             0x0800304d   Thumb Code    60  u8g2_setup.o(i.u8g2_draw_mirror_vertical_r0)
    u8g2_font_calc_vref_font                 0x08003119   Thumb Code     6  u8g2_font.o(i.u8g2_font_calc_vref_font)
    u8g2_font_decode_get_signed_bits         0x0800311f   Thumb Code    36  u8g2_font.o(i.u8g2_font_decode_get_signed_bits)
    u8g2_font_decode_get_unsigned_bits       0x08003143   Thumb Code    66  u8g2_font.o(i.u8g2_font_decode_get_unsigned_bits)
    u8g2_font_decode_glyph                   0x08003185   Thumb Code   386  u8g2_font.o(i.u8g2_font_decode_glyph)
    u8g2_font_decode_len                     0x08003307   Thumb Code   176  u8g2_font.o(i.u8g2_font_decode_len)
    u8g2_font_get_glyph_data                 0x080033f9   Thumb Code   146  u8g2_font.o(i.u8g2_font_get_glyph_data)
    u8g2_is_intersection_decision_tree       0x080034e3   Thumb Code    48  u8g2_intersection.o(i.u8g2_is_intersection_decision_tree)
    u8g2_ll_hvline_vertical_top_lsb          0x08003513   Thumb Code   238  u8g2_ll_hvline.o(i.u8g2_ll_hvline_vertical_top_lsb)
    u8g2_m_8_4_1                             0x08003601   Thumb Code    10  drv_oled_u8g2_setup.o(i.u8g2_m_8_4_1)
    u8g2_read_font_info                      0x08003611   Thumb Code   224  u8g2_font.o(i.u8g2_read_font_info)
    u8g2_update_dimension_r0                 0x080037bd   Thumb Code    12  u8g2_setup.o(i.u8g2_update_dimension_r0)
    u8g2_update_dimension_r1                 0x080037c9   Thumb Code    28  u8g2_setup.o(i.u8g2_update_dimension_r1)
    u8g2_update_dimension_r2                 0x080037e5   Thumb Code    12  u8g2_setup.o(i.u8g2_update_dimension_r2)
    u8g2_update_dimension_r3                 0x080037f1   Thumb Code    28  u8g2_setup.o(i.u8g2_update_dimension_r3)
    u8g2_update_page_win_r0                  0x0800380d   Thumb Code    32  u8g2_setup.o(i.u8g2_update_page_win_r0)
    u8g2_update_page_win_r1                  0x0800382d   Thumb Code    32  u8g2_setup.o(i.u8g2_update_page_win_r1)
    u8g2_update_page_win_r2                  0x0800384d   Thumb Code    60  u8g2_setup.o(i.u8g2_update_page_win_r2)
    u8g2_update_page_win_r3                  0x08003889   Thumb Code    60  u8g2_setup.o(i.u8g2_update_page_win_r3)
    u8x8_DrawTile                            0x080038c5   Thumb Code    50  u8x8_display.o(i.u8x8_DrawTile)
    u8x8_InitDisplay                         0x080038f7   Thumb Code    18  u8x8_display.o(i.u8x8_InitDisplay)
    u8x8_RefreshDisplay                      0x08003909   Thumb Code    18  u8x8_display.o(i.u8x8_RefreshDisplay)
    u8x8_SetPowerSave                        0x0800391b   Thumb Code    20  u8x8_display.o(i.u8x8_SetPowerSave)
    u8x8_Setup                               0x0800392f   Thumb Code    42  u8x8_setup.o(i.u8x8_Setup)
    u8x8_SetupDefaults                       0x08003959   Thumb Code    38  u8x8_setup.o(i.u8x8_SetupDefaults)
    u8x8_SetupMemory                         0x08003985   Thumb Code    18  u8x8_display.o(i.u8x8_SetupMemory)
    u8x8_ascii_next                          0x08003997   Thumb Code    18  u8x8_8x8.o(i.u8x8_ascii_next)
    u8x8_byte_EndTransfer                    0x080039a9   Thumb Code    18  u8x8_byte.o(i.u8x8_byte_EndTransfer)
    u8x8_byte_SendByte                       0x080039bb   Thumb Code    16  u8x8_byte.o(i.u8x8_byte_SendByte)
    u8x8_byte_SendBytes                      0x080039cb   Thumb Code    26  u8x8_byte.o(i.u8x8_byte_SendBytes)
    u8x8_byte_StartTransfer                  0x080039e5   Thumb Code    18  u8x8_byte.o(i.u8x8_byte_StartTransfer)
    u8x8_byte_sw_i2c                         0x080039f7   Thumb Code   110  u8x8_byte.o(i.u8x8_byte_sw_i2c)
    u8x8_cad_EndTransfer                     0x08003a65   Thumb Code    18  u8x8_cad.o(i.u8x8_cad_EndTransfer)
    u8x8_cad_SendArg                         0x08003a77   Thumb Code    20  u8x8_cad.o(i.u8x8_cad_SendArg)
    u8x8_cad_SendCmd                         0x08003a8b   Thumb Code    20  u8x8_cad.o(i.u8x8_cad_SendCmd)
    u8x8_cad_SendData                        0x08003a9f   Thumb Code    26  u8x8_cad.o(i.u8x8_cad_SendData)
    u8x8_cad_SendSequence                    0x08003ab9   Thumb Code   124  u8x8_cad.o(i.u8x8_cad_SendSequence)
    u8x8_cad_StartTransfer                   0x08003b35   Thumb Code    18  u8x8_cad.o(i.u8x8_cad_StartTransfer)
    u8x8_cad_ssd13xx_fast_i2c                0x08003b49   Thumb Code   208  u8x8_cad.o(i.u8x8_cad_ssd13xx_fast_i2c)
    u8x8_d_helper_display_init               0x08003c1d   Thumb Code    96  u8x8_display.o(i.u8x8_d_helper_display_init)
    u8x8_d_helper_display_setup_memory       0x08003c7d   Thumb Code    12  u8x8_display.o(i.u8x8_d_helper_display_setup_memory)
    u8x8_dummy_cb                            0x08003c89   Thumb Code     8  u8x8_setup.o(i.u8x8_dummy_cb)
    u8x8_gpio_call                           0x08003c91   Thumb Code    26  u8x8_gpio.o(i.u8x8_gpio_call)
    u8x8_utf8_init                           0x08003cd9   Thumb Code     8  u8x8_8x8.o(i.u8x8_utf8_init)
    ch_core0_cfg                             0x08003f1c   Data          20  chsys.o(.constdata)
    u8g2_cb_r0                               0x08004200   Data          12  u8g2_setup.o(.constdata)
    u8g2_cb_r1                               0x0800420c   Data          12  u8g2_setup.o(.constdata)
    u8g2_cb_r2                               0x08004218   Data          12  u8g2_setup.o(.constdata)
    u8g2_cb_r3                               0x08004224   Data          12  u8g2_setup.o(.constdata)
    u8g2_cb_mirror                           0x08004230   Data          12  u8g2_setup.o(.constdata)
    u8g2_cb_mirror_vertical                  0x0800423c   Data          12  u8g2_setup.o(.constdata)
    u8g2_font_5x8_tr                         0x08004248   Data         844  u8g2_fonts_subset.o(.constdata)
    Region$$Table$$Base                      0x080046e8   Number         0  anon$$obj.o(Region$$Table)
    Region$$Table$$Limit                     0x08004708   Number         0  anon$$obj.o(Region$$Table)
    SystemCoreClock                          0x20000000   Data           4  system_stm32f10x.o(.data)
    AHBPrescTable                            0x20000004   Data          16  system_stm32f10x.o(.data)
    ch_memcore                               0x20000048   Data           8  chmemcore.o(.data)
    ch_system                                0x20000a00   Data          12  chsys.o(.bss)
    ch0                                      0x20000a10   Data         232  chsys.o(.bss)
    ch_factory                               0x20001024   Data          72  chfactory.o(.bss)
    __main_thread_stack_base__               0x20001070   Data           0  startup_stm32f10x_md.o(CSTACK)
    __main_thread_stack_end__                0x20001070   Data           0  startup_stm32f10x_md.o(CSTACK)
    __initial_sp                             0x20001470   Data           0  startup_stm32f10x_md.o(CSTACK)
    __initial_msp                            0x20001a70   Data           0  startup_stm32f10x_md.o(MSTACK)



==============================================================================

Memory Map of the image

  Image Entry point : 0x080000ed

  Load Region LR_IROM1 (Base: 0x08000000, Size: 0x00004760, Max: 0x00010000, ABSOLUTE)

    Execution Region ER_IROM1 (Exec base: 0x08000000, Load base: 0x08000000, Size: 0x00004708, Max: 0x00010000, ABSOLUTE)

    Exec Addr    Load Addr    Size         Type   Attr      Idx    E Section Name        Object

    0x08000000   0x08000000   0x000000ec   Data   RO            4    RESET               startup_stm32f10x_md.o
    0x080000ec   0x080000ec   0x00000008   Code   RO         9538  * !!!main             c_w.l(__main.o)
    0x080000f4   0x080000f4   0x00000034   Code   RO         9930    !!!scatter          c_w.l(__scatter.o)
    0x08000128   0x08000128   0x0000001a   Code   RO         9932    !!handler_copy      c_w.l(__scatter_copy.o)
    0x08000142   0x08000142   0x00000002   PAD
    0x08000144   0x08000144   0x0000001c   Code   RO         9934    !!handler_zi        c_w.l(__scatter_zi.o)
    0x08000160   0x08000160   0x00000002   Code   RO         9790    .ARM.Collect$$libinit$$00000000  c_w.l(libinit.o)
    0x08000162   0x08000162   0x00000000   Code   RO         9801    .ARM.Collect$$libinit$$00000002  c_w.l(libinit2.o)
    0x08000162   0x08000162   0x00000000   Code   RO         9803    .ARM.Collect$$libinit$$00000004  c_w.l(libinit2.o)
    0x08000162   0x08000162   0x00000000   Code   RO         9806    .ARM.Collect$$libinit$$0000000A  c_w.l(libinit2.o)
    0x08000162   0x08000162   0x00000000   Code   RO         9808    .ARM.Collect$$libinit$$0000000C  c_w.l(libinit2.o)
    0x08000162   0x08000162   0x00000000   Code   RO         9810    .ARM.Collect$$libinit$$0000000E  c_w.l(libinit2.o)
    0x08000162   0x08000162   0x00000000   Code   RO         9813    .ARM.Collect$$libinit$$00000011  c_w.l(libinit2.o)
    0x08000162   0x08000162   0x00000000   Code   RO         9815    .ARM.Collect$$libinit$$00000013  c_w.l(libinit2.o)
    0x08000162   0x08000162   0x00000000   Code   RO         9817    .ARM.Collect$$libinit$$00000015  c_w.l(libinit2.o)
    0x08000162   0x08000162   0x00000000   Code   RO         9819    .ARM.Collect$$libinit$$00000017  c_w.l(libinit2.o)
    0x08000162   0x08000162   0x00000000   Code   RO         9821    .ARM.Collect$$libinit$$00000019  c_w.l(libinit2.o)
    0x08000162   0x08000162   0x00000000   Code   RO         9823    .ARM.Collect$$libinit$$0000001B  c_w.l(libinit2.o)
    0x08000162   0x08000162   0x00000000   Code   RO         9825    .ARM.Collect$$libinit$$0000001D  c_w.l(libinit2.o)
    0x08000162   0x08000162   0x00000000   Code   RO         9827    .ARM.Collect$$libinit$$0000001F  c_w.l(libinit2.o)
    0x08000162   0x08000162   0x00000000   Code   RO         9829    .ARM.Collect$$libinit$$00000021  c_w.l(libinit2.o)
    0x08000162   0x08000162   0x00000000   Code   RO         9831    .ARM.Collect$$libinit$$00000023  c_w.l(libinit2.o)
    0x08000162   0x08000162   0x00000000   Code   RO         9833    .ARM.Collect$$libinit$$00000025  c_w.l(libinit2.o)
    0x08000162   0x08000162   0x00000000   Code   RO         9837    .ARM.Collect$$libinit$$0000002C  c_w.l(libinit2.o)
    0x08000162   0x08000162   0x00000000   Code   RO         9839    .ARM.Collect$$libinit$$0000002E  c_w.l(libinit2.o)
    0x08000162   0x08000162   0x00000000   Code   RO         9841    .ARM.Collect$$libinit$$00000030  c_w.l(libinit2.o)
    0x08000162   0x08000162   0x00000000   Code   RO         9843    .ARM.Collect$$libinit$$00000032  c_w.l(libinit2.o)
    0x08000162   0x08000162   0x00000002   Code   RO         9844    .ARM.Collect$$libinit$$00000033  c_w.l(libinit2.o)
    0x08000164   0x08000164   0x00000002   Code   RO         9868    .ARM.Collect$$libshutdown$$00000000  c_w.l(libshutdown.o)
    0x08000166   0x08000166   0x00000000   Code   RO         9881    .ARM.Collect$$libshutdown$$00000002  c_w.l(libshutdown2.o)
    0x08000166   0x08000166   0x00000000   Code   RO         9883    .ARM.Collect$$libshutdown$$00000004  c_w.l(libshutdown2.o)
    0x08000166   0x08000166   0x00000000   Code   RO         9885    .ARM.Collect$$libshutdown$$00000006  c_w.l(libshutdown2.o)
    0x08000166   0x08000166   0x00000000   Code   RO         9888    .ARM.Collect$$libshutdown$$00000009  c_w.l(libshutdown2.o)
    0x08000166   0x08000166   0x00000000   Code   RO         9891    .ARM.Collect$$libshutdown$$0000000C  c_w.l(libshutdown2.o)
    0x08000166   0x08000166   0x00000000   Code   RO         9893    .ARM.Collect$$libshutdown$$0000000E  c_w.l(libshutdown2.o)
    0x08000166   0x08000166   0x00000000   Code   RO         9896    .ARM.Collect$$libshutdown$$00000011  c_w.l(libshutdown2.o)
    0x08000166   0x08000166   0x00000002   Code   RO         9897    .ARM.Collect$$libshutdown$$00000012  c_w.l(libshutdown2.o)
    0x08000168   0x08000168   0x00000000   Code   RO         9596    .ARM.Collect$$rtentry$$00000000  c_w.l(__rtentry.o)
    0x08000168   0x08000168   0x00000000   Code   RO         9696    .ARM.Collect$$rtentry$$00000002  c_w.l(__rtentry2.o)
    0x08000168   0x08000168   0x00000004   Code   RO         9710    .ARM.Collect$$rtentry$$00000005  c_w.l(__rtentry5.o)
    0x0800016c   0x0800016c   0x00000000   Code   RO         9698    .ARM.Collect$$rtentry$$00000009  c_w.l(__rtentry2.o)
    0x0800016c   0x0800016c   0x00000004   Code   RO         9699    .ARM.Collect$$rtentry$$0000000A  c_w.l(__rtentry2.o)
    0x08000170   0x08000170   0x00000000   Code   RO         9701    .ARM.Collect$$rtentry$$0000000C  c_w.l(__rtentry2.o)
    0x08000170   0x08000170   0x00000008   Code   RO         9702    .ARM.Collect$$rtentry$$0000000D  c_w.l(__rtentry2.o)
    0x08000178   0x08000178   0x00000004   Code   RO         9711    .ARM.Collect$$rtentry$$00002716  c_w.l(__rtentry5.o)
    0x0800017c   0x0800017c   0x00000002   Code   RO         9795    .ARM.Collect$$rtexit$$00000000  c_w.l(rtexit.o)
    0x0800017e   0x0800017e   0x00000000   Code   RO         9848    .ARM.Collect$$rtexit$$00000002  c_w.l(rtexit2.o)
    0x0800017e   0x0800017e   0x00000004   Code   RO         9849    .ARM.Collect$$rtexit$$00000003  c_w.l(rtexit2.o)
    0x08000182   0x08000182   0x00000006   Code   RO         9850    .ARM.Collect$$rtexit$$00000004  c_w.l(rtexit2.o)
    0x08000188   0x08000188   0x00000020   Code   RO           11    .emb_text           core_cm3.o
    0x080001a8   0x080001a8   0x00000058   Code   RO            5    .text               startup_stm32f10x_md.o
    0x08000200   0x08000200   0x0000002a   Code   RO         4525    .text               chcoreasm.o
    0x0800022a   0x0800022a   0x00000064   Code   RO         9528    .text               c_w.l(rt_memcpy_w.o)
    0x0800028e   0x0800028e   0x00000044   Code   RO         9530    .text               c_w.l(rt_memclr.o)
    0x080002d2   0x080002d2   0x0000004e   Code   RO         9532    .text               c_w.l(rt_memclr_w.o)
    0x08000320   0x08000320   0x00000006   Code   RO         9536    .text               c_w.l(heapauxi.o)
    0x08000326   0x08000326   0x00000012   Code   RO         9783    .text               c_w.l(exit.o)
    0x08000338   0x08000338   0x0000000c   Code   RO         9860    .text               c_w.l(sys_exit.o)
    0x08000344   0x08000344   0x00000002   Code   RO         9871    .text               c_w.l(use_no_semi.o)
    0x08000346   0x08000346   0x00000000   Code   RO         9873    .text               c_w.l(indicate_semi.o)
    0x08000346   0x08000346   0x00000002   PAD
    0x08000348   0x08000348   0x00000014   Code   RO         3388    i.BusFault_Handler  stm32f10x_it.o
    0x0800035c   0x0800035c   0x00000058   Code   RO         3630    i.ControlThread     app_task_control.o
    0x080003b4   0x080003b4   0x00000002   Code   RO         3389    i.DebugMon_Handler  stm32f10x_it.o
    0x080003b6   0x080003b6   0x00000116   Code   RO         1348    i.GPIO_Init         stm32f10x_gpio.o
    0x080004cc   0x080004cc   0x00000012   Code   RO         1352    i.GPIO_ReadInputDataBit  stm32f10x_gpio.o
    0x080004de   0x080004de   0x00000002   PAD
    0x080004e0   0x080004e0   0x00000014   Code   RO         3390    i.HardFault_Handler  stm32f10x_it.o
    0x080004f4   0x080004f4   0x00000014   Code   RO         3391    i.MemManage_Handler  stm32f10x_it.o
    0x08000508   0x08000508   0x00000002   Code   RO         3392    i.NMI_Handler       stm32f10x_it.o
    0x0800050a   0x0800050a   0x00000002   PAD
    0x0800050c   0x0800050c   0x00000028   Code   RO         4392    i.NVIC_SetPriority  chcore.o
    0x08000534   0x08000534   0x00000020   Code   RO         1778    i.RCC_APB2PeriphClockCmd  stm32f10x_rcc.o
    0x08000554   0x08000554   0x000000d4   Code   RO         1786    i.RCC_GetClocksFreq  stm32f10x_rcc.o
    0x08000628   0x08000628   0x00000020   Code   RO         4393    i.SVC_Handler       chcore.o
    0x08000648   0x08000648   0x00000008   Code   RO           25    i.SetSysClock       system_stm32f10x.o
    0x08000650   0x08000650   0x000000e0   Code   RO           26    i.SetSysClockTo72   system_stm32f10x.o
    0x08000730   0x08000730   0x00000038   Code   RO         3441    i.SysTick_Handler   chibios_port.o
    0x08000768   0x08000768   0x000000a4   Code   RO           27    i.SystemCoreClockUpdate  system_stm32f10x.o
    0x0800080c   0x0800080c   0x00000060   Code   RO           28    i.SystemInit        system_stm32f10x.o
    0x0800086c   0x0800086c   0x00000018   Code   RO         2961    i.USART_Cmd         stm32f10x_usart.o
    0x08000884   0x08000884   0x0000001a   Code   RO         2964    i.USART_GetFlagStatus  stm32f10x_usart.o
    0x0800089e   0x0800089e   0x00000002   PAD
    0x080008a0   0x080008a0   0x000000d8   Code   RO         2968    i.USART_Init        stm32f10x_usart.o
    0x08000978   0x08000978   0x00000008   Code   RO         2978    i.USART_SendData    stm32f10x_usart.o
    0x08000980   0x08000980   0x00000018   Code   RO         2984    i.USART_StructInit  stm32f10x_usart.o
    0x08000998   0x08000998   0x000000b0   Code   RO         3654    i.UiThread          app_task_ui.o
    0x08000a48   0x08000a48   0x00000014   Code   RO         3393    i.UsageFault_Handler  stm32f10x_it.o
    0x08000a5c   0x08000a5c   0x00000018   Code   RO         6916    i.__core_init       chmemcore.o
    0x08000a74   0x08000a74   0x0000005c   Code   RO         7497    i.__factory_init    chfactory.o
    0x08000ad0   0x08000ad0   0x0000002c   Code   RO         7001    i.__heap_init       chmemheaps.o
    0x08000afc   0x08000afc   0x0000000c   Code   RO         5095    i.__idle_thread     chinstances.o
    0x08000b08   0x08000b08   0x00000060   Code   RO         4394    i.__port_irq_epilogue  chcore.o
    0x08000b68   0x08000b68   0x00000040   Code   RO         4905    i.__sch_ready_ahead  chschd.o
    0x08000ba8   0x08000ba8   0x00000040   Code   RO         4906    i.__sch_ready_behind  chschd.o
    0x08000be8   0x08000be8   0x00000080   Code   RO         4909    i.__sch_wakeup      chschd.o
    0x08000c68   0x08000c68   0x00000008   Code   RO         3442    i.__set_BASEPRI     chibios_port.o
    0x08000c70   0x08000c70   0x00000008   Code   RO         4395    i.__set_BASEPRI     chcore.o
    0x08000c78   0x08000c78   0x00000008   Code   RO         4529    i.__set_BASEPRI     chsys.o
    0x08000c80   0x08000c80   0x00000008   Code   RO         4743    i.__set_BASEPRI     chvt.o
    0x08000c88   0x08000c88   0x00000008   Code   RO         4910    i.__set_BASEPRI     chschd.o
    0x08000c90   0x08000c90   0x00000008   Code   RO         5198    i.__set_BASEPRI     chthreads.o
    0x08000c98   0x08000c98   0x00000008   Code   RO         6917    i.__set_BASEPRI     chmemcore.o
    0x08000ca0   0x08000ca0   0x00000034   Code   RO         3801    i.algoFocInit       algo_foc.o
    0x08000cd4   0x08000cd4   0x00000098   Code   RO         3802    i.algoFocStep       algo_foc.o
    0x08000d6c   0x08000d6c   0x00000016   Code   RO         3869    i.algoLimitS32      algo_limit.o
    0x08000d82   0x08000d82   0x00000016   Code   RO         3870    i.algoLimitU16      algo_limit.o
    0x08000d98   0x08000d98   0x0000000c   Code   RO         3905    i.algoObserverInit  algo_observer.o
    0x08000da4   0x08000da4   0x0000001e   Code   RO         3906    i.algoObserverStep  algo_observer.o
    0x08000dc2   0x08000dc2   0x00000016   Code   RO         3840    i.algoPidClamp      algo_pid.o
    0x08000dd8   0x08000dd8   0x00000018   Code   RO         3841    i.algoPidInit       algo_pid.o
    0x08000df0   0x08000df0   0x0000000c   Code   RO         3842    i.algoPidReset      algo_pid.o
    0x08000dfc   0x08000dfc   0x00000042   Code   RO         3843    i.algoPidStep       algo_pid.o
    0x08000e3e   0x08000e3e   0x0000000e   Code   RO         3887    i.algoRampInit      algo_ramp.o
    0x08000e4c   0x08000e4c   0x0000003a   Code   RO         3888    i.algoRampStep      algo_ramp.o
    0x08000e86   0x08000e86   0x00000002   Code   RO         3603    i.appFastLoopInit   app_fastloop.o
    0x08000e88   0x08000e88   0x000000a6   Code   RO         3604    i.appFastLoopStep   app_fastloop.o
    0x08000f2e   0x08000f2e   0x00000036   Code   RO         3783    i.appFaultMgrCheck  app_fault_mgr.o
    0x08000f64   0x08000f64   0x00000002   Code   RO         3784    i.appFaultMgrInit   app_fault_mgr.o
    0x08000f66   0x08000f66   0x00000002   PAD
    0x08000f68   0x08000f68   0x00000008   Code   RO         3540    i.appGetRuntime     app_main.o
    0x08000f70   0x08000f70   0x00000178   Code   RO         3541    i.appInit           app_main.o
    0x080010e8   0x080010e8   0x00000018   Code   RO         3682    i.appMenuBack       app_menu.o
    0x08001100   0x08001100   0x000000f8   Code   RO         3683    i.appMenuBuildView  app_menu.o
    0x080011f8   0x080011f8   0x00000044   Code   RO         3685    i.appMenuEnter      app_menu.o
    0x0800123c   0x0800123c   0x00000038   Code   RO         3686    i.appMenuGetSelectedItem  app_menu.o
    0x08001274   0x08001274   0x0000002c   Code   RO         3687    i.appMenuInit       app_menu.o
    0x080012a0   0x080012a0   0x0000004c   Code   RO         3688    i.appMenuMoveNext   app_menu.o
    0x080012ec   0x080012ec   0x00000048   Code   RO         3689    i.appMenuMovePrev   app_menu.o
    0x08001334   0x08001334   0x0000004c   Code   RO         3690    i.appMenuSyncWindow  app_menu.o
    0x08001380   0x08001380   0x000000c0   Code   RO         3542    i.appStartSystemTick  app_main.o
    0x08001440   0x08001440   0x0000000c   Code   RO         3763    i.appStateMachineInit  app_state_machine.o
    0x0800144c   0x0800144c   0x0000004c   Code   RO         3764    i.appStateMachineStep  app_state_machine.o
    0x08001498   0x08001498   0x00000020   Code   RO         3631    i.appTaskControlStart  app_task_control.o
    0x080014b8   0x080014b8   0x00000020   Code   RO         3655    i.appTaskUiStart    app_task_ui.o
    0x080014d8   0x080014d8   0x00000012   Code   RO         7500    i.chCoreAllocAlignedI  chfactory.o
    0x080014ea   0x080014ea   0x00000024   Code   RO         6920    i.chCoreAllocFromTop  chmemcore.o
    0x0800150e   0x0800150e   0x00000002   PAD
    0x08001510   0x08001510   0x00000040   Code   RO         6921    i.chCoreAllocFromTopI  chmemcore.o
    0x08001550   0x08001550   0x00000018   Code   RO         6922    i.chCoreGetStatusX  chmemcore.o
    0x08001568   0x08001568   0x000000e0   Code   RO         5096    i.chInstanceObjectInit  chinstances.o
    0x08001648   0x08001648   0x00000012   Code   RO         5983    i.chMtxObjectInit   chmtx.o
    0x0800165a   0x0800165a   0x00000016   Code   RO         7521    i.chPoolObjectInit  chfactory.o
    0x08001670   0x08001670   0x00000012   Code   RO         7094    i.chPoolObjectInitAligned  chmempools.o
    0x08001682   0x08001682   0x00000002   PAD
    0x08001684   0x08001684   0x00000038   Code   RO         4911    i.chSchDoPreemption  chschd.o
    0x080016bc   0x080016bc   0x00000040   Code   RO         4913    i.chSchGoSleepS     chschd.o
    0x080016fc   0x080016fc   0x00000050   Code   RO         4914    i.chSchGoSleepTimeoutS  chschd.o
    0x0800174c   0x0800174c   0x0000001c   Code   RO         4915    i.chSchIsPreemptionRequired  chschd.o
    0x08001768   0x08001768   0x00000010   Code   RO         4917    i.chSchReadyI       chschd.o
    0x08001778   0x08001778   0x00000050   Code   RO         4920    i.chSchWakeupS      chschd.o
    0x080017c8   0x080017c8   0x0000002c   Code   RO         4921    i.chSftValidateDataPointerX  chschd.o
    0x080017f4   0x080017f4   0x00000024   Code   RO         4532    i.chSysHalt         chsys.o
    0x08001818   0x08001818   0x00000080   Code   RO         4533    i.chSysInit         chsys.o
    0x08001898   0x08001898   0x0000000e   Code   RO         5199    i.chSysLock         chthreads.o
    0x080018a6   0x080018a6   0x0000000e   Code   RO         6923    i.chSysLock         chmemcore.o
    0x080018b4   0x080018b4   0x0000000c   Code   RO         4537    i.chSysTimerHandlerI  chsys.o
    0x080018c0   0x080018c0   0x00000012   Code   RO         4538    i.chSysUnlock       chsys.o
    0x080018d2   0x080018d2   0x00000012   Code   RO         5200    i.chSysUnlock       chthreads.o
    0x080018e4   0x080018e4   0x00000012   Code   RO         6924    i.chSysUnlock       chmemcore.o
    0x080018f6   0x080018f6   0x00000012   Code   RO         4922    i.chSysUnlockFromISR  chschd.o
    0x08001908   0x08001908   0x00000016   Code   RO         5542    i.chTMObjectInit    chtm.o
    0x0800191e   0x0800191e   0x00000002   PAD
    0x08001920   0x08001920   0x00000010   Code   RO         5543    i.chTMStartMeasurementX  chtm.o
    0x08001930   0x08001930   0x00000024   Code   RO         5544    i.chTMStopMeasurementX  chtm.o
    0x08001954   0x08001954   0x00000098   Code   RO         5204    i.chThdCreateStatic  chthreads.o
    0x080019ec   0x080019ec   0x00000010   Code   RO         5211    i.chThdExit         chthreads.o
    0x080019fc   0x080019fc   0x00000056   Code   RO         5212    i.chThdExitS        chthreads.o
    0x08001a52   0x08001a52   0x00000002   PAD
    0x08001a54   0x08001a54   0x0000000c   Code   RO         5213    i.chThdGetSelfX     chthreads.o
    0x08001a60   0x08001a60   0x00000064   Code   RO         5215    i.chThdObjectInit   chthreads.o
    0x08001ac4   0x08001ac4   0x00000014   Code   RO         5223    i.chThdSleep        chthreads.o
    0x08001ad8   0x08001ad8   0x00000012   Code   RO         5224    i.chThdSleepS       chthreads.o
    0x08001aea   0x08001aea   0x00000016   Code   RO         5228    i.chThdSpawnRunningI  chthreads.o
    0x08001b00   0x08001b00   0x00000050   Code   RO         5230    i.chThdSpawnSuspendedI  chthreads.o
    0x08001b50   0x08001b50   0x00000030   Code   RO         4744    i.chVTDoResetI      chvt.o
    0x08001b80   0x08001b80   0x00000030   Code   RO         4746    i.chVTDoSetI        chvt.o
    0x08001bb0   0x08001bb0   0x0000007c   Code   RO         4747    i.chVTDoTickI       chvt.o
    0x08001c2c   0x08001c2c   0x0000000e   Code   RO         4753    i.ch_dlist_dequeue  chvt.o
    0x08001c3a   0x08001c3a   0x0000003a   Code   RO         4754    i.ch_dlist_insert   chvt.o
    0x08001c74   0x08001c74   0x0000000e   Code   RO         4923    i.ch_pqueue_remove_highest  chschd.o
    0x08001c82   0x08001c82   0x0000000e   Code   RO         5238    i.ch_queue_dequeue  chthreads.o
    0x08001c90   0x08001c90   0x00000006   Code   RO         5239    i.ch_queue_init     chthreads.o
    0x08001c96   0x08001c96   0x0000000e   Code   RO         5240    i.ch_queue_insert   chthreads.o
    0x08001ca4   0x08001ca4   0x000000ac   Code   RO         4143    i.drvAdc1GetLatest  drv_adc1.o
    0x08001d50   0x08001d50   0x00000038   Code   RO         4144    i.drvAdc1Init       drv_adc1.o
    0x08001d88   0x08001d88   0x0000000c   Code   RO         4211    i.drvGatePinInit    drv_gpio.o
    0x08001d94   0x08001d94   0x0000000c   Code   RO         4212    i.drvGatePinRead    drv_gpio.o
    0x08001da0   0x08001da0   0x0000000c   Code   RO         4213    i.drvGatePinWrite   drv_gpio.o
    0x08001dac   0x08001dac   0x0000000c   Code   RO         4214    i.drvGpioInit       drv_gpio.o
    0x08001db8   0x08001db8   0x00000002   Code   RO         4196    i.drvIrqInit        drv_irq.o
    0x08001dba   0x08001dba   0x00000002   PAD
    0x08001dbc   0x08001dbc   0x00000014   Code   RO         4246    i.drvKeysGetState   drv_keys.o
    0x08001dd0   0x08001dd0   0x0000003c   Code   RO         4247    i.drvKeysInit       drv_keys.o
    0x08001e0c   0x08001e0c   0x00000024   Code   RO         4248    i.drvKeysReadRawPressed  drv_keys.o
    0x08001e30   0x08001e30   0x00000084   Code   RO         4249    i.drvKeysScan       drv_keys.o
    0x08001eb4   0x08001eb4   0x0000006c   Code   RO         4373    i.drvOledDrawTiles  drv_oled_u8g2_display.o
    0x08001f20   0x08001f20   0x00000012   Code   RO         4316    i.drvOledU8g2BusyWait  drv_oled_u8g2_port.o
    0x08001f32   0x08001f32   0x00000002   PAD
    0x08001f34   0x08001f34   0x0000002c   Code   RO         4317    i.drvOledU8g2DelayUs  drv_oled_u8g2_port.o
    0x08001f60   0x08001f60   0x000000c4   Code   RO         4374    i.drvOledU8g2Display  drv_oled_u8g2_display.o
    0x08002024   0x08002024   0x00000092   Code   RO         4318    i.drvOledU8g2GpioAndDelay  drv_oled_u8g2_port.o
    0x080020b6   0x080020b6   0x00000002   PAD
    0x080020b8   0x080020b8   0x0000003c   Code   RO         4319    i.drvOledU8g2PortInit  drv_oled_u8g2_port.o
    0x080020f4   0x080020f4   0x00000014   Code   RO         4320    i.drvOledU8g2WritePin  drv_oled_u8g2_port.o
    0x08002108   0x08002108   0x00000018   Code   RO         4167    i.drvTim1PwmApply   drv_tim1_pwm.o
    0x08002120   0x08002120   0x00000014   Code   RO         4169    i.drvTim1PwmInit    drv_tim1_pwm.o
    0x08002134   0x08002134   0x00000094   Code   RO         4281    i.drvUsart1Init     drv_usart1.o
    0x080021c8   0x080021c8   0x0000000c   Code   RO         4282    i.drvUsart1IsReady  drv_usart1.o
    0x080021d4   0x080021d4   0x0000003c   Code   RO         4283    i.drvUsart1Write    drv_usart1.o
    0x08002210   0x08002210   0x00000030   Code   RO         4284    i.drvUsart1WriteChar  drv_usart1.o
    0x08002240   0x08002240   0x00000004   Code   RO         7528    i.dyn_list_init     chfactory.o
    0x08002244   0x08002244   0x00000030   Code   RO         3394    i.faultLogAndHalt   stm32f10x_it.o
    0x08002274   0x08002274   0x00000020   Code   RO         4038    i.halBoardInit      hal_board.o
    0x08002294   0x08002294   0x0000000e   Code   RO         4068    i.halGateInit       hal_gate_if.o
    0x080022a2   0x080022a2   0x00000008   Code   RO         4069    i.halGateIsEnabled  hal_gate_if.o
    0x080022aa   0x080022aa   0x0000000c   Code   RO         4070    i.halGateSetEnabled  hal_gate_if.o
    0x080022b6   0x080022b6   0x00000002   PAD
    0x080022b8   0x080022b8   0x00000014   Code   RO         4120    i.halKeysInit       hal_keys_if.o
    0x080022cc   0x080022cc   0x00000064   Code   RO         4121    i.halKeysPoll       hal_keys_if.o
    0x08002330   0x08002330   0x0000002a   Code   RO         3984    i.halMotorApplyOutput  hal_motor_if.o
    0x0800235a   0x0800235a   0x00000008   Code   RO         3986    i.halMotorInit      hal_motor_if.o
    0x08002362   0x08002362   0x00000002   PAD
    0x08002364   0x08002364   0x00000040   Code   RO         3923    i.halOledDrawChevron  hal_oled_if.o
    0x080023a4   0x080023a4   0x00000034   Code   RO         3924    i.halOledDrawLevelDots  hal_oled_if.o
    0x080023d8   0x080023d8   0x00000088   Code   RO         3925    i.halOledDrawMenuRow  hal_oled_if.o
    0x08002460   0x08002460   0x00000054   Code   RO         3926    i.halOledDrawScrollBar  hal_oled_if.o
    0x080024b4   0x080024b4   0x0000005c   Code   RO         3927    i.halOledInit       hal_oled_if.o
    0x08002510   0x08002510   0x000000e4   Code   RO         3928    i.halOledShowMenu   hal_oled_if.o
    0x080025f4   0x080025f4   0x00000030   Code   RO         4014    i.halSenseGetFeedbackSnapshot  hal_sense_if.o
    0x08002624   0x08002624   0x00000008   Code   RO         4015    i.halSenseInit      hal_sense_if.o
    0x0800262c   0x0800262c   0x00000008   Code   RO         4092    i.halUartInit       hal_uart_if.o
    0x08002634   0x08002634   0x0000000c   Code   RO         4094    i.halUartWrite      hal_uart_if.o
    0x08002640   0x08002640   0x00000010   Code   RO         8797    i.i2c_clear_scl     u8x8_byte.o
    0x08002650   0x08002650   0x00000010   Code   RO         8798    i.i2c_clear_sda     u8x8_byte.o
    0x08002660   0x08002660   0x00000012   Code   RO         8799    i.i2c_delay         u8x8_byte.o
    0x08002672   0x08002672   0x00000020   Code   RO         8800    i.i2c_init          u8x8_byte.o
    0x08002692   0x08002692   0x0000002a   Code   RO         8801    i.i2c_read_bit      u8x8_byte.o
    0x080026bc   0x080026bc   0x00000016   Code   RO         8802    i.i2c_read_scl_and_delay  u8x8_byte.o
    0x080026d2   0x080026d2   0x00000010   Code   RO         8803    i.i2c_read_sda      u8x8_byte.o
    0x080026e2   0x080026e2   0x0000003c   Code   RO         8804    i.i2c_start         u8x8_byte.o
    0x0800271e   0x0800271e   0x0000002a   Code   RO         8805    i.i2c_stop          u8x8_byte.o
    0x08002748   0x08002748   0x0000002a   Code   RO         8806    i.i2c_write_bit     u8x8_byte.o
    0x08002772   0x08002772   0x0000005e   Code   RO         8807    i.i2c_write_byte    u8x8_byte.o
    0x080027d0   0x080027d0   0x00000058   Code   RO         3197    i.main              main.o
    0x08002828   0x08002828   0x00000068   Code   RO         4396    i.port_init         chcore.o
    0x08002890   0x08002890   0x0000003a   Code   RO         5545    i.tm_stop           chtm.o
    0x080028ca   0x080028ca   0x0000001a   Code   RO         7881    i.u8g2_ClearBuffer  u8g2_buffer.o
    0x080028e4   0x080028e4   0x00000020   Code   RO         7967    i.u8g2_ClearDisplay  u8g2_cleardisplay.o
    0x08002904   0x08002904   0x0000004a   Code   RO         7979    i.u8g2_DrawBox      u8g2_box.o
    0x0800294e   0x0800294e   0x0000008a   Code   RO         7980    i.u8g2_DrawFrame    u8g2_box.o
    0x080029d8   0x080029d8   0x00000062   Code   RO         8081    i.u8g2_DrawGlyph    u8g2_font.o
    0x08002a3a   0x08002a3a   0x000000dc   Code   RO         8442    i.u8g2_DrawHVLine   u8g2_hvline.o
    0x08002b16   0x08002b16   0x00000044   Code   RO         8443    i.u8g2_DrawPixel    u8g2_hvline.o
    0x08002b5a   0x08002b5a   0x00000002   PAD
    0x08002b5c   0x08002b5c   0x00000024   Code   RO         8084    i.u8g2_DrawStr      u8g2_font.o
    0x08002b80   0x08002b80   0x0000001a   Code   RO         7882    i.u8g2_FirstPage    u8g2_buffer.o
    0x08002b9a   0x08002b9a   0x0000003a   Code   RO         8488    i.u8g2_IsIntersection  u8g2_intersection.o
    0x08002bd4   0x08002bd4   0x00000040   Code   RO         7883    i.u8g2_NextPage     u8g2_buffer.o
    0x08002c14   0x08002c14   0x0000001c   Code   RO         7885    i.u8g2_SetBufferCurrTileRow  u8g2_buffer.o
    0x08002c30   0x08002c30   0x00000010   Code   RO         8445    i.u8g2_SetDrawColor  u8g2_hvline.o
    0x08002c40   0x08002c40   0x00000020   Code   RO         8103    i.u8g2_SetFont      u8g2_font.o
    0x08002c60   0x08002c60   0x00000006   Code   RO         8105    i.u8g2_SetFontMode  u8g2_font.o
    0x08002c66   0x08002c66   0x00000002   PAD
    0x08002c68   0x08002c68   0x0000000c   Code   RO         8106    i.u8g2_SetFontPosBaseline  u8g2_font.o
    0x08002c74   0x08002c74   0x00000020   Code   RO         7730    i.u8g2_SetMaxClipWindow  u8g2_setup.o
    0x08002c94   0x08002c94   0x0000005a   Code   RO         7731    i.u8g2_SetupBuffer  u8g2_setup.o
    0x08002cee   0x08002cee   0x00000002   PAD
    0x08002cf0   0x08002cf0   0x00000044   Code   RO         4351    i.u8g2_Setup_ssd1306_i2c_64x32_1f_1  drv_oled_u8g2_setup.o
    0x08002d34   0x08002d34   0x00000088   Code   RO         8113    i.u8g2_UpdateRefHeight  u8g2_font.o
    0x08002dbc   0x08002dbc   0x0000002a   Code   RO         8114    i.u8g2_add_vector_x  u8g2_font.o
    0x08002de6   0x08002de6   0x0000002a   Code   RO         8115    i.u8g2_add_vector_y  u8g2_font.o
    0x08002e10   0x08002e10   0x0000007a   Code   RO         7733    i.u8g2_apply_clip_window  u8g2_setup.o
    0x08002e8a   0x08002e8a   0x0000004c   Code   RO         8446    i.u8g2_clip_intersection2  u8g2_hvline.o
    0x08002ed6   0x08002ed6   0x0000002c   Code   RO         8447    i.u8g2_draw_hv_line_2dir  u8g2_hvline.o
    0x08002f02   0x08002f02   0x0000003c   Code   RO         7734    i.u8g2_draw_l90_mirrorr_r0  u8g2_setup.o
    0x08002f3e   0x08002f3e   0x00000024   Code   RO         7735    i.u8g2_draw_l90_r0  u8g2_setup.o
    0x08002f62   0x08002f62   0x00000044   Code   RO         7736    i.u8g2_draw_l90_r1  u8g2_setup.o
    0x08002fa6   0x08002fa6   0x00000056   Code   RO         7737    i.u8g2_draw_l90_r2  u8g2_setup.o
    0x08002ffc   0x08002ffc   0x00000050   Code   RO         7738    i.u8g2_draw_l90_r3  u8g2_setup.o
    0x0800304c   0x0800304c   0x0000003c   Code   RO         7739    i.u8g2_draw_mirror_vertical_r0  u8g2_setup.o
    0x08003088   0x08003088   0x00000090   Code   RO         8116    i.u8g2_draw_string  u8g2_font.o
    0x08003118   0x08003118   0x00000006   Code   RO         8123    i.u8g2_font_calc_vref_font  u8g2_font.o
    0x0800311e   0x0800311e   0x00000024   Code   RO         8125    i.u8g2_font_decode_get_signed_bits  u8g2_font.o
    0x08003142   0x08003142   0x00000042   Code   RO         8126    i.u8g2_font_decode_get_unsigned_bits  u8g2_font.o
    0x08003184   0x08003184   0x00000182   Code   RO         8127    i.u8g2_font_decode_glyph  u8g2_font.o
    0x08003306   0x08003306   0x000000b0   Code   RO         8128    i.u8g2_font_decode_len  u8g2_font.o
    0x080033b6   0x080033b6   0x0000003a   Code   RO         8129    i.u8g2_font_draw_glyph  u8g2_font.o
    0x080033f0   0x080033f0   0x00000008   Code   RO         8130    i.u8g2_font_get_byte  u8g2_font.o
    0x080033f8   0x080033f8   0x00000092   Code   RO         8131    i.u8g2_font_get_glyph_data  u8g2_font.o
    0x0800348a   0x0800348a   0x00000018   Code   RO         8132    i.u8g2_font_get_word  u8g2_font.o
    0x080034a2   0x080034a2   0x00000040   Code   RO         8133    i.u8g2_font_setup_decode  u8g2_font.o
    0x080034e2   0x080034e2   0x00000030   Code   RO         8489    i.u8g2_is_intersection_decision_tree  u8g2_intersection.o
    0x08003512   0x08003512   0x000000ee   Code   RO         8507    i.u8g2_ll_hvline_vertical_top_lsb  u8g2_ll_hvline.o
    0x08003600   0x08003600   0x00000010   Code   RO         4352    i.u8g2_m_8_4_1      drv_oled_u8g2_setup.o
    0x08003610   0x08003610   0x000000e0   Code   RO         8135    i.u8g2_read_font_info  u8g2_font.o
    0x080036f0   0x080036f0   0x00000036   Code   RO         7892    i.u8g2_send_buffer  u8g2_buffer.o
    0x08003726   0x08003726   0x00000036   Code   RO         7893    i.u8g2_send_tile_row  u8g2_buffer.o
    0x0800375c   0x0800375c   0x00000060   Code   RO         7740    i.u8g2_update_dimension_common  u8g2_setup.o
    0x080037bc   0x080037bc   0x0000000c   Code   RO         7741    i.u8g2_update_dimension_r0  u8g2_setup.o
    0x080037c8   0x080037c8   0x0000001c   Code   RO         7742    i.u8g2_update_dimension_r1  u8g2_setup.o
    0x080037e4   0x080037e4   0x0000000c   Code   RO         7743    i.u8g2_update_dimension_r2  u8g2_setup.o
    0x080037f0   0x080037f0   0x0000001c   Code   RO         7744    i.u8g2_update_dimension_r3  u8g2_setup.o
    0x0800380c   0x0800380c   0x00000020   Code   RO         7745    i.u8g2_update_page_win_r0  u8g2_setup.o
    0x0800382c   0x0800382c   0x00000020   Code   RO         7746    i.u8g2_update_page_win_r1  u8g2_setup.o
    0x0800384c   0x0800384c   0x0000003c   Code   RO         7747    i.u8g2_update_page_win_r2  u8g2_setup.o
    0x08003888   0x08003888   0x0000003c   Code   RO         7748    i.u8g2_update_page_win_r3  u8g2_setup.o
    0x080038c4   0x080038c4   0x00000032   Code   RO         8559    i.u8x8_DrawTile     u8x8_display.o
    0x080038f6   0x080038f6   0x00000012   Code   RO         8561    i.u8x8_InitDisplay  u8x8_display.o
    0x08003908   0x08003908   0x00000012   Code   RO         8563    i.u8x8_RefreshDisplay  u8x8_display.o
    0x0800391a   0x0800391a   0x00000014   Code   RO         8566    i.u8x8_SetPowerSave  u8x8_display.o
    0x0800392e   0x0800392e   0x0000002a   Code   RO         8524    i.u8x8_Setup        u8x8_setup.o
    0x08003958   0x08003958   0x0000002c   Code   RO         8525    i.u8x8_SetupDefaults  u8x8_setup.o
    0x08003984   0x08003984   0x00000012   Code   RO         8567    i.u8x8_SetupMemory  u8x8_display.o
    0x08003996   0x08003996   0x00000012   Code   RO         8954    i.u8x8_ascii_next   u8x8_8x8.o
    0x080039a8   0x080039a8   0x00000012   Code   RO         8812    i.u8x8_byte_EndTransfer  u8x8_byte.o
    0x080039ba   0x080039ba   0x00000010   Code   RO         8813    i.u8x8_byte_SendByte  u8x8_byte.o
    0x080039ca   0x080039ca   0x0000001a   Code   RO         8814    i.u8x8_byte_SendBytes  u8x8_byte.o
    0x080039e4   0x080039e4   0x00000012   Code   RO         8816    i.u8x8_byte_StartTransfer  u8x8_byte.o
    0x080039f6   0x080039f6   0x0000006e   Code   RO         8821    i.u8x8_byte_sw_i2c  u8x8_byte.o
    0x08003a64   0x08003a64   0x00000012   Code   RO         8652    i.u8x8_cad_EndTransfer  u8x8_cad.o
    0x08003a76   0x08003a76   0x00000014   Code   RO         8653    i.u8x8_cad_SendArg  u8x8_cad.o
    0x08003a8a   0x08003a8a   0x00000014   Code   RO         8654    i.u8x8_cad_SendCmd  u8x8_cad.o
    0x08003a9e   0x08003a9e   0x0000001a   Code   RO         8655    i.u8x8_cad_SendData  u8x8_cad.o
    0x08003ab8   0x08003ab8   0x0000007c   Code   RO         8657    i.u8x8_cad_SendSequence  u8x8_cad.o
    0x08003b34   0x08003b34   0x00000012   Code   RO         8658    i.u8x8_cad_StartTransfer  u8x8_cad.o
    0x08003b46   0x08003b46   0x00000002   PAD
    0x08003b48   0x08003b48   0x000000d4   Code   RO         8661    i.u8x8_cad_ssd13xx_fast_i2c  u8x8_cad.o
    0x08003c1c   0x08003c1c   0x00000060   Code   RO         8568    i.u8x8_d_helper_display_init  u8x8_display.o
    0x08003c7c   0x08003c7c   0x0000000c   Code   RO         8569    i.u8x8_d_helper_display_setup_memory  u8x8_display.o
    0x08003c88   0x08003c88   0x00000008   Code   RO         8527    i.u8x8_dummy_cb     u8x8_setup.o
    0x08003c90   0x08003c90   0x0000001a   Code   RO         9142    i.u8x8_gpio_call    u8x8_gpio.o
    0x08003caa   0x08003caa   0x0000002e   Code   RO         8669    i.u8x8_i2c_data_transfer  u8x8_cad.o
    0x08003cd8   0x08003cd8   0x00000008   Code   RO         8963    i.u8x8_utf8_init    u8x8_8x8.o
    0x08003ce0   0x08003ce0   0x0000001a   Code   RO         4755    i.vt_enqueue        chvt.o
    0x08003cfa   0x08003cfa   0x00000006   Data   RO         3633    .constdata          app_task_control.o
    0x08003d00   0x08003d00   0x000001a4   Data   RO         3692    .constdata          app_menu.o
    0x08003ea4   0x08003ea4   0x00000018   Data   RO         4251    .constdata          drv_keys.o
    0x08003ebc   0x08003ebc   0x0000005f   Data   RO         4375    .constdata          drv_oled_u8g2_display.o
    0x08003f1b   0x08003f1b   0x00000001   PAD
    0x08003f1c   0x08003f1c   0x00000034   Data   RO         4541    .constdata          chsys.o
    0x08003f50   0x08003f50   0x00000095   Data   RO         4924    .constdata          chschd.o
    0x08003fe5   0x08003fe5   0x00000003   PAD
    0x08003fe8   0x08003fe8   0x00000050   Data   RO         5097    .constdata          chinstances.o
    0x08004038   0x08004038   0x000001c8   Data   RO         5242    .constdata          chthreads.o
    0x08004200   0x08004200   0x00000048   Data   RO         7749    .constdata          u8g2_setup.o
    0x08004248   0x08004248   0x0000034c   Data   RO         9179    .constdata          u8g2_fonts_subset.o
    0x08004594   0x08004594   0x00000135   Data   RO         3693    .conststring        app_menu.o
    0x080046c9   0x080046c9   0x00000003   PAD
    0x080046cc   0x080046cc   0x00000003   Data   RO         4542    .conststring        chsys.o
    0x080046cf   0x080046cf   0x00000001   PAD
    0x080046d0   0x080046d0   0x0000000d   Data   RO         5098    .conststring        chinstances.o
    0x080046dd   0x080046dd   0x00000003   PAD
    0x080046e0   0x080046e0   0x00000007   Data   RO         5243    .conststring        chthreads.o
    0x080046e7   0x080046e7   0x00000001   PAD
    0x080046e8   0x080046e8   0x00000020   Data   RO         9928    Region$$Table       anon$$obj.o


    Execution Region RW_IRAM1 (Exec base: 0x20000000, Load base: 0x08004708, Size: 0x00001a70, Max: 0x00005000, ABSOLUTE)

    Exec Addr    Load Addr    Size         Type   Attr      Idx    E Section Name        Object

    0x20000000   0x08004708   0x00000014   Data   RW           29    .data               system_stm32f10x.o
    0x20000014   0x0800471c   0x00000014   Data   RW         1806    .data               stm32f10x_rcc.o
    0x20000028   0x08004730   0x00000001   Data   RW         3765    .data               app_state_machine.o
    0x20000029   0x08004731   0x00000003   PAD
    0x2000002c   0x08004734   0x00000004   Data   RW         3804    .data               algo_foc.o
    0x20000030   0x08004738   0x00000001   Data   RW         3930    .data               hal_oled_if.o
    0x20000031   0x08004739   0x00000001   Data   RW         4122    .data               hal_keys_if.o
    0x20000032   0x0800473a   0x00000004   Data   RW         4146    .data               drv_adc1.o
    0x20000036   0x0800473e   0x00000008   Data   RW         4170    .data               drv_tim1_pwm.o
    0x2000003e   0x08004746   0x00000001   Data   RW         4215    .data               drv_gpio.o
    0x2000003f   0x08004747   0x00000001   PAD
    0x20000040   0x08004748   0x00000005   Data   RW         4285    .data               drv_usart1.o
    0x20000045   0x0800474d   0x00000003   PAD
    0x20000048   0x08004750   0x00000008   Data   RW         6927    .data               chmemcore.o
    0x20000050   0x08004758   0x00000006   Data   RW         8671    .data               u8x8_cad.o
    0x20000056   0x0800475e   0x00000002   PAD
    0x20000058        -       0x00000020   Zero   RW         3543    .bss                app_main.o
    0x20000078   0x0800475e   0x00000008   PAD
    0x20000080        -       0x00000320   Zero   RW         3632    .bss                app_task_control.o
    0x200003a0        -       0x00000520   Zero   RW         3656    .bss                app_task_ui.o
    0x200008c0        -       0x0000001c   Zero   RW         3691    .bss                app_menu.o
    0x200008dc        -       0x00000020   Zero   RW         3803    .bss                algo_foc.o
    0x200008fc        -       0x00000094   Zero   RW         3929    .bss                hal_oled_if.o
    0x20000990        -       0x0000000a   Zero   RW         4145    .bss                drv_adc1.o
    0x2000099a        -       0x00000018   Zero   RW         4250    .bss                drv_keys.o
    0x200009b2        -       0x00000040   Zero   RW         4353    .bss                drv_oled_u8g2_setup.o
    0x200009f2   0x0800475e   0x0000000e   PAD
    0x20000a00        -       0x00000200   Zero   RW         4540    .bss                chsys.o
    0x20000c00        -       0x00000400   Zero   RW         6925    .bss                chmemcore.o
    0x20001000        -       0x00000024   Zero   RW         7008    .bss                chmemheaps.o
    0x20001024        -       0x00000048   Zero   RW         7533    .bss                chfactory.o
    0x2000106c   0x0800475e   0x00000004   PAD
    0x20001070        -       0x00000400   Zero   RW            2    CSTACK              startup_stm32f10x_md.o
    0x20001470        -       0x00000200   Zero   RW            3    HEAP                startup_stm32f10x_md.o
    0x20001670        -       0x00000400   Zero   RW            1    MSTACK              startup_stm32f10x_md.o


==============================================================================

Image component sizes


      Code (inc. data)   RO Data    RW Data    ZI Data      Debug   Object Name

       204         26          0          4         32       3752   algo_foc.o
        44          0          0          0          0       1154   algo_limit.o
        42          0          0          0          0       1338   algo_observer.o
       124          0          0          0          0       2499   algo_pid.o
        72          0          0          0          0       1422   algo_ramp.o
       168          0          0          0          0       1640   app_fastloop.o
        56          0          0          0          0       1325   app_fault_mgr.o
       576        364          0          0         32      19078   app_main.o
       664         46        729          0         28       5798   app_menu.o
        88         10          0          1          0       1220   app_state_machine.o
       120         52          6          0        800       3081   app_task_control.o
       208         72          0          0       1312       2813   app_task_ui.o
       280         34          0          0          0      30900   chcore.o
        42          0          0          0          0        556   chcoreasm.o
       136         10          0          0         72       8667   chfactory.o
        64          0          0          0          0      28950   chibios_port.o
       236         14         93          0          0      21482   chinstances.o
       188         18          0          8       1024       7142   chmemcore.o
        44         10          0          0         36       4642   chmemheaps.o
        18          0          0          0          0       2174   chmempools.o
        18          0          0          0          0      11686   chmtx.o
         0          0          0          0          0      11132   chregistry.o
       664         32        149          0          0      23289   chschd.o
       202         22         55          0        512      32586   chsys.o
       580         24        463          0          0      37612   chthreads.o
       132         16          0          0          0      13736   chtm.o
       326         18          0          0          0      19935   chvt.o
        32          0          0          0          0       5016   core_cm3.o
       228         24          0          4         10       1885   drv_adc1.o
        48         20          0          1          0       1818   drv_gpio.o
         2          0          0          0          0        373   drv_irq.o
       248         22         24          0         24       3366   drv_keys.o
       304         32         95          0          0       2205   drv_oled_u8g2_display.o
       288         20          0          0          0       2990   drv_oled_u8g2_port.o
        84         20          0          0         64       1567   drv_oled_u8g2_setup.o
        44         12          0          8          0       1783   drv_tim1_pwm.o
       268         40          0          5          0       2245   drv_usart1.o
        32          0          0          0          0        811   hal_board.o
        34          0          0          0          0       1361   hal_gate_if.o
       120         12          0          1          0       1684   hal_keys_if.o
        50          0          0          0          0       1725   hal_motor_if.o
       656         60          0          1        148     171523   hal_oled_if.o
        56          0          0          0          0       1753   hal_sense_if.o
        20          0          0          0          0        901   hal_uart_if.o
        88         58          0          0          0      18043   main.o
         0          0          0          0          0     201672   misc.o
        88         32        236          0       2560        832   startup_stm32f10x_md.o
       296          0          0          0          0      10732   stm32f10x_gpio.o
       132         74          0          0          0       2885   stm32f10x_it.o
       244         26          0         20          0      12357   stm32f10x_rcc.o
       298          6          0          0          0      10227   stm32f10x_usart.o
       492         50          0         20          0      25645   system_stm32f10x.o
       212          0          0          0          0       1464   u8g2_box.o
       252          0          0          0          0     153331   u8g2_buffer.o
        32          0          0          0          0        540   u8g2_cleardisplay.o
      1742         10          0          0          0      13891   u8g2_font.o
         0          0        844          0          0        459   u8g2_fonts_subset.o
       424          0          0          0          0       3744   u8g2_hvline.o
       106          0          0          0          0       1507   u8g2_intersection.o
       238          0          0          0          0       1406   u8g2_ll_hvline.o
       994          0         72          0          0     178334   u8g2_setup.o
        26          0          0          0          0       1035   u8x8_8x8.o
       588          0          0          0          0       8748   u8x8_byte.o
       484         10          0          6          0       8128   u8x8_cad.o
       232          0          0          0          0       4278   u8x8_display.o
        26          0          0          0          0        597   u8x8_gpio.o
        94          6          0          0          0       1846   u8x8_setup.o

    ----------------------------------------------------------------------
     14932       1302       2810         88       6680    1164316   Object Totals
         0          0         32          0          0          0   (incl. Generated)
        34          0         12          9         26          0   (incl. Padding)

    ----------------------------------------------------------------------

      Code (inc. data)   RO Data    RW Data    ZI Data      Debug   Library Member Name

         8          0          0          0          0         68   __main.o
         0          0          0          0          0          0   __rtentry.o
        12          0          0          0          0          0   __rtentry2.o
         8          4          0          0          0          0   __rtentry5.o
        52          8          0          0          0          0   __scatter.o
        26          0          0          0          0          0   __scatter_copy.o
        28          0          0          0          0          0   __scatter_zi.o
        18          0          0          0          0         80   exit.o
         6          0          0          0          0        152   heapauxi.o
         0          0          0          0          0          0   indicate_semi.o
         2          0          0          0          0          0   libinit.o
         2          0          0          0          0          0   libinit2.o
         2          0          0          0          0          0   libshutdown.o
         2          0          0          0          0          0   libshutdown2.o
        68          0          0          0          0         68   rt_memclr.o
        78          0          0          0          0         80   rt_memclr_w.o
       100          0          0          0          0         80   rt_memcpy_w.o
         2          0          0          0          0          0   rtexit.o
        10          0          0          0          0          0   rtexit2.o
        12          4          0          0          0         68   sys_exit.o
         2          0          0          0          0         68   use_no_semi.o

    ----------------------------------------------------------------------
       442         16          0          0          0        664   Library Totals
         4          0          0          0          0          0   (incl. Padding)

    ----------------------------------------------------------------------

      Code (inc. data)   RO Data    RW Data    ZI Data      Debug   Library Name

       438         16          0          0          0        664   c_w.l

    ----------------------------------------------------------------------
       442         16          0          0          0        664   Library Totals

    ----------------------------------------------------------------------

==============================================================================


      Code (inc. data)   RO Data    RW Data    ZI Data      Debug   

     15374       1318       2810         88       6680    1151612   Grand Totals
     15374       1318       2810         88       6680    1151612   ELF Image Totals
     15374       1318       2810         88          0          0   ROM Totals

==============================================================================

    Total RO  Size (Code + RO Data)                18184 (  17.76kB)
    Total RW  Size (RW Data + ZI Data)              6768 (   6.61kB)
    Total ROM Size (Code + RO Data + RW Data)      18272 (  17.84kB)

==============================================================================

