Component: ARM Compiler 5.06 update 7 (build 960) Tool: armlink [4d3601]

==============================================================================

Section Cross References

    startup_stm32f10x_md.o(MSTACK) refers (Special) to heapauxi.o(.text) for __use_two_region_memory
    startup_stm32f10x_md.o(CSTACK) refers (Special) to heapauxi.o(.text) for __use_two_region_memory
    startup_stm32f10x_md.o(HEAP) refers (Special) to heapauxi.o(.text) for __use_two_region_memory
    startup_stm32f10x_md.o(RESET) refers (Special) to heapauxi.o(.text) for __use_two_region_memory
    startup_stm32f10x_md.o(RESET) refers to startup_stm32f10x_md.o(MSTACK) for __initial_msp
    startup_stm32f10x_md.o(RESET) refers to startup_stm32f10x_md.o(.text) for Reset_Handler
    startup_stm32f10x_md.o(RESET) refers to stm32f10x_it.o(i.NMI_Handler) for NMI_Handler
    startup_stm32f10x_md.o(RESET) refers to stm32f10x_it.o(i.HardFault_Handler) for HardFault_Handler
    startup_stm32f10x_md.o(RESET) refers to stm32f10x_it.o(i.MemManage_Handler) for MemManage_Handler
    startup_stm32f10x_md.o(RESET) refers to stm32f10x_it.o(i.BusFault_Handler) for BusFault_Handler
    startup_stm32f10x_md.o(RESET) refers to stm32f10x_it.o(i.UsageFault_Handler) for UsageFault_Handler
    startup_stm32f10x_md.o(RESET) refers to chcore.o(i.SVC_Handler) for SVC_Handler
    startup_stm32f10x_md.o(RESET) refers to stm32f10x_it.o(i.DebugMon_Handler) for DebugMon_Handler
    startup_stm32f10x_md.o(RESET) refers to chibios_port.o(i.SysTick_Handler) for SysTick_Handler
    startup_stm32f10x_md.o(.text) refers (Special) to heapauxi.o(.text) for __use_two_region_memory
    startup_stm32f10x_md.o(.text) refers to startup_stm32f10x_md.o(CSTACK) for __initial_sp
    startup_stm32f10x_md.o(.text) refers to system_stm32f10x.o(i.SystemInit) for SystemInit
    startup_stm32f10x_md.o(.text) refers to __main.o(!!!main) for __main
    startup_stm32f10x_md.o(.text) refers to startup_stm32f10x_md.o(HEAP) for Heap_Mem
    system_stm32f10x.o(i.SetSysClock) refers to system_stm32f10x.o(i.SetSysClockTo72) for SetSysClockTo72
    system_stm32f10x.o(i.SystemCoreClockUpdate) refers to system_stm32f10x.o(.data) for SystemCoreClock
    system_stm32f10x.o(i.SystemInit) refers to system_stm32f10x.o(i.SetSysClock) for SetSysClock
    stm32f10x_adc.o(i.ADC_DeInit) refers to stm32f10x_rcc.o(i.RCC_APB2PeriphResetCmd) for RCC_APB2PeriphResetCmd
    stm32f10x_bkp.o(i.BKP_DeInit) refers to stm32f10x_rcc.o(i.RCC_BackupResetCmd) for RCC_BackupResetCmd
    stm32f10x_can.o(i.CAN_DeInit) refers to stm32f10x_rcc.o(i.RCC_APB1PeriphResetCmd) for RCC_APB1PeriphResetCmd
    stm32f10x_can.o(i.CAN_GetITStatus) refers to stm32f10x_can.o(i.CheckITStatus) for CheckITStatus
    stm32f10x_cec.o(i.CEC_DeInit) refers to stm32f10x_rcc.o(i.RCC_APB1PeriphResetCmd) for RCC_APB1PeriphResetCmd
    stm32f10x_dac.o(i.DAC_DeInit) refers to stm32f10x_rcc.o(i.RCC_APB1PeriphResetCmd) for RCC_APB1PeriphResetCmd
    stm32f10x_flash.o(i.FLASH_EnableWriteProtection) refers to stm32f10x_flash.o(i.FLASH_WaitForLastOperation) for FLASH_WaitForLastOperation
    stm32f10x_flash.o(i.FLASH_EraseAllBank1Pages) refers to stm32f10x_flash.o(i.FLASH_WaitForLastBank1Operation) for FLASH_WaitForLastBank1Operation
    stm32f10x_flash.o(i.FLASH_EraseAllPages) refers to stm32f10x_flash.o(i.FLASH_WaitForLastOperation) for FLASH_WaitForLastOperation
    stm32f10x_flash.o(i.FLASH_EraseOptionBytes) refers to stm32f10x_flash.o(i.FLASH_GetReadOutProtectionStatus) for FLASH_GetReadOutProtectionStatus
    stm32f10x_flash.o(i.FLASH_EraseOptionBytes) refers to stm32f10x_flash.o(i.FLASH_WaitForLastOperation) for FLASH_WaitForLastOperation
    stm32f10x_flash.o(i.FLASH_ErasePage) refers to stm32f10x_flash.o(i.FLASH_WaitForLastOperation) for FLASH_WaitForLastOperation
    stm32f10x_flash.o(i.FLASH_ProgramHalfWord) refers to stm32f10x_flash.o(i.FLASH_WaitForLastOperation) for FLASH_WaitForLastOperation
    stm32f10x_flash.o(i.FLASH_ProgramOptionByteData) refers to stm32f10x_flash.o(i.FLASH_WaitForLastOperation) for FLASH_WaitForLastOperation
    stm32f10x_flash.o(i.FLASH_ProgramWord) refers to stm32f10x_flash.o(i.FLASH_WaitForLastOperation) for FLASH_WaitForLastOperation
    stm32f10x_flash.o(i.FLASH_ReadOutProtection) refers to stm32f10x_flash.o(i.FLASH_WaitForLastOperation) for FLASH_WaitForLastOperation
    stm32f10x_flash.o(i.FLASH_UserOptionByteConfig) refers to stm32f10x_flash.o(i.FLASH_WaitForLastOperation) for FLASH_WaitForLastOperation
    stm32f10x_flash.o(i.FLASH_WaitForLastBank1Operation) refers to stm32f10x_flash.o(i.FLASH_GetBank1Status) for FLASH_GetBank1Status
    stm32f10x_flash.o(i.FLASH_WaitForLastOperation) refers to stm32f10x_flash.o(i.FLASH_GetBank1Status) for FLASH_GetBank1Status
    stm32f10x_gpio.o(i.GPIO_AFIODeInit) refers to stm32f10x_rcc.o(i.RCC_APB2PeriphResetCmd) for RCC_APB2PeriphResetCmd
    stm32f10x_gpio.o(i.GPIO_DeInit) refers to stm32f10x_rcc.o(i.RCC_APB2PeriphResetCmd) for RCC_APB2PeriphResetCmd
[...]
    __rt_lib_init_clock_1                    0x08000173   Thumb Code     0  libinit2.o(.ARM.Collect$$libinit$$00000021)
    __rt_lib_init_cpp_1                      0x08000173   Thumb Code     0  libinit2.o(.ARM.Collect$$libinit$$00000032)
    __rt_lib_init_exceptions_1               0x08000173   Thumb Code     0  libinit2.o(.ARM.Collect$$libinit$$00000030)
    __rt_lib_init_fp_1                       0x08000173   Thumb Code     0  libinit2.o(.ARM.Collect$$libinit$$00000002)
    __rt_lib_init_fp_trap_1                  0x08000173   Thumb Code     0  libinit2.o(.ARM.Collect$$libinit$$0000001F)
    __rt_lib_init_getenv_1                   0x08000173   Thumb Code     0  libinit2.o(.ARM.Collect$$libinit$$00000023)
    __rt_lib_init_heap_1                     0x08000173   Thumb Code     0  libinit2.o(.ARM.Collect$$libinit$$0000000A)
    __rt_lib_init_lc_collate_1               0x08000173   Thumb Code     0  libinit2.o(.ARM.Collect$$libinit$$00000011)
    __rt_lib_init_lc_ctype_1                 0x08000173   Thumb Code     0  libinit2.o(.ARM.Collect$$libinit$$00000013)
    __rt_lib_init_lc_monetary_1              0x08000173   Thumb Code     0  libinit2.o(.ARM.Collect$$libinit$$00000015)
    __rt_lib_init_lc_numeric_1               0x08000173   Thumb Code     0  libinit2.o(.ARM.Collect$$libinit$$00000017)
    __rt_lib_init_lc_time_1                  0x08000173   Thumb Code     0  libinit2.o(.ARM.Collect$$libinit$$00000019)
    __rt_lib_init_preinit_1                  0x08000173   Thumb Code     0  libinit2.o(.ARM.Collect$$libinit$$00000004)
    __rt_lib_init_rand_1                     0x08000173   Thumb Code     0  libinit2.o(.ARM.Collect$$libinit$$0000000E)
    __rt_lib_init_return                     0x08000173   Thumb Code     0  libinit2.o(.ARM.Collect$$libinit$$00000033)
    __rt_lib_init_signal_1                   0x08000173   Thumb Code     0  libinit2.o(.ARM.Collect$$libinit$$0000001D)
    __rt_lib_init_stdio_1                    0x08000173   Thumb Code     0  libinit2.o(.ARM.Collect$$libinit$$00000025)
    __rt_lib_init_user_alloc_1               0x08000173   Thumb Code     0  libinit2.o(.ARM.Collect$$libinit$$0000000C)
    __rt_lib_shutdown                        0x08000175   Thumb Code     0  libshutdown.o(.ARM.Collect$$libshutdown$$00000000)
    __rt_lib_shutdown_cpp_1                  0x08000177   Thumb Code     0  libshutdown2.o(.ARM.Collect$$libshutdown$$00000004)
    __rt_lib_shutdown_fini_1                 0x08000177   Thumb Code     0  libshutdown2.o(.ARM.Collect$$libshutdown$$00000002)
    __rt_lib_shutdown_fp_trap_1              0x08000177   Thumb Code     0  libshutdown2.o(.ARM.Collect$$libshutdown$$00000009)
    __rt_lib_shutdown_heap_1                 0x08000177   Thumb Code     0  libshutdown2.o(.ARM.Collect$$libshutdown$$00000011)
    __rt_lib_shutdown_return                 0x08000177   Thumb Code     0  libshutdown2.o(.ARM.Collect$$libshutdown$$00000012)
    __rt_lib_shutdown_signal_1               0x08000177   Thumb Code     0  libshutdown2.o(.ARM.Collect$$libshutdown$$0000000C)
    __rt_lib_shutdown_stdio_1                0x08000177   Thumb Code     0  libshutdown2.o(.ARM.Collect$$libshutdown$$00000006)
    __rt_lib_shutdown_user_alloc_1           0x08000177   Thumb Code     0  libshutdown2.o(.ARM.Collect$$libshutdown$$0000000E)
    __rt_entry                               0x08000179   Thumb Code     0  __rtentry.o(.ARM.Collect$$rtentry$$00000000)
    __rt_entry_presh_1                       0x08000179   Thumb Code     0  __rtentry2.o(.ARM.Collect$$rtentry$$00000002)
    __rt_entry_sh                            0x08000179   Thumb Code     0  __rtentry5.o(.ARM.Collect$$rtentry$$00000005)
    __rt_entry_li                            0x0800017d   Thumb Code     0  __rtentry2.o(.ARM.Collect$$rtentry$$0000000A)
    __rt_entry_postsh_1                      0x0800017d   Thumb Code     0  __rtentry2.o(.ARM.Collect$$rtentry$$00000009)
    __rt_entry_main                          0x08000181   Thumb Code     0  __rtentry2.o(.ARM.Collect$$rtentry$$0000000D)
    __rt_entry_postli_1                      0x08000181   Thumb Code     0  __rtentry2.o(.ARM.Collect$$rtentry$$0000000C)
    __rt_exit                                0x0800018d   Thumb Code     0  rtexit.o(.ARM.Collect$$rtexit$$00000000)
    __rt_exit_ls                             0x0800018f   Thumb Code     0  rtexit2.o(.ARM.Collect$$rtexit$$00000003)
    __rt_exit_prels_1                        0x0800018f   Thumb Code     0  rtexit2.o(.ARM.Collect$$rtexit$$00000002)
    __rt_exit_exit                           0x08000193   Thumb Code     0  rtexit2.o(.ARM.Collect$$rtexit$$00000004)
    __get_PSP                                0x08000199   Thumb Code     6  core_cm3.o(.emb_text)
    __set_PSP                                0x0800019f   Thumb Code     6  core_cm3.o(.emb_text)
    __get_MSP                                0x080001a5   Thumb Code     6  core_cm3.o(.emb_text)
    __set_MSP                                0x080001ab   Thumb Code     6  core_cm3.o(.emb_text)
    __REV16                                  0x080001b1   Thumb Code     4  core_cm3.o(.emb_text)
    __REVSH                                  0x080001b5   Thumb Code     4  core_cm3.o(.emb_text)
    Reset_Handler                            0x080001b9   Thumb Code    26  startup_stm32f10x_md.o(.text)
    PendSV_Handler                           0x080001e1   Thumb Code     2  startup_stm32f10x_md.o(.text)
    ADC1_2_IRQHandler                        0x080001e5   Thumb Code     0  startup_stm32f10x_md.o(.text)
    CAN1_RX1_IRQHandler                      0x080001e5   Thumb Code     0  startup_stm32f10x_md.o(.text)
    CAN1_SCE_IRQHandler                      0x080001e5   Thumb Code     0  startup_stm32f10x_md.o(.text)
    DMA1_Channel1_IRQHandler                 0x080001e5   Thumb Code     0  startup_stm32f10x_md.o(.text)
    DMA1_Channel2_IRQHandler                 0x080001e5   Thumb Code     0  startup_stm32f10x_md.o(.text)
    DMA1_Channel3_IRQHandler                 0x080001e5   Thumb Code     0  startup_stm32f10x_md.o(.text)
    DMA1_Channel4_IRQHandler                 0x080001e5   Thumb Code     0  startup_stm32f10x_md.o(.text)
    DMA1_Channel5_IRQHandler                 0x080001e5   Thumb Code     0  startup_stm32f10x_md.o(.text)
    DMA1_Channel6_IRQHandler                 0x080001e5   Thumb Code     0  startup_stm32f10x_md.o(.text)
    DMA1_Channel7_IRQHandler                 0x080001e5   Thumb Code     0  startup_stm32f10x_md.o(.text)
    EXTI0_IRQHandler                         0x080001e5   Thumb Code     0  startup_stm32f10x_md.o(.text)
    EXTI15_10_IRQHandler                     0x080001e5   Thumb Code     0  startup_stm32f10x_md.o(.text)
    EXTI1_IRQHandler                         0x080001e5   Thumb Code     0  startup_stm32f10x_md.o(.text)
    EXTI2_IRQHandler                         0x080001e5   Thumb Code     0  startup_stm32f10x_md.o(.text)
    EXTI3_IRQHandler                         0x080001e5   Thumb Code     0  startup_stm32f10x_md.o(.text)
    EXTI4_IRQHandler                         0x080001e5   Thumb Code     0  startup_stm32f10x_md.o(.text)
    EXTI9_5_IRQHandler                       0x080001e5   Thumb Code     0  startup_stm32f10x_md.o(.text)
    FLASH_IRQHandler                         0x080001e5   Thumb Code     0  startup_stm32f10x_md.o(.text)
    I2C1_ER_IRQHandler                       0x080001e5   Thumb Code     0  startup_stm32f10x_md.o(.text)
    I2C1_EV_IRQHandler                       0x080001e5   Thumb Code     0  startup_stm32f10x_md.o(.text)
    I2C2_ER_IRQHandler                       0x080001e5   Thumb Code     0  startup_stm32f10x_md.o(.text)
    I2C2_EV_IRQHandler                       0x080001e5   Thumb Code     0  startup_stm32f10x_md.o(.text)
    PVD_IRQHandler                           0x080001e5   Thumb Code     0  startup_stm32f10x_md.o(.text)
    RCC_IRQHandler                           0x080001e5   Thumb Code     0  startup_stm32f10x_md.o(.text)
    RTCAlarm_IRQHandler                      0x080001e5   Thumb Code     0  startup_stm32f10x_md.o(.text)
    RTC_IRQHandler                           0x080001e5   Thumb Code     0  startup_stm32f10x_md.o(.text)
    SPI1_IRQHandler                          0x080001e5   Thumb Code     0  startup_stm32f10x_md.o(.text)
    SPI2_IRQHandler                          0x080001e5   Thumb Code     0  startup_stm32f10x_md.o(.text)
    TAMPER_IRQHandler                        0x080001e5   Thumb Code     0  startup_stm32f10x_md.o(.text)
    TIM1_BRK_IRQHandler                      0x080001e5   Thumb Code     0  startup_stm32f10x_md.o(.text)
    TIM1_CC_IRQHandler                       0x080001e5   Thumb Code     0  startup_stm32f10x_md.o(.text)
    TIM1_TRG_COM_IRQHandler                  0x080001e5   Thumb Code     0  startup_stm32f10x_md.o(.text)
    TIM1_UP_IRQHandler                       0x080001e5   Thumb Code     0  startup_stm32f10x_md.o(.text)
    TIM2_IRQHandler                          0x080001e5   Thumb Code     0  startup_stm32f10x_md.o(.text)
    TIM3_IRQHandler                          0x080001e5   Thumb Code     0  startup_stm32f10x_md.o(.text)
    TIM4_IRQHandler                          0x080001e5   Thumb Code     0  startup_stm32f10x_md.o(.text)
    USART1_IRQHandler                        0x080001e5   Thumb Code     0  startup_stm32f10x_md.o(.text)
    USART2_IRQHandler                        0x080001e5   Thumb Code     0  startup_stm32f10x_md.o(.text)
    USART3_IRQHandler                        0x080001e5   Thumb Code     0  startup_stm32f10x_md.o(.text)
    USBWakeUp_IRQHandler                     0x080001e5   Thumb Code     0  startup_stm32f10x_md.o(.text)
    USB_HP_CAN1_TX_IRQHandler                0x080001e5   Thumb Code     0  startup_stm32f10x_md.o(.text)
    USB_LP_CAN1_RX0_IRQHandler               0x080001e5   Thumb Code     0  startup_stm32f10x_md.o(.text)
    WWDG_IRQHandler                          0x080001e5   Thumb Code     0  startup_stm32f10x_md.o(.text)
    __user_initial_stackheap                 0x080001e9   Thumb Code     0  startup_stm32f10x_md.o(.text)
    __port_switch                            0x08000211   Thumb Code    16  chcoreasm.o(.text)
    __port_thread_start                      0x08000221   Thumb Code    18  chcoreasm.o(.text)
    __port_switch_from_isr                   0x08000233   Thumb Code     8  chcoreasm.o(.text)
    __port_exit_from_isr                     0x08000237   Thumb Code     0  chcoreasm.o(.text)
    __2snprintf                              0x0800023d   Thumb Code    50  __2snprintf.o(.text)
    _printf_pre_padding                      0x08000275   Thumb Code    44  _printf_pad.o(.text)
    _printf_post_padding                     0x080002a1   Thumb Code    34  _printf_pad.o(.text)
    _printf_int_dec                          0x080002c5   Thumb Code   104  _printf_dec.o(.text)
    __printf                                 0x0800033d   Thumb Code   388  __printf_flags_ss_wp.o(.text)
    __aeabi_memcpy4                          0x080004c5   Thumb Code     0  rt_memcpy_w.o(.text)
    __aeabi_memcpy8                          0x080004c5   Thumb Code     0  rt_memcpy_w.o(.text)
    __rt_memcpy_w                            0x080004c5   Thumb Code   100  rt_memcpy_w.o(.text)
    _memcpy_lastbytes_aligned                0x0800050d   Thumb Code     0  rt_memcpy_w.o(.text)
    __aeabi_memclr                           0x08000529   Thumb Code     0  rt_memclr.o(.text)
    __rt_memclr                              0x08000529   Thumb Code    68  rt_memclr.o(.text)
    _memset                                  0x0800052d   Thumb Code     0  rt_memclr.o(.text)
    __aeabi_memclr4                          0x0800056d   Thumb Code     0  rt_memclr_w.o(.text)
    __aeabi_memclr8                          0x0800056d   Thumb Code     0  rt_memclr_w.o(.text)
    __rt_memclr_w                            0x0800056d   Thumb Code    78  rt_memclr_w.o(.text)
    _memset_w                                0x08000571   Thumb Code     0  rt_memclr_w.o(.text)
    __use_two_region_memory                  0x080005bb   Thumb Code     2  heapauxi.o(.text)
    __rt_heap_escrow$2region                 0x080005bd   Thumb Code     2  heapauxi.o(.text)
    __rt_heap_expand$2region                 0x080005bf   Thumb Code     2  heapauxi.o(.text)
    _printf_int_common                       0x080005c1   Thumb Code   178  _printf_intcommon.o(.text)
    _printf_char_common                      0x0800067f   Thumb Code    32  _printf_char_common.o(.text)
    _sputc                                   0x080006a5   Thumb Code    10  _sputc.o(.text)
    _snputc                                  0x080006af   Thumb Code    16  _snputc.o(.text)
    exit                                     0x080006bf   Thumb Code    18  exit.o(.text)
    _sys_exit                                0x080006d1   Thumb Code     8  sys_exit.o(.text)
    __I$use$semihosting                      0x080006dd   Thumb Code     0  use_no_semi.o(.text)
    __use_no_semihosting_swi                 0x080006dd   Thumb Code     2  use_no_semi.o(.text)
    __semihosting_library_function           0x080006df   Thumb Code     0  indicate_semi.o(.text)
    BusFault_Handler                         0x080006e1   Thumb Code     6  stm32f10x_it.o(i.BusFault_Handler)
    DebugMon_Handler                         0x08000745   Thumb Code     2  stm32f10x_it.o(i.DebugMon_Handler)
    GPIO_Init                                0x08000747   Thumb Code   278  stm32f10x_gpio.o(i.GPIO_Init)
    GPIO_ReadInputDataBit                    0x0800085d   Thumb Code    18  stm32f10x_gpio.o(i.GPIO_ReadInputDataBit)
    HardFault_Handler                        0x08000871   Thumb Code     6  stm32f10x_it.o(i.HardFault_Handler)
    MemManage_Handler                        0x080008bd   Thumb Code     6  stm32f10x_it.o(i.MemManage_Handler)
    NMI_Handler                              0x080008d1   Thumb Code     2  stm32f10x_it.o(i.NMI_Handler)
    RCC_APB1PeriphResetCmd                   0x080008fd   Thumb Code    26  stm32f10x_rcc.o(i.RCC_APB1PeriphResetCmd)
    RCC_APB2PeriphClockCmd                   0x0800091d   Thumb Code    26  stm32f10x_rcc.o(i.RCC_APB2PeriphClockCmd)
    RCC_APB2PeriphResetCmd                   0x0800093d   Thumb Code    26  stm32f10x_rcc.o(i.RCC_APB2PeriphResetCmd)
    RCC_GetClocksFreq                        0x0800095d   Thumb Code   192  stm32f10x_rcc.o(i.RCC_GetClocksFreq)
    SPI_Cmd                                  0x08000a31   Thumb Code    24  stm32f10x_spi.o(i.SPI_Cmd)
    SPI_I2S_DeInit                           0x08000a49   Thumb Code    76  stm32f10x_spi.o(i.SPI_I2S_DeInit)
    SPI_I2S_GetFlagStatus                    0x08000aa1   Thumb Code    18  stm32f10x_spi.o(i.SPI_I2S_GetFlagStatus)
    SPI_I2S_ReceiveData                      0x08000ab3   Thumb Code     6  stm32f10x_spi.o(i.SPI_I2S_ReceiveData)
    SPI_I2S_SendData                         0x08000ab9   Thumb Code     4  stm32f10x_spi.o(i.SPI_I2S_SendData)
    SPI_Init                                 0x08000abd   Thumb Code    60  stm32f10x_spi.o(i.SPI_Init)
    SPI_StructInit                           0x08000af9   Thumb Code    24  stm32f10x_spi.o(i.SPI_StructInit)
    SVC_Handler                              0x08000b11   Thumb Code    32  chcore.o(i.SVC_Handler)
    SysTick_Handler                          0x08000c19   Thumb Code    56  chibios_port.o(i.SysTick_Handler)
    SystemCoreClockUpdate                    0x08000c51   Thumb Code   142  system_stm32f10x.o(i.SystemCoreClockUpdate)
    SystemInit                               0x08000cf5   Thumb Code    78  system_stm32f10x.o(i.SystemInit)
    USART_Cmd                                0x08000d55   Thumb Code    24  stm32f10x_usart.o(i.USART_Cmd)
    USART_GetFlagStatus                      0x08000d6d   Thumb Code    26  stm32f10x_usart.o(i.USART_GetFlagStatus)
    USART_Init                               0x08000d89   Thumb Code   210  stm32f10x_usart.o(i.USART_Init)
    USART_SendData                           0x08000e61   Thumb Code     8  stm32f10x_usart.o(i.USART_SendData)
    USART_StructInit                         0x08000e69   Thumb Code    24  stm32f10x_usart.o(i.USART_StructInit)
    UsageFault_Handler                       0x08000fa5   Thumb Code     6  stm32f10x_it.o(i.UsageFault_Handler)
    __core_init                              0x08000fb9   Thumb Code    14  chmemcore.o(i.__core_init)
    __factory_init                           0x08000fd1   Thumb Code    82  chfactory.o(i.__factory_init)
    __heap_init                              0x0800102d   Thumb Code    34  chmemheaps.o(i.__heap_init)
    __port_irq_epilogue                      0x08001065   Thumb Code    84  chcore.o(i.__port_irq_epilogue)
    _is_digit                                0x0800120d   Thumb Code    14  __printf_wp.o(i._is_digit)
    algoFocInit                              0x0800121d   Thumb Code    40  algo_foc.o(i.algoFocInit)
    algoFocStep                              0x08001251   Thumb Code   138  algo_foc.o(i.algoFocStep)
    algoLimitS32                             0x080012e9   Thumb Code    22  algo_limit.o(i.algoLimitS32)
    algoLimitU16                             0x080012ff   Thumb Code    22  algo_limit.o(i.algoLimitU16)
    algoObserverInit                         0x08001315   Thumb Code    12  algo_observer.o(i.algoObserverInit)
    algoObserverStep                         0x08001321   Thumb Code    30  algo_observer.o(i.algoObserverStep)
    algoPidInit                              0x08001355   Thumb Code    24  algo_pid.o(i.algoPidInit)
    algoPidReset                             0x0800136d   Thumb Code    12  algo_pid.o(i.algoPidReset)
    algoPidStep                              0x08001379   Thumb Code    66  algo_pid.o(i.algoPidStep)
    algoRampInit                             0x080013bb   Thumb Code    14  algo_ramp.o(i.algoRampInit)
    algoRampStep                             0x080013c9   Thumb Code    58  algo_ramp.o(i.algoRampStep)
    appCommandGetSnapshot                    0x08001405   Thumb Code    28  app_main.o(i.appCommandGetSnapshot)
    appCommandSubmitFromUi                   0x08001425   Thumb Code    14  app_main.o(i.appCommandSubmitFromUi)
    appFastLoopInit                          0x08001481   Thumb Code     2  app_fastloop.o(i.appFastLoopInit)
    appFastLoopStep                          0x08001483   Thumb Code   222  app_fastloop.o(i.appFastLoopStep)
    appFaultMgrCheck                         0x08001561   Thumb Code    54  app_fault_mgr.o(i.appFaultMgrCheck)
    appFaultMgrInit                          0x08001597   Thumb Code     2  app_fault_mgr.o(i.appFaultMgrInit)
    appInit                                  0x08001599   Thumb Code   110  app_main.o(i.appInit)
    appMenuActivate                          0x0800170d   Thumb Code    60  app_menu.o(i.appMenuActivate)
    appMenuBack                              0x08001749   Thumb Code    20  app_menu.o(i.appMenuBack)
    appMenuBuildView                         0x08001761   Thumb Code   230  app_menu.o(i.appMenuBuildView)
    appMenuEnter                             0x08001851   Thumb Code    64  app_menu.o(i.appMenuEnter)
    appMenuInit                              0x080018c9   Thumb Code    36  app_menu.o(i.appMenuInit)
    appMenuMoveNext                          0x080018f5   Thumb Code    70  app_menu.o(i.appMenuMoveNext)
    appMenuMovePrev                          0x08001941   Thumb Code    68  app_menu.o(i.appMenuMovePrev)
    appMenuNeedsPeriodicRefresh              0x08001989   Thumb Code    88  app_menu.o(i.appMenuNeedsPeriodicRefresh)
    appRuntimeGetSnapshot                    0x08001b49   Thumb Code    30  app_main.o(i.appRuntimeGetSnapshot)
    appRuntimeIncrementControlTicks          0x08001b6d   Thumb Code    22  app_main.o(i.appRuntimeIncrementControlTicks)
    appRuntimeIncrementSeconds               0x08001b89   Thumb Code    22  app_main.o(i.appRuntimeIncrementSeconds)
    appRuntimePublishFastLoop                0x08001ba5   Thumb Code    82  app_main.o(i.appRuntimePublishFastLoop)
    appStartSystemTick                       0x08001c01   Thumb Code    96  app_main.o(i.appStartSystemTick)
    appStateMachineInit                      0x08001cc1   Thumb Code     8  app_state_machine.o(i.appStateMachineInit)
    appStateMachineStep                      0x08001ccd   Thumb Code    70  app_state_machine.o(i.appStateMachineStep)
    appTaskControlStart                      0x08001d19   Thumb Code    22  app_task_control.o(i.appTaskControlStart)
    appTaskUiStart                           0x08001d39   Thumb Code    22  app_task_ui.o(i.appTaskUiStart)
    chCoreAllocFromTop                       0x08001d6b   Thumb Code    36  chmemcore.o(i.chCoreAllocFromTop)
    chCoreAllocFromTopI                      0x08001d91   Thumb Code    60  chmemcore.o(i.chCoreAllocFromTopI)
    chCoreGetStatusX                         0x08001dd1   Thumb Code    20  chmemcore.o(i.chCoreGetStatusX)
    chInstanceObjectInit                     0x08001de9   Thumb Code   210  chinstances.o(i.chInstanceObjectInit)
    chMtxObjectInit                          0x08001ec9   Thumb Code    18  chmtx.o(i.chMtxObjectInit)
    chPoolObjectInitAligned                  0x08001ef1   Thumb Code    18  chmempools.o(i.chPoolObjectInitAligned)
    chSchDoPreemption                        0x08001f05   Thumb Code    52  chschd.o(i.chSchDoPreemption)
    chSchGoSleepS                            0x08001f3d   Thumb Code    60  chschd.o(i.chSchGoSleepS)
    chSchGoSleepTimeoutS                     0x08001f7d   Thumb Code    70  chschd.o(i.chSchGoSleepTimeoutS)
    chSchIsPreemptionRequired                0x08001fcd   Thumb Code    24  chschd.o(i.chSchIsPreemptionRequired)
    chSchReadyI                              0x08001fe9   Thumb Code    16  chschd.o(i.chSchReadyI)
    chSchWakeupS                             0x08001ff9   Thumb Code    74  chschd.o(i.chSchWakeupS)
    chSysHalt                                0x08002075   Thumb Code    26  chsys.o(i.chSysHalt)
    chSysInit                                0x08002099   Thumb Code   116  chsys.o(i.chSysInit)
    chSysTimerHandlerI                       0x08002151   Thumb Code    12  chsys.o(i.chSysTimerHandlerI)
    chTMObjectInit                           0x080021c9   Thumb Code    22  chtm.o(i.chTMObjectInit)
    chTMStartMeasurementX                    0x080021e1   Thumb Code    10  chtm.o(i.chTMStartMeasurementX)
    chTMStopMeasurementX                     0x080021f1   Thumb Code    26  chtm.o(i.chTMStopMeasurementX)
    chThdCreateStatic                        0x08002215   Thumb Code   144  chthreads.o(i.chThdCreateStatic)
    chThdExit                                0x080022ad   Thumb Code    16  chthreads.o(i.chThdExit)
    chThdExitS                               0x080022bd   Thumb Code    86  chthreads.o(i.chThdExitS)
    chThdObjectInit                          0x08002321   Thumb Code    96  chthreads.o(i.chThdObjectInit)
    chThdSleep                               0x08002385   Thumb Code    20  chthreads.o(i.chThdSleep)
    chThdSpawnRunningI                       0x080023ab   Thumb Code    22  chthreads.o(i.chThdSpawnRunningI)
    chThdSpawnSuspendedI                     0x080023c1   Thumb Code    74  chthreads.o(i.chThdSpawnSuspendedI)
    chVTDoResetI                             0x08002411   Thumb Code    42  chvt.o(i.chVTDoResetI)
    chVTDoSetI                               0x08002441   Thumb Code    42  chvt.o(i.chVTDoSetI)
    chVTDoTickI                              0x08002471   Thumb Code   118  chvt.o(i.chVTDoTickI)
    drvAdc1GetLatest                         0x08002565   Thumb Code   160  drv_adc1.o(i.drvAdc1GetLatest)
    drvAdc1Init                              0x08002611   Thumb Code    44  drv_adc1.o(i.drvAdc1Init)
    drvGatePinInit                           0x08002649   Thumb Code     8  drv_gpio.o(i.drvGatePinInit)
    drvGatePinRead                           0x08002655   Thumb Code     6  drv_gpio.o(i.drvGatePinRead)
    drvGatePinWrite                          0x08002661   Thumb Code     6  drv_gpio.o(i.drvGatePinWrite)
    drvGpioInit                              0x0800266d   Thumb Code     8  drv_gpio.o(i.drvGpioInit)
    drvIrqInit                               0x08002679   Thumb Code     2  drv_irq.o(i.drvIrqInit)
    drvKeysGetState                          0x0800267d   Thumb Code    22  drv_keys.o(i.drvKeysGetState)
    drvKeysInit                              0x08002699   Thumb Code    52  drv_keys.o(i.drvKeysInit)
    drvKeysScan                              0x080026f9   Thumb Code   136  drv_keys.o(i.drvKeysScan)
    drvMt6816GetSample                       0x0800279d   Thumb Code   118  drv_mt6816.o(i.drvMt6816GetSample)
    drvMt6816Init                            0x08002821   Thumb Code   198  drv_mt6816.o(i.drvMt6816Init)
    drvOledU8g2Display                       0x08002a15   Thumb Code   172  drv_oled_u8g2_display.o(i.drvOledU8g2Display)
    drvOledU8g2GpioAndDelay                  0x08002ad9   Thumb Code   146  drv_oled_u8g2_port.o(i.drvOledU8g2GpioAndDelay)
    drvTim1PwmApply                          0x08002bbd   Thumb Code    18  drv_tim1_pwm.o(i.drvTim1PwmApply)
    drvTim1PwmInit                           0x08002bd5   Thumb Code    14  drv_tim1_pwm.o(i.drvTim1PwmInit)
    drvUsart1Init                            0x08002be9   Thumb Code   132  drv_usart1.o(i.drvUsart1Init)
    drvUsart1IsReady                         0x08002c7d   Thumb Code     6  drv_usart1.o(i.drvUsart1IsReady)
    drvUsart1Write                           0x08002c89   Thumb Code    52  drv_usart1.o(i.drvUsart1Write)
    drvUsart1WriteChar                       0x08002cc5   Thumb Code    38  drv_usart1.o(i.drvUsart1WriteChar)
    halBoardInit                             0x08002d29   Thumb Code    32  hal_board.o(i.halBoardInit)
    halEncoderGetSample                      0x08002d49   Thumb Code    44  hal_encoder_if.o(i.halEncoderGetSample)
    halEncoderInit                           0x08002d75   Thumb Code     8  hal_encoder_if.o(i.halEncoderInit)
    halGateInit                              0x08002d7d   Thumb Code    14  hal_gate_if.o(i.halGateInit)
    halGateIsEnabled                         0x08002d8b   Thumb Code     8  hal_gate_if.o(i.halGateIsEnabled)
    halGateSetEnabled                        0x08002d93   Thumb Code    12  hal_gate_if.o(i.halGateSetEnabled)
    halKeysInit                              0x08002da1   Thumb Code    26  hal_keys_if.o(i.halKeysInit)
    halKeysPoll                              0x08002dcd   Thumb Code    64  hal_keys_if.o(i.halKeysPoll)
    halKeysStart                             0x08002e5d   Thumb Code    22  hal_keys_if.o(i.halKeysStart)
    halMotorApplyOutput                      0x08002ee1   Thumb Code    42  hal_motor_if.o(i.halMotorApplyOutput)
    halMotorInit                             0x08002f0b   Thumb Code     8  hal_motor_if.o(i.halMotorInit)
    halOledInit                              0x08003065   Thumb Code    66  hal_oled_if.o(i.halOledInit)
    halOledShowMenu                          0x080030c1   Thumb Code   214  hal_oled_if.o(i.halOledShowMenu)
    halSenseGetFeedbackSnapshot              0x080031a5   Thumb Code    88  hal_sense_if.o(i.halSenseGetFeedbackSnapshot)
    halSenseInit                             0x080031fd   Thumb Code    12  hal_sense_if.o(i.halSenseInit)
    halUartInit                              0x08003209   Thumb Code     8  hal_uart_if.o(i.halUartInit)
    halUartWrite                             0x08003211   Thumb Code    12  hal_uart_if.o(i.halUartWrite)
    main                                     0x080033ad   Thumb Code    30  main.o(i.main)
    port_init                                0x08003405   Thumb Code    90  chcore.o(i.port_init)
    u8g2_ClearBuffer                         0x080034a7   Thumb Code    26  u8g2_buffer.o(i.u8g2_ClearBuffer)
    u8g2_ClearDisplay                        0x080034c1   Thumb Code    32  u8g2_cleardisplay.o(i.u8g2_ClearDisplay)
    u8g2_DrawBox                             0x080034e1   Thumb Code    74  u8g2_box.o(i.u8g2_DrawBox)
    u8g2_DrawFrame                           0x0800352b   Thumb Code   138  u8g2_box.o(i.u8g2_DrawFrame)
    u8g2_DrawGlyph                           0x080035b5   Thumb Code    98  u8g2_font.o(i.u8g2_DrawGlyph)
    u8g2_DrawHVLine                          0x08003617   Thumb Code   220  u8g2_hvline.o(i.u8g2_DrawHVLine)
    u8g2_DrawPixel                           0x080036f3   Thumb Code    68  u8g2_hvline.o(i.u8g2_DrawPixel)
    u8g2_DrawStr                             0x08003739   Thumb Code    32  u8g2_font.o(i.u8g2_DrawStr)
    u8g2_FirstPage                           0x0800375d   Thumb Code    26  u8g2_buffer.o(i.u8g2_FirstPage)
    u8g2_IsIntersection                      0x08003777   Thumb Code    58  u8g2_intersection.o(i.u8g2_IsIntersection)
    u8g2_NextPage                            0x080037b1   Thumb Code    64  u8g2_buffer.o(i.u8g2_NextPage)
    u8g2_SetBufferCurrTileRow                0x080037f1   Thumb Code    28  u8g2_buffer.o(i.u8g2_SetBufferCurrTileRow)
    u8g2_SetDrawColor                        0x0800380d   Thumb Code    16  u8g2_hvline.o(i.u8g2_SetDrawColor)
    u8g2_SetFont                             0x0800381d   Thumb Code    32  u8g2_font.o(i.u8g2_SetFont)
    u8g2_SetFontMode                         0x0800383d   Thumb Code     6  u8g2_font.o(i.u8g2_SetFontMode)
    u8g2_SetFontPosBaseline                  0x08003845   Thumb Code     6  u8g2_font.o(i.u8g2_SetFontPosBaseline)
    u8g2_SetMaxClipWindow                    0x08003851   Thumb Code    32  u8g2_setup.o(i.u8g2_SetMaxClipWindow)
    u8g2_SetupBuffer                         0x08003871   Thumb Code    90  u8g2_setup.o(i.u8g2_SetupBuffer)
    u8g2_Setup_ssd1306_i2c_64x32_1f_1        0x080038cd   Thumb Code    54  drv_oled_u8g2_setup.o(i.u8g2_Setup_ssd1306_i2c_64x32_1f_1)
    u8g2_UpdateRefHeight                     0x08003911   Thumb Code   136  u8g2_font.o(i.u8g2_UpdateRefHeight)
    u8g2_add_vector_x                        0x08003999   Thumb Code    42  u8g2_font.o(i.u8g2_add_vector_x)
    u8g2_add_vector_y                        0x080039c3   Thumb Code    42  u8g2_font.o(i.u8g2_add_vector_y)
    u8g2_draw_hv_line_2dir                   0x08003ab3   Thumb Code    44  u8g2_hvline.o(i.u8g2_draw_hv_line_2dir)
    u8g2_draw_l90_mirrorr_r0                 0x08003adf   Thumb Code    60  u8g2_setup.o(i.u8g2_draw_l90_mirrorr_r0)
    u8g2_draw_l90_r0                         0x08003b1b   Thumb Code    36  u8g2_setup.o(i.u8g2_draw_l90_r0)
    u8g2_draw_l90_r1                         0x08003b3f   Thumb Code    68  u8g2_setup.o(i.u8g2_draw_l90_r1)
    u8g2_draw_l90_r2                         0x08003b83   Thumb Code    86  u8g2_setup.o(i.u8g2_draw_l90_r2)
    u8g2_draw_l90_r3                         0x08003bd9   Thumb Code    80  u8g2_setup.o(i.u8g2_draw_l90_r3)
    u8g2_draw_mirror_vertical_r0             0x08003c29   Thumb Code    60  u8g2_setup.o(i.u8g2_draw_mirror_vertical_r0)
    u8g2_font_calc_vref_font                 0x08003cf5   Thumb Code     6  u8g2_font.o(i.u8g2_font_calc_vref_font)
    u8g2_font_decode_get_signed_bits         0x08003cfb   Thumb Code    36  u8g2_font.o(i.u8g2_font_decode_get_signed_bits)
    u8g2_font_decode_get_unsigned_bits       0x08003d1f   Thumb Code    66  u8g2_font.o(i.u8g2_font_decode_get_unsigned_bits)
    u8g2_font_decode_glyph                   0x08003d61   Thumb Code   386  u8g2_font.o(i.u8g2_font_decode_glyph)
    u8g2_font_decode_len                     0x08003ee3   Thumb Code   176  u8g2_font.o(i.u8g2_font_decode_len)
    u8g2_font_get_glyph_data                 0x08003fd5   Thumb Code   146  u8g2_font.o(i.u8g2_font_get_glyph_data)
    u8g2_is_intersection_decision_tree       0x080040bf   Thumb Code    48  u8g2_intersection.o(i.u8g2_is_intersection_decision_tree)
    u8g2_ll_hvline_vertical_top_lsb          0x080040ef   Thumb Code   238  u8g2_ll_hvline.o(i.u8g2_ll_hvline_vertical_top_lsb)
    u8g2_m_8_4_1                             0x080041dd   Thumb Code    10  drv_oled_u8g2_setup.o(i.u8g2_m_8_4_1)
    u8g2_read_font_info                      0x080041ed   Thumb Code   224  u8g2_font.o(i.u8g2_read_font_info)
    u8g2_update_dimension_r0                 0x08004399   Thumb Code    12  u8g2_setup.o(i.u8g2_update_dimension_r0)
    u8g2_update_dimension_r1                 0x080043a5   Thumb Code    28  u8g2_setup.o(i.u8g2_update_dimension_r1)
    u8g2_update_dimension_r2                 0x080043c1   Thumb Code    12  u8g2_setup.o(i.u8g2_update_dimension_r2)
    u8g2_update_dimension_r3                 0x080043cd   Thumb Code    28  u8g2_setup.o(i.u8g2_update_dimension_r3)
    u8g2_update_page_win_r0                  0x080043e9   Thumb Code    32  u8g2_setup.o(i.u8g2_update_page_win_r0)
    u8g2_update_page_win_r1                  0x08004409   Thumb Code    32  u8g2_setup.o(i.u8g2_update_page_win_r1)
    u8g2_update_page_win_r2                  0x08004429   Thumb Code    60  u8g2_setup.o(i.u8g2_update_page_win_r2)
    u8g2_update_page_win_r3                  0x08004465   Thumb Code    60  u8g2_setup.o(i.u8g2_update_page_win_r3)
    u8x8_DrawTile                            0x080044a1   Thumb Code    50  u8x8_display.o(i.u8x8_DrawTile)
    u8x8_InitDisplay                         0x080044d3   Thumb Code    18  u8x8_display.o(i.u8x8_InitDisplay)
    u8x8_RefreshDisplay                      0x080044e5   Thumb Code    18  u8x8_display.o(i.u8x8_RefreshDisplay)
    u8x8_SetPowerSave                        0x080044f7   Thumb Code    20  u8x8_display.o(i.u8x8_SetPowerSave)
    u8x8_Setup                               0x0800450b   Thumb Code    42  u8x8_setup.o(i.u8x8_Setup)
    u8x8_SetupDefaults                       0x08004535   Thumb Code    38  u8x8_setup.o(i.u8x8_SetupDefaults)
    u8x8_SetupMemory                         0x08004561   Thumb Code    18  u8x8_display.o(i.u8x8_SetupMemory)
    u8x8_ascii_next                          0x08004573   Thumb Code    18  u8x8_8x8.o(i.u8x8_ascii_next)
    u8x8_byte_EndTransfer                    0x08004585   Thumb Code    18  u8x8_byte.o(i.u8x8_byte_EndTransfer)
    u8x8_byte_SendByte                       0x08004597   Thumb Code    16  u8x8_byte.o(i.u8x8_byte_SendByte)
    u8x8_byte_SendBytes                      0x080045a7   Thumb Code    26  u8x8_byte.o(i.u8x8_byte_SendBytes)
    u8x8_byte_StartTransfer                  0x080045c1   Thumb Code    18  u8x8_byte.o(i.u8x8_byte_StartTransfer)
    u8x8_byte_sw_i2c                         0x080045d3   Thumb Code   110  u8x8_byte.o(i.u8x8_byte_sw_i2c)
    u8x8_cad_EndTransfer                     0x08004641   Thumb Code    18  u8x8_cad.o(i.u8x8_cad_EndTransfer)
    u8x8_cad_SendArg                         0x08004653   Thumb Code    20  u8x8_cad.o(i.u8x8_cad_SendArg)
    u8x8_cad_SendCmd                         0x08004667   Thumb Code    20  u8x8_cad.o(i.u8x8_cad_SendCmd)
    u8x8_cad_SendData                        0x0800467b   Thumb Code    26  u8x8_cad.o(i.u8x8_cad_SendData)
    u8x8_cad_SendSequence                    0x08004695   Thumb Code   124  u8x8_cad.o(i.u8x8_cad_SendSequence)
    u8x8_cad_StartTransfer                   0x08004711   Thumb Code    18  u8x8_cad.o(i.u8x8_cad_StartTransfer)
    u8x8_cad_ssd13xx_fast_i2c                0x08004725   Thumb Code   208  u8x8_cad.o(i.u8x8_cad_ssd13xx_fast_i2c)
    u8x8_d_helper_display_init               0x080047f9   Thumb Code    96  u8x8_display.o(i.u8x8_d_helper_display_init)
    u8x8_d_helper_display_setup_memory       0x08004859   Thumb Code    12  u8x8_display.o(i.u8x8_d_helper_display_setup_memory)
    u8x8_dummy_cb                            0x08004865   Thumb Code     8  u8x8_setup.o(i.u8x8_dummy_cb)
    u8x8_gpio_call                           0x0800486d   Thumb Code    26  u8x8_gpio.o(i.u8x8_gpio_call)
    u8x8_utf8_init                           0x080048b5   Thumb Code     8  u8x8_8x8.o(i.u8x8_utf8_init)
    ch_core0_cfg                             0x08004b60   Data          20  chsys.o(.constdata)
    u8g2_cb_r0                               0x08004e44   Data          12  u8g2_setup.o(.constdata)
    u8g2_cb_r1                               0x08004e50   Data          12  u8g2_setup.o(.constdata)
    u8g2_cb_r2                               0x08004e5c   Data          12  u8g2_setup.o(.constdata)
    u8g2_cb_r3                               0x08004e68   Data          12  u8g2_setup.o(.constdata)
    u8g2_cb_mirror                           0x08004e74   Data          12  u8g2_setup.o(.constdata)
    u8g2_cb_mirror_vertical                  0x08004e80   Data          12  u8g2_setup.o(.constdata)
    u8g2_font_5x8_tr                         0x08004e8c   Data         844  u8g2_fonts_subset.o(.constdata)
    Region$$Table$$Base                      0x08005340   Number         0  anon$$obj.o(Region$$Table)
    Region$$Table$$Limit                     0x08005360   Number         0  anon$$obj.o(Region$$Table)
    SystemCoreClock                          0x20000000   Data           4  system_stm32f10x.o(.data)
    AHBPrescTable                            0x20000004   Data          16  system_stm32f10x.o(.data)
    ch_memcore                               0x20000070   Data           8  chmemcore.o(.data)
    ch_system                                0x20000ca0   Data          12  chsys.o(.bss)
    ch0                                      0x20000cb0   Data         232  chsys.o(.bss)
    ch_factory                               0x200012c4   Data          72  chfactory.o(.bss)
    __main_thread_stack_base__               0x20001310   Data           0  startup_stm32f10x_md.o(CSTACK)
    __main_thread_stack_end__                0x20001310   Data           0  startup_stm32f10x_md.o(CSTACK)
    __initial_sp                             0x20001710   Data           0  startup_stm32f10x_md.o(CSTACK)
    __initial_msp                            0x20001d10   Data           0  startup_stm32f10x_md.o(MSTACK)



==============================================================================

Memory Map of the image

  Image Entry point : 0x080000ed

  Load Region LR_IROM1 (Base: 0x08000000, Size: 0x000053e0, Max: 0x00010000, ABSOLUTE)

    Execution Region ER_IROM1 (Exec base: 0x08000000, Load base: 0x08000000, Size: 0x00005360, Max: 0x00010000, ABSOLUTE)

    Exec Addr    Load Addr    Size         Type   Attr      Idx    E Section Name        Object

    0x08000000   0x08000000   0x000000ec   Data   RO            4    RESET               startup_stm32f10x_md.o
    0x080000ec   0x080000ec   0x00000008   Code   RO         9822  * !!!main             c_w.l(__main.o)
    0x080000f4   0x080000f4   0x00000034   Code   RO        10213    !!!scatter          c_w.l(__scatter.o)
    0x08000128   0x08000128   0x0000001a   Code   RO        10215    !!handler_copy      c_w.l(__scatter_copy.o)
    0x08000142   0x08000142   0x00000002   PAD
    0x08000144   0x08000144   0x0000001c   Code   RO        10217    !!handler_zi        c_w.l(__scatter_zi.o)
    0x08000160   0x08000160   0x00000000   Code   RO         9807    .ARM.Collect$$_printf_percent$$00000000  c_w.l(_printf_percent.o)
    0x08000160   0x08000160   0x00000006   Code   RO         9805    .ARM.Collect$$_printf_percent$$00000009  c_w.l(_printf_d.o)
    0x08000166   0x08000166   0x00000006   Code   RO         9806    .ARM.Collect$$_printf_percent$$0000000A  c_w.l(_printf_u.o)
    0x0800016c   0x0800016c   0x00000004   Code   RO         9918    .ARM.Collect$$_printf_percent$$00000017  c_w.l(_printf_percent_end.o)
    0x08000170   0x08000170   0x00000002   Code   RO        10073    .ARM.Collect$$libinit$$00000000  c_w.l(libinit.o)
    0x08000172   0x08000172   0x00000000   Code   RO        10084    .ARM.Collect$$libinit$$00000002  c_w.l(libinit2.o)
    0x08000172   0x08000172   0x00000000   Code   RO        10086    .ARM.Collect$$libinit$$00000004  c_w.l(libinit2.o)
    0x08000172   0x08000172   0x00000000   Code   RO        10089    .ARM.Collect$$libinit$$0000000A  c_w.l(libinit2.o)
    0x08000172   0x08000172   0x00000000   Code   RO        10091    .ARM.Collect$$libinit$$0000000C  c_w.l(libinit2.o)
    0x08000172   0x08000172   0x00000000   Code   RO        10093    .ARM.Collect$$libinit$$0000000E  c_w.l(libinit2.o)
    0x08000172   0x08000172   0x00000000   Code   RO        10096    .ARM.Collect$$libinit$$00000011  c_w.l(libinit2.o)
    0x08000172   0x08000172   0x00000000   Code   RO        10098    .ARM.Collect$$libinit$$00000013  c_w.l(libinit2.o)
    0x08000172   0x08000172   0x00000000   Code   RO        10100    .ARM.Collect$$libinit$$00000015  c_w.l(libinit2.o)
    0x08000172   0x08000172   0x00000000   Code   RO        10102    .ARM.Collect$$libinit$$00000017  c_w.l(libinit2.o)
    0x08000172   0x08000172   0x00000000   Code   RO        10104    .ARM.Collect$$libinit$$00000019  c_w.l(libinit2.o)
    0x08000172   0x08000172   0x00000000   Code   RO        10106    .ARM.Collect$$libinit$$0000001B  c_w.l(libinit2.o)
    0x08000172   0x08000172   0x00000000   Code   RO        10108    .ARM.Collect$$libinit$$0000001D  c_w.l(libinit2.o)
    0x08000172   0x08000172   0x00000000   Code   RO        10110    .ARM.Collect$$libinit$$0000001F  c_w.l(libinit2.o)
    0x08000172   0x08000172   0x00000000   Code   RO        10112    .ARM.Collect$$libinit$$00000021  c_w.l(libinit2.o)
    0x08000172   0x08000172   0x00000000   Code   RO        10114    .ARM.Collect$$libinit$$00000023  c_w.l(libinit2.o)
    0x08000172   0x08000172   0x00000000   Code   RO        10116    .ARM.Collect$$libinit$$00000025  c_w.l(libinit2.o)
    0x08000172   0x08000172   0x00000000   Code   RO        10120    .ARM.Collect$$libinit$$0000002C  c_w.l(libinit2.o)
    0x08000172   0x08000172   0x00000000   Code   RO        10122    .ARM.Collect$$libinit$$0000002E  c_w.l(libinit2.o)
    0x08000172   0x08000172   0x00000000   Code   RO        10124    .ARM.Collect$$libinit$$00000030  c_w.l(libinit2.o)
    0x08000172   0x08000172   0x00000000   Code   RO        10126    .ARM.Collect$$libinit$$00000032  c_w.l(libinit2.o)
    0x08000172   0x08000172   0x00000002   Code   RO        10127    .ARM.Collect$$libinit$$00000033  c_w.l(libinit2.o)
    0x08000174   0x08000174   0x00000002   Code   RO        10151    .ARM.Collect$$libshutdown$$00000000  c_w.l(libshutdown.o)
    0x08000176   0x08000176   0x00000000   Code   RO        10164    .ARM.Collect$$libshutdown$$00000002  c_w.l(libshutdown2.o)
    0x08000176   0x08000176   0x00000000   Code   RO        10166    .ARM.Collect$$libshutdown$$00000004  c_w.l(libshutdown2.o)
    0x08000176   0x08000176   0x00000000   Code   RO        10168    .ARM.Collect$$libshutdown$$00000006  c_w.l(libshutdown2.o)
    0x08000176   0x08000176   0x00000000   Code   RO        10171    .ARM.Collect$$libshutdown$$00000009  c_w.l(libshutdown2.o)
    0x08000176   0x08000176   0x00000000   Code   RO        10174    .ARM.Collect$$libshutdown$$0000000C  c_w.l(libshutdown2.o)
    0x08000176   0x08000176   0x00000000   Code   RO        10176    .ARM.Collect$$libshutdown$$0000000E  c_w.l(libshutdown2.o)
    0x08000176   0x08000176   0x00000000   Code   RO        10179    .ARM.Collect$$libshutdown$$00000011  c_w.l(libshutdown2.o)
    0x08000176   0x08000176   0x00000002   Code   RO        10180    .ARM.Collect$$libshutdown$$00000012  c_w.l(libshutdown2.o)
    0x08000178   0x08000178   0x00000000   Code   RO         9880    .ARM.Collect$$rtentry$$00000000  c_w.l(__rtentry.o)
    0x08000178   0x08000178   0x00000000   Code   RO         9979    .ARM.Collect$$rtentry$$00000002  c_w.l(__rtentry2.o)
    0x08000178   0x08000178   0x00000004   Code   RO         9993    .ARM.Collect$$rtentry$$00000005  c_w.l(__rtentry5.o)
    0x0800017c   0x0800017c   0x00000000   Code   RO         9981    .ARM.Collect$$rtentry$$00000009  c_w.l(__rtentry2.o)
    0x0800017c   0x0800017c   0x00000004   Code   RO         9982    .ARM.Collect$$rtentry$$0000000A  c_w.l(__rtentry2.o)
    0x08000180   0x08000180   0x00000000   Code   RO         9984    .ARM.Collect$$rtentry$$0000000C  c_w.l(__rtentry2.o)
    0x08000180   0x08000180   0x00000008   Code   RO         9985    .ARM.Collect$$rtentry$$0000000D  c_w.l(__rtentry2.o)
    0x08000188   0x08000188   0x00000004   Code   RO         9994    .ARM.Collect$$rtentry$$00002716  c_w.l(__rtentry5.o)
    0x0800018c   0x0800018c   0x00000002   Code   RO        10078    .ARM.Collect$$rtexit$$00000000  c_w.l(rtexit.o)
    0x0800018e   0x0800018e   0x00000000   Code   RO        10131    .ARM.Collect$$rtexit$$00000002  c_w.l(rtexit2.o)
    0x0800018e   0x0800018e   0x00000004   Code   RO        10132    .ARM.Collect$$rtexit$$00000003  c_w.l(rtexit2.o)
    0x08000192   0x08000192   0x00000006   Code   RO        10133    .ARM.Collect$$rtexit$$00000004  c_w.l(rtexit2.o)
    0x08000198   0x08000198   0x00000020   Code   RO           11    .emb_text           core_cm3.o
    0x080001b8   0x080001b8   0x00000058   Code   RO            5    .text               startup_stm32f10x_md.o
    0x08000210   0x08000210   0x0000002a   Code   RO         4885    .text               chcoreasm.o
    0x0800023a   0x0800023a   0x00000002   PAD
    0x0800023c   0x0800023c   0x00000038   Code   RO         9753    .text               c_w.l(__2snprintf.o)
    0x08000274   0x08000274   0x0000004e   Code   RO         9759    .text               c_w.l(_printf_pad.o)
    0x080002c2   0x080002c2   0x00000002   PAD
    0x080002c4   0x080002c4   0x00000078   Code   RO         9761    .text               c_w.l(_printf_dec.o)
    0x0800033c   0x0800033c   0x00000188   Code   RO         9801    .text               c_w.l(__printf_flags_ss_wp.o)
    0x080004c4   0x080004c4   0x00000064   Code   RO         9812    .text               c_w.l(rt_memcpy_w.o)
    0x08000528   0x08000528   0x00000044   Code   RO         9814    .text               c_w.l(rt_memclr.o)
    0x0800056c   0x0800056c   0x0000004e   Code   RO         9816    .text               c_w.l(rt_memclr_w.o)
    0x080005ba   0x080005ba   0x00000006   Code   RO         9820    .text               c_w.l(heapauxi.o)
    0x080005c0   0x080005c0   0x000000b2   Code   RO         9887    .text               c_w.l(_printf_intcommon.o)
    0x08000672   0x08000672   0x00000002   PAD
    0x08000674   0x08000674   0x00000030   Code   RO         9891    .text               c_w.l(_printf_char_common.o)
    0x080006a4   0x080006a4   0x0000000a   Code   RO         9893    .text               c_w.l(_sputc.o)
    0x080006ae   0x080006ae   0x00000010   Code   RO         9895    .text               c_w.l(_snputc.o)
    0x080006be   0x080006be   0x00000012   Code   RO        10066    .text               c_w.l(exit.o)
    0x080006d0   0x080006d0   0x0000000c   Code   RO        10143    .text               c_w.l(sys_exit.o)
    0x080006dc   0x080006dc   0x00000002   Code   RO        10154    .text               c_w.l(use_no_semi.o)
    0x080006de   0x080006de   0x00000000   Code   RO        10156    .text               c_w.l(indicate_semi.o)
    0x080006de   0x080006de   0x00000002   PAD
    0x080006e0   0x080006e0   0x00000014   Code   RO         3388    i.BusFault_Handler  stm32f10x_it.o
    0x080006f4   0x080006f4   0x00000050   Code   RO         3784    i.ControlThread     app_task_control.o
    0x08000744   0x08000744   0x00000002   Code   RO         3389    i.DebugMon_Handler  stm32f10x_it.o
    0x08000746   0x08000746   0x00000116   Code   RO         1348    i.GPIO_Init         stm32f10x_gpio.o
    0x0800085c   0x0800085c   0x00000012   Code   RO         1352    i.GPIO_ReadInputDataBit  stm32f10x_gpio.o
    0x0800086e   0x0800086e   0x00000002   PAD
    0x08000870   0x08000870   0x00000014   Code   RO         3390    i.HardFault_Handler  stm32f10x_it.o
    0x08000884   0x08000884   0x00000038   Code   RO         4374    i.KeysThread        hal_keys_if.o
    0x080008bc   0x080008bc   0x00000014   Code   RO         3391    i.MemManage_Handler  stm32f10x_it.o
    0x080008d0   0x080008d0   0x00000002   Code   RO         3392    i.NMI_Handler       stm32f10x_it.o
    0x080008d2   0x080008d2   0x00000002   PAD
    0x080008d4   0x080008d4   0x00000028   Code   RO         4752    i.NVIC_SetPriority  chcore.o
    0x080008fc   0x080008fc   0x00000020   Code   RO         1777    i.RCC_APB1PeriphResetCmd  stm32f10x_rcc.o
    0x0800091c   0x0800091c   0x00000020   Code   RO         1778    i.RCC_APB2PeriphClockCmd  stm32f10x_rcc.o
    0x0800093c   0x0800093c   0x00000020   Code   RO         1779    i.RCC_APB2PeriphResetCmd  stm32f10x_rcc.o
    0x0800095c   0x0800095c   0x000000d4   Code   RO         1786    i.RCC_GetClocksFreq  stm32f10x_rcc.o
    0x08000a30   0x08000a30   0x00000018   Code   RO         2264    i.SPI_Cmd           stm32f10x_spi.o
    0x08000a48   0x08000a48   0x00000058   Code   RO         2271    i.SPI_I2S_DeInit    stm32f10x_spi.o
    0x08000aa0   0x08000aa0   0x00000012   Code   RO         2272    i.SPI_I2S_GetFlagStatus  stm32f10x_spi.o
    0x08000ab2   0x08000ab2   0x00000006   Code   RO         2275    i.SPI_I2S_ReceiveData  stm32f10x_spi.o
    0x08000ab8   0x08000ab8   0x00000004   Code   RO         2276    i.SPI_I2S_SendData  stm32f10x_spi.o
    0x08000abc   0x08000abc   0x0000003c   Code   RO         2277    i.SPI_Init          stm32f10x_spi.o
    0x08000af8   0x08000af8   0x00000018   Code   RO         2280    i.SPI_StructInit    stm32f10x_spi.o
    0x08000b10   0x08000b10   0x00000020   Code   RO         4753    i.SVC_Handler       chcore.o
    0x08000b30   0x08000b30   0x00000008   Code   RO           25    i.SetSysClock       system_stm32f10x.o
    0x08000b38   0x08000b38   0x000000e0   Code   RO           26    i.SetSysClockTo72   system_stm32f10x.o
    0x08000c18   0x08000c18   0x00000038   Code   RO         3441    i.SysTick_Handler   chibios_port.o
    0x08000c50   0x08000c50   0x000000a4   Code   RO           27    i.SystemCoreClockUpdate  system_stm32f10x.o
    0x08000cf4   0x08000cf4   0x00000060   Code   RO           28    i.SystemInit        system_stm32f10x.o
    0x08000d54   0x08000d54   0x00000018   Code   RO         2961    i.USART_Cmd         stm32f10x_usart.o
    0x08000d6c   0x08000d6c   0x0000001a   Code   RO         2964    i.USART_GetFlagStatus  stm32f10x_usart.o
    0x08000d86   0x08000d86   0x00000002   PAD
    0x08000d88   0x08000d88   0x000000d8   Code   RO         2968    i.USART_Init        stm32f10x_usart.o
    0x08000e60   0x08000e60   0x00000008   Code   RO         2978    i.USART_SendData    stm32f10x_usart.o
    0x08000e68   0x08000e68   0x00000018   Code   RO         2984    i.USART_StructInit  stm32f10x_usart.o
    0x08000e80   0x08000e80   0x00000124   Code   RO         3807    i.UiThread          app_task_ui.o
    0x08000fa4   0x08000fa4   0x00000014   Code   RO         3393    i.UsageFault_Handler  stm32f10x_it.o
    0x08000fb8   0x08000fb8   0x00000018   Code   RO         7199    i.__core_init       chmemcore.o
    0x08000fd0   0x08000fd0   0x0000005c   Code   RO         7780    i.__factory_init    chfactory.o
    0x0800102c   0x0800102c   0x0000002c   Code   RO         7284    i.__heap_init       chmemheaps.o
    0x08001058   0x08001058   0x0000000c   Code   RO         5452    i.__idle_thread     chinstances.o
    0x08001064   0x08001064   0x00000060   Code   RO         4754    i.__port_irq_epilogue  chcore.o
    0x080010c4   0x080010c4   0x00000040   Code   RO         5262    i.__sch_ready_ahead  chschd.o
    0x08001104   0x08001104   0x00000040   Code   RO         5263    i.__sch_ready_behind  chschd.o
    0x08001144   0x08001144   0x00000080   Code   RO         5266    i.__sch_wakeup      chschd.o
    0x080011c4   0x080011c4   0x00000008   Code   RO         3442    i.__set_BASEPRI     chibios_port.o
    0x080011cc   0x080011cc   0x00000008   Code   RO         3540    i.__set_BASEPRI     app_main.o
    0x080011d4   0x080011d4   0x00000008   Code   RO         4375    i.__set_BASEPRI     hal_keys_if.o
    0x080011dc   0x080011dc   0x00000008   Code   RO         4755    i.__set_BASEPRI     chcore.o
    0x080011e4   0x080011e4   0x00000008   Code   RO         4889    i.__set_BASEPRI     chsys.o
    0x080011ec   0x080011ec   0x00000008   Code   RO         5103    i.__set_BASEPRI     chvt.o
    0x080011f4   0x080011f4   0x00000008   Code   RO         5267    i.__set_BASEPRI     chschd.o
    0x080011fc   0x080011fc   0x00000008   Code   RO         5555    i.__set_BASEPRI     chthreads.o
    0x08001204   0x08001204   0x00000008   Code   RO         7200    i.__set_BASEPRI     chmemcore.o
    0x0800120c   0x0800120c   0x0000000e   Code   RO         9794    i._is_digit         c_w.l(__printf_wp.o)
    0x0800121a   0x0800121a   0x00000002   PAD
    0x0800121c   0x0800121c   0x00000034   Code   RO         4056    i.algoFocInit       algo_foc.o
    0x08001250   0x08001250   0x00000098   Code   RO         4057    i.algoFocStep       algo_foc.o
    0x080012e8   0x080012e8   0x00000016   Code   RO         4124    i.algoLimitS32      algo_limit.o
    0x080012fe   0x080012fe   0x00000016   Code   RO         4125    i.algoLimitU16      algo_limit.o
    0x08001314   0x08001314   0x0000000c   Code   RO         4160    i.algoObserverInit  algo_observer.o
    0x08001320   0x08001320   0x0000001e   Code   RO         4161    i.algoObserverStep  algo_observer.o
    0x0800133e   0x0800133e   0x00000016   Code   RO         4095    i.algoPidClamp      algo_pid.o
    0x08001354   0x08001354   0x00000018   Code   RO         4096    i.algoPidInit       algo_pid.o
    0x0800136c   0x0800136c   0x0000000c   Code   RO         4097    i.algoPidReset      algo_pid.o
    0x08001378   0x08001378   0x00000042   Code   RO         4098    i.algoPidStep       algo_pid.o
    0x080013ba   0x080013ba   0x0000000e   Code   RO         4142    i.algoRampInit      algo_ramp.o
    0x080013c8   0x080013c8   0x0000003a   Code   RO         4143    i.algoRampStep      algo_ramp.o
    0x08001402   0x08001402   0x00000002   PAD
    0x08001404   0x08001404   0x00000020   Code   RO         3541    i.appCommandGetSnapshot  app_main.o
    0x08001424   0x08001424   0x0000000e   Code   RO         3545    i.appCommandSubmitFromUi  app_main.o
    0x08001432   0x08001432   0x00000002   PAD
    0x08001434   0x08001434   0x0000004c   Code   RO         3546    i.appCommandSubmitInternal  app_main.o
    0x08001480   0x08001480   0x00000002   Code   RO         3757    i.appFastLoopInit   app_fastloop.o
    0x08001482   0x08001482   0x000000de   Code   RO         3758    i.appFastLoopStep   app_fastloop.o
    0x08001560   0x08001560   0x00000036   Code   RO         4038    i.appFaultMgrCheck  app_fault_mgr.o
    0x08001596   0x08001596   0x00000002   Code   RO         4039    i.appFaultMgrInit   app_fault_mgr.o
    0x08001598   0x08001598   0x00000174   Code   RO         3547    i.appInit           app_main.o
    0x0800170c   0x0800170c   0x0000003c   Code   RO         3916    i.appMenuActivate   app_menu.o
    0x08001748   0x08001748   0x00000018   Code   RO         3917    i.appMenuBack       app_menu.o
    0x08001760   0x08001760   0x000000f0   Code   RO         3918    i.appMenuBuildView  app_menu.o
    0x08001850   0x08001850   0x00000044   Code   RO         3920    i.appMenuEnter      app_menu.o
    0x08001894   0x08001894   0x00000034   Code   RO         3921    i.appMenuGetSelectedItem  app_menu.o
    0x080018c8   0x080018c8   0x0000002c   Code   RO         3922    i.appMenuInit       app_menu.o
    0x080018f4   0x080018f4   0x0000004c   Code   RO         3923    i.appMenuMoveNext   app_menu.o
    0x08001940   0x08001940   0x00000048   Code   RO         3924    i.appMenuMovePrev   app_menu.o
    0x08001988   0x08001988   0x0000005c   Code   RO         3925    i.appMenuNeedsPeriodicRefresh  app_menu.o
    0x080019e4   0x080019e4   0x00000118   Code   RO         3926    i.appMenuResolveValue  app_menu.o
    0x08001afc   0x08001afc   0x0000004c   Code   RO         3927    i.appMenuSyncWindow  app_menu.o
    0x08001b48   0x08001b48   0x00000024   Code   RO         3548    i.appRuntimeGetSnapshot  app_main.o
    0x08001b6c   0x08001b6c   0x0000001c   Code   RO         3550    i.appRuntimeIncrementControlTicks  app_main.o
    0x08001b88   0x08001b88   0x0000001c   Code   RO         3551    i.appRuntimeIncrementSeconds  app_main.o
    0x08001ba4   0x08001ba4   0x0000005c   Code   RO         3552    i.appRuntimePublishFastLoop  app_main.o
    0x08001c00   0x08001c00   0x000000c0   Code   RO         3553    i.appStartSystemTick  app_main.o
    0x08001cc0   0x08001cc0   0x0000000c   Code   RO         4018    i.appStateMachineInit  app_state_machine.o
    0x08001ccc   0x08001ccc   0x0000004c   Code   RO         4019    i.appStateMachineStep  app_state_machine.o
    0x08001d18   0x08001d18   0x00000020   Code   RO         3785    i.appTaskControlStart  app_task_control.o
    0x08001d38   0x08001d38   0x00000020   Code   RO         3808    i.appTaskUiStart    app_task_ui.o
    0x08001d58   0x08001d58   0x00000012   Code   RO         7783    i.chCoreAllocAlignedI  chfactory.o
    0x08001d6a   0x08001d6a   0x00000024   Code   RO         7203    i.chCoreAllocFromTop  chmemcore.o
    0x08001d8e   0x08001d8e   0x00000002   PAD
    0x08001d90   0x08001d90   0x00000040   Code   RO         7204    i.chCoreAllocFromTopI  chmemcore.o
    0x08001dd0   0x08001dd0   0x00000018   Code   RO         7205    i.chCoreGetStatusX  chmemcore.o
    0x08001de8   0x08001de8   0x000000e0   Code   RO         5453    i.chInstanceObjectInit  chinstances.o
    0x08001ec8   0x08001ec8   0x00000012   Code   RO         6298    i.chMtxObjectInit   chmtx.o
    0x08001eda   0x08001eda   0x00000016   Code   RO         7804    i.chPoolObjectInit  chfactory.o
    0x08001ef0   0x08001ef0   0x00000012   Code   RO         7377    i.chPoolObjectInitAligned  chmempools.o
    0x08001f02   0x08001f02   0x00000002   PAD
    0x08001f04   0x08001f04   0x00000038   Code   RO         5268    i.chSchDoPreemption  chschd.o
    0x08001f3c   0x08001f3c   0x00000040   Code   RO         5270    i.chSchGoSleepS     chschd.o
    0x08001f7c   0x08001f7c   0x00000050   Code   RO         5271    i.chSchGoSleepTimeoutS  chschd.o
    0x08001fcc   0x08001fcc   0x0000001c   Code   RO         5272    i.chSchIsPreemptionRequired  chschd.o
    0x08001fe8   0x08001fe8   0x00000010   Code   RO         5274    i.chSchReadyI       chschd.o
    0x08001ff8   0x08001ff8   0x00000050   Code   RO         5277    i.chSchWakeupS      chschd.o
    0x08002048   0x08002048   0x0000002c   Code   RO         5278    i.chSftValidateDataPointerX  chschd.o
    0x08002074   0x08002074   0x00000024   Code   RO         4892    i.chSysHalt         chsys.o
    0x08002098   0x08002098   0x00000080   Code   RO         4893    i.chSysInit         chsys.o
    0x08002118   0x08002118   0x0000000e   Code   RO         3554    i.chSysLock         app_main.o
    0x08002126   0x08002126   0x0000000e   Code   RO         4376    i.chSysLock         hal_keys_if.o
    0x08002134   0x08002134   0x0000000e   Code   RO         5556    i.chSysLock         chthreads.o
    0x08002142   0x08002142   0x0000000e   Code   RO         7206    i.chSysLock         chmemcore.o
    0x08002150   0x08002150   0x0000000c   Code   RO         4897    i.chSysTimerHandlerI  chsys.o
    0x0800215c   0x0800215c   0x00000012   Code   RO         3555    i.chSysUnlock       app_main.o
    0x0800216e   0x0800216e   0x00000012   Code   RO         4377    i.chSysUnlock       hal_keys_if.o
    0x08002180   0x08002180   0x00000012   Code   RO         4898    i.chSysUnlock       chsys.o
    0x08002192   0x08002192   0x00000012   Code   RO         5557    i.chSysUnlock       chthreads.o
    0x080021a4   0x080021a4   0x00000012   Code   RO         7207    i.chSysUnlock       chmemcore.o
    0x080021b6   0x080021b6   0x00000012   Code   RO         5279    i.chSysUnlockFromISR  chschd.o
    0x080021c8   0x080021c8   0x00000016   Code   RO         5899    i.chTMObjectInit    chtm.o
    0x080021de   0x080021de   0x00000002   PAD
    0x080021e0   0x080021e0   0x00000010   Code   RO         5900    i.chTMStartMeasurementX  chtm.o
    0x080021f0   0x080021f0   0x00000024   Code   RO         5901    i.chTMStopMeasurementX  chtm.o
    0x08002214   0x08002214   0x00000098   Code   RO         5561    i.chThdCreateStatic  chthreads.o
    0x080022ac   0x080022ac   0x00000010   Code   RO         5568    i.chThdExit         chthreads.o
    0x080022bc   0x080022bc   0x00000056   Code   RO         5569    i.chThdExitS        chthreads.o
    0x08002312   0x08002312   0x00000002   PAD
    0x08002314   0x08002314   0x0000000c   Code   RO         5570    i.chThdGetSelfX     chthreads.o
    0x08002320   0x08002320   0x00000064   Code   RO         5572    i.chThdObjectInit   chthreads.o
    0x08002384   0x08002384   0x00000014   Code   RO         5580    i.chThdSleep        chthreads.o
    0x08002398   0x08002398   0x00000012   Code   RO         5581    i.chThdSleepS       chthreads.o
    0x080023aa   0x080023aa   0x00000016   Code   RO         5585    i.chThdSpawnRunningI  chthreads.o
    0x080023c0   0x080023c0   0x00000050   Code   RO         5587    i.chThdSpawnSuspendedI  chthreads.o
    0x08002410   0x08002410   0x00000030   Code   RO         5104    i.chVTDoResetI      chvt.o
    0x08002440   0x08002440   0x00000030   Code   RO         5106    i.chVTDoSetI        chvt.o
    0x08002470   0x08002470   0x0000007c   Code   RO         5107    i.chVTDoTickI       chvt.o
    0x080024ec   0x080024ec   0x0000000e   Code   RO         5113    i.ch_dlist_dequeue  chvt.o
    0x080024fa   0x080024fa   0x0000003a   Code   RO         5114    i.ch_dlist_insert   chvt.o
    0x08002534   0x08002534   0x0000000e   Code   RO         5280    i.ch_pqueue_remove_highest  chschd.o
    0x08002542   0x08002542   0x0000000e   Code   RO         5595    i.ch_queue_dequeue  chthreads.o
    0x08002550   0x08002550   0x00000006   Code   RO         5596    i.ch_queue_init     chthreads.o
    0x08002556   0x08002556   0x0000000e   Code   RO         5597    i.ch_queue_insert   chthreads.o
    0x08002564   0x08002564   0x000000ac   Code   RO         4460    i.drvAdc1GetLatest  drv_adc1.o
    0x08002610   0x08002610   0x00000038   Code   RO         4461    i.drvAdc1Init       drv_adc1.o
    0x08002648   0x08002648   0x0000000c   Code   RO         4528    i.drvGatePinInit    drv_gpio.o
    0x08002654   0x08002654   0x0000000c   Code   RO         4529    i.drvGatePinRead    drv_gpio.o
    0x08002660   0x08002660   0x0000000c   Code   RO         4530    i.drvGatePinWrite   drv_gpio.o
    0x0800266c   0x0800266c   0x0000000c   Code   RO         4531    i.drvGpioInit       drv_gpio.o
    0x08002678   0x08002678   0x00000002   Code   RO         4513    i.drvIrqInit        drv_irq.o
    0x0800267a   0x0800267a   0x00000002   PAD
    0x0800267c   0x0800267c   0x0000001c   Code   RO         4563    i.drvKeysGetState   drv_keys.o
    0x08002698   0x08002698   0x0000003c   Code   RO         4564    i.drvKeysInit       drv_keys.o
    0x080026d4   0x080026d4   0x00000024   Code   RO         4565    i.drvKeysReadRawPressed  drv_keys.o
    0x080026f8   0x080026f8   0x0000008c   Code   RO         4566    i.drvKeysScan       drv_keys.o
    0x08002784   0x08002784   0x0000000c   Code   RO         4709    i.drvMt6816CsHigh   drv_mt6816.o
    0x08002790   0x08002790   0x0000000c   Code   RO         4710    i.drvMt6816CsLow    drv_mt6816.o
    0x0800279c   0x0800279c   0x00000084   Code   RO         4711    i.drvMt6816GetSample  drv_mt6816.o
    0x08002820   0x08002820   0x000000dc   Code   RO         4712    i.drvMt6816Init     drv_mt6816.o
    0x080028fc   0x080028fc   0x00000034   Code   RO         4713    i.drvMt6816ReadRegister  drv_mt6816.o
    0x08002930   0x08002930   0x00000038   Code   RO         4714    i.drvMt6816TransferByte  drv_mt6816.o
    0x08002968   0x08002968   0x0000006c   Code   RO         4690    i.drvOledDrawTiles  drv_oled_u8g2_display.o
    0x080029d4   0x080029d4   0x00000012   Code   RO         4633    i.drvOledU8g2BusyWait  drv_oled_u8g2_port.o
    0x080029e6   0x080029e6   0x00000002   PAD
    0x080029e8   0x080029e8   0x0000002c   Code   RO         4634    i.drvOledU8g2DelayUs  drv_oled_u8g2_port.o
    0x08002a14   0x08002a14   0x000000c4   Code   RO         4691    i.drvOledU8g2Display  drv_oled_u8g2_display.o
    0x08002ad8   0x08002ad8   0x00000092   Code   RO         4635    i.drvOledU8g2GpioAndDelay  drv_oled_u8g2_port.o
    0x08002b6a   0x08002b6a   0x00000002   PAD
    0x08002b6c   0x08002b6c   0x0000003c   Code   RO         4636    i.drvOledU8g2PortInit  drv_oled_u8g2_port.o
    0x08002ba8   0x08002ba8   0x00000014   Code   RO         4637    i.drvOledU8g2WritePin  drv_oled_u8g2_port.o
    0x08002bbc   0x08002bbc   0x00000018   Code   RO         4484    i.drvTim1PwmApply   drv_tim1_pwm.o
    0x08002bd4   0x08002bd4   0x00000014   Code   RO         4486    i.drvTim1PwmInit    drv_tim1_pwm.o
    0x08002be8   0x08002be8   0x00000094   Code   RO         4598    i.drvUsart1Init     drv_usart1.o
    0x08002c7c   0x08002c7c   0x0000000c   Code   RO         4599    i.drvUsart1IsReady  drv_usart1.o
    0x08002c88   0x08002c88   0x0000003c   Code   RO         4600    i.drvUsart1Write    drv_usart1.o
    0x08002cc4   0x08002cc4   0x00000030   Code   RO         4601    i.drvUsart1WriteChar  drv_usart1.o
    0x08002cf4   0x08002cf4   0x00000004   Code   RO         7811    i.dyn_list_init     chfactory.o
    0x08002cf8   0x08002cf8   0x00000030   Code   RO         3394    i.faultLogAndHalt   stm32f10x_it.o
    0x08002d28   0x08002d28   0x00000020   Code   RO         4296    i.halBoardInit      hal_board.o
    0x08002d48   0x08002d48   0x0000002c   Code   RO         4439    i.halEncoderGetSample  hal_encoder_if.o
    0x08002d74   0x08002d74   0x00000008   Code   RO         4440    i.halEncoderInit    hal_encoder_if.o
    0x08002d7c   0x08002d7c   0x0000000e   Code   RO         4326    i.halGateInit       hal_gate_if.o
    0x08002d8a   0x08002d8a   0x00000008   Code   RO         4327    i.halGateIsEnabled  hal_gate_if.o
    0x08002d92   0x08002d92   0x0000000c   Code   RO         4328    i.halGateSetEnabled  hal_gate_if.o
    0x08002d9e   0x08002d9e   0x00000002   PAD
    0x08002da0   0x08002da0   0x0000002c   Code   RO         4378    i.halKeysInit       hal_keys_if.o
    0x08002dcc   0x08002dcc   0x0000004c   Code   RO         4379    i.halKeysPoll       hal_keys_if.o
    0x08002e18   0x08002e18   0x00000044   Code   RO         4380    i.halKeysQueuePush  hal_keys_if.o
    0x08002e5c   0x08002e5c   0x00000020   Code   RO         4381    i.halKeysStart      hal_keys_if.o
    0x08002e7c   0x08002e7c   0x00000064   Code   RO         4382    i.halKeysTranslateScan  hal_keys_if.o
    0x08002ee0   0x08002ee0   0x0000002a   Code   RO         4239    i.halMotorApplyOutput  hal_motor_if.o
    0x08002f0a   0x08002f0a   0x00000008   Code   RO         4241    i.halMotorInit      hal_motor_if.o
    0x08002f12   0x08002f12   0x00000002   PAD
    0x08002f14   0x08002f14   0x00000040   Code   RO         4178    i.halOledDrawChevron  hal_oled_if.o
    0x08002f54   0x08002f54   0x00000034   Code   RO         4179    i.halOledDrawLevelDots  hal_oled_if.o
    0x08002f88   0x08002f88   0x00000088   Code   RO         4180    i.halOledDrawMenuRow  hal_oled_if.o
    0x08003010   0x08003010   0x00000054   Code   RO         4181    i.halOledDrawScrollBar  hal_oled_if.o
    0x08003064   0x08003064   0x0000005c   Code   RO         4182    i.halOledInit       hal_oled_if.o
    0x080030c0   0x080030c0   0x000000e4   Code   RO         4183    i.halOledShowMenu   hal_oled_if.o
    0x080031a4   0x080031a4   0x00000058   Code   RO         4269    i.halSenseGetFeedbackSnapshot  hal_sense_if.o
    0x080031fc   0x080031fc   0x0000000c   Code   RO         4270    i.halSenseInit      hal_sense_if.o
    0x08003208   0x08003208   0x00000008   Code   RO         4350    i.halUartInit       hal_uart_if.o
    0x08003210   0x08003210   0x0000000c   Code   RO         4352    i.halUartWrite      hal_uart_if.o
    0x0800321c   0x0800321c   0x00000010   Code   RO         9080    i.i2c_clear_scl     u8x8_byte.o
    0x0800322c   0x0800322c   0x00000010   Code   RO         9081    i.i2c_clear_sda     u8x8_byte.o
    0x0800323c   0x0800323c   0x00000012   Code   RO         9082    i.i2c_delay         u8x8_byte.o
    0x0800324e   0x0800324e   0x00000020   Code   RO         9083    i.i2c_init          u8x8_byte.o
    0x0800326e   0x0800326e   0x0000002a   Code   RO         9084    i.i2c_read_bit      u8x8_byte.o
    0x08003298   0x08003298   0x00000016   Code   RO         9085    i.i2c_read_scl_and_delay  u8x8_byte.o
    0x080032ae   0x080032ae   0x00000010   Code   RO         9086    i.i2c_read_sda      u8x8_byte.o
    0x080032be   0x080032be   0x0000003c   Code   RO         9087    i.i2c_start         u8x8_byte.o
    0x080032fa   0x080032fa   0x0000002a   Code   RO         9088    i.i2c_stop          u8x8_byte.o
    0x08003324   0x08003324   0x0000002a   Code   RO         9089    i.i2c_write_bit     u8x8_byte.o
    0x0800334e   0x0800334e   0x0000005e   Code   RO         9090    i.i2c_write_byte    u8x8_byte.o
    0x080033ac   0x080033ac   0x00000058   Code   RO         3197    i.main              main.o
    0x08003404   0x08003404   0x00000068   Code   RO         4756    i.port_init         chcore.o
    0x0800346c   0x0800346c   0x0000003a   Code   RO         5902    i.tm_stop           chtm.o
    0x080034a6   0x080034a6   0x0000001a   Code   RO         8164    i.u8g2_ClearBuffer  u8g2_buffer.o
    0x080034c0   0x080034c0   0x00000020   Code   RO         8250    i.u8g2_ClearDisplay  u8g2_cleardisplay.o
    0x080034e0   0x080034e0   0x0000004a   Code   RO         8262    i.u8g2_DrawBox      u8g2_box.o
    0x0800352a   0x0800352a   0x0000008a   Code   RO         8263    i.u8g2_DrawFrame    u8g2_box.o
    0x080035b4   0x080035b4   0x00000062   Code   RO         8364    i.u8g2_DrawGlyph    u8g2_font.o
    0x08003616   0x08003616   0x000000dc   Code   RO         8725    i.u8g2_DrawHVLine   u8g2_hvline.o
    0x080036f2   0x080036f2   0x00000044   Code   RO         8726    i.u8g2_DrawPixel    u8g2_hvline.o
    0x08003736   0x08003736   0x00000002   PAD
    0x08003738   0x08003738   0x00000024   Code   RO         8367    i.u8g2_DrawStr      u8g2_font.o
    0x0800375c   0x0800375c   0x0000001a   Code   RO         8165    i.u8g2_FirstPage    u8g2_buffer.o
    0x08003776   0x08003776   0x0000003a   Code   RO         8771    i.u8g2_IsIntersection  u8g2_intersection.o
    0x080037b0   0x080037b0   0x00000040   Code   RO         8166    i.u8g2_NextPage     u8g2_buffer.o
    0x080037f0   0x080037f0   0x0000001c   Code   RO         8168    i.u8g2_SetBufferCurrTileRow  u8g2_buffer.o
    0x0800380c   0x0800380c   0x00000010   Code   RO         8728    i.u8g2_SetDrawColor  u8g2_hvline.o
    0x0800381c   0x0800381c   0x00000020   Code   RO         8386    i.u8g2_SetFont      u8g2_font.o
    0x0800383c   0x0800383c   0x00000006   Code   RO         8388    i.u8g2_SetFontMode  u8g2_font.o
    0x08003842   0x08003842   0x00000002   PAD
    0x08003844   0x08003844   0x0000000c   Code   RO         8389    i.u8g2_SetFontPosBaseline  u8g2_font.o
    0x08003850   0x08003850   0x00000020   Code   RO         8013    i.u8g2_SetMaxClipWindow  u8g2_setup.o
    0x08003870   0x08003870   0x0000005a   Code   RO         8014    i.u8g2_SetupBuffer  u8g2_setup.o
    0x080038ca   0x080038ca   0x00000002   PAD
    0x080038cc   0x080038cc   0x00000044   Code   RO         4668    i.u8g2_Setup_ssd1306_i2c_64x32_1f_1  drv_oled_u8g2_setup.o
    0x08003910   0x08003910   0x00000088   Code   RO         8396    i.u8g2_UpdateRefHeight  u8g2_font.o
    0x08003998   0x08003998   0x0000002a   Code   RO         8397    i.u8g2_add_vector_x  u8g2_font.o
    0x080039c2   0x080039c2   0x0000002a   Code   RO         8398    i.u8g2_add_vector_y  u8g2_font.o
    0x080039ec   0x080039ec   0x0000007a   Code   RO         8016    i.u8g2_apply_clip_window  u8g2_setup.o
    0x08003a66   0x08003a66   0x0000004c   Code   RO         8729    i.u8g2_clip_intersection2  u8g2_hvline.o
    0x08003ab2   0x08003ab2   0x0000002c   Code   RO         8730    i.u8g2_draw_hv_line_2dir  u8g2_hvline.o
    0x08003ade   0x08003ade   0x0000003c   Code   RO         8017    i.u8g2_draw_l90_mirrorr_r0  u8g2_setup.o
    0x08003b1a   0x08003b1a   0x00000024   Code   RO         8018    i.u8g2_draw_l90_r0  u8g2_setup.o
    0x08003b3e   0x08003b3e   0x00000044   Code   RO         8019    i.u8g2_draw_l90_r1  u8g2_setup.o
    0x08003b82   0x08003b82   0x00000056   Code   RO         8020    i.u8g2_draw_l90_r2  u8g2_setup.o
    0x08003bd8   0x08003bd8   0x00000050   Code   RO         8021    i.u8g2_draw_l90_r3  u8g2_setup.o
    0x08003c28   0x08003c28   0x0000003c   Code   RO         8022    i.u8g2_draw_mirror_vertical_r0  u8g2_setup.o
    0x08003c64   0x08003c64   0x00000090   Code   RO         8399    i.u8g2_draw_string  u8g2_font.o
    0x08003cf4   0x08003cf4   0x00000006   Code   RO         8406    i.u8g2_font_calc_vref_font  u8g2_font.o
    0x08003cfa   0x08003cfa   0x00000024   Code   RO         8408    i.u8g2_font_decode_get_signed_bits  u8g2_font.o
    0x08003d1e   0x08003d1e   0x00000042   Code   RO         8409    i.u8g2_font_decode_get_unsigned_bits  u8g2_font.o
    0x08003d60   0x08003d60   0x00000182   Code   RO         8410    i.u8g2_font_decode_glyph  u8g2_font.o
    0x08003ee2   0x08003ee2   0x000000b0   Code   RO         8411    i.u8g2_font_decode_len  u8g2_font.o
    0x08003f92   0x08003f92   0x0000003a   Code   RO         8412    i.u8g2_font_draw_glyph  u8g2_font.o
    0x08003fcc   0x08003fcc   0x00000008   Code   RO         8413    i.u8g2_font_get_byte  u8g2_font.o
    0x08003fd4   0x08003fd4   0x00000092   Code   RO         8414    i.u8g2_font_get_glyph_data  u8g2_font.o
    0x08004066   0x08004066   0x00000018   Code   RO         8415    i.u8g2_font_get_word  u8g2_font.o
    0x0800407e   0x0800407e   0x00000040   Code   RO         8416    i.u8g2_font_setup_decode  u8g2_font.o
    0x080040be   0x080040be   0x00000030   Code   RO         8772    i.u8g2_is_intersection_decision_tree  u8g2_intersection.o
    0x080040ee   0x080040ee   0x000000ee   Code   RO         8790    i.u8g2_ll_hvline_vertical_top_lsb  u8g2_ll_hvline.o
    0x080041dc   0x080041dc   0x00000010   Code   RO         4669    i.u8g2_m_8_4_1      drv_oled_u8g2_setup.o
    0x080041ec   0x080041ec   0x000000e0   Code   RO         8418    i.u8g2_read_font_info  u8g2_font.o
    0x080042cc   0x080042cc   0x00000036   Code   RO         8175    i.u8g2_send_buffer  u8g2_buffer.o
    0x08004302   0x08004302   0x00000036   Code   RO         8176    i.u8g2_send_tile_row  u8g2_buffer.o
    0x08004338   0x08004338   0x00000060   Code   RO         8023    i.u8g2_update_dimension_common  u8g2_setup.o
    0x08004398   0x08004398   0x0000000c   Code   RO         8024    i.u8g2_update_dimension_r0  u8g2_setup.o
    0x080043a4   0x080043a4   0x0000001c   Code   RO         8025    i.u8g2_update_dimension_r1  u8g2_setup.o
    0x080043c0   0x080043c0   0x0000000c   Code   RO         8026    i.u8g2_update_dimension_r2  u8g2_setup.o
    0x080043cc   0x080043cc   0x0000001c   Code   RO         8027    i.u8g2_update_dimension_r3  u8g2_setup.o
    0x080043e8   0x080043e8   0x00000020   Code   RO         8028    i.u8g2_update_page_win_r0  u8g2_setup.o
    0x08004408   0x08004408   0x00000020   Code   RO         8029    i.u8g2_update_page_win_r1  u8g2_setup.o
    0x08004428   0x08004428   0x0000003c   Code   RO         8030    i.u8g2_update_page_win_r2  u8g2_setup.o
    0x08004464   0x08004464   0x0000003c   Code   RO         8031    i.u8g2_update_page_win_r3  u8g2_setup.o
    0x080044a0   0x080044a0   0x00000032   Code   RO         8842    i.u8x8_DrawTile     u8x8_display.o
    0x080044d2   0x080044d2   0x00000012   Code   RO         8844    i.u8x8_InitDisplay  u8x8_display.o
    0x080044e4   0x080044e4   0x00000012   Code   RO         8846    i.u8x8_RefreshDisplay  u8x8_display.o
    0x080044f6   0x080044f6   0x00000014   Code   RO         8849    i.u8x8_SetPowerSave  u8x8_display.o
    0x0800450a   0x0800450a   0x0000002a   Code   RO         8807    i.u8x8_Setup        u8x8_setup.o
    0x08004534   0x08004534   0x0000002c   Code   RO         8808    i.u8x8_SetupDefaults  u8x8_setup.o
    0x08004560   0x08004560   0x00000012   Code   RO         8850    i.u8x8_SetupMemory  u8x8_display.o
    0x08004572   0x08004572   0x00000012   Code   RO         9237    i.u8x8_ascii_next   u8x8_8x8.o
    0x08004584   0x08004584   0x00000012   Code   RO         9095    i.u8x8_byte_EndTransfer  u8x8_byte.o
    0x08004596   0x08004596   0x00000010   Code   RO         9096    i.u8x8_byte_SendByte  u8x8_byte.o
    0x080045a6   0x080045a6   0x0000001a   Code   RO         9097    i.u8x8_byte_SendBytes  u8x8_byte.o
    0x080045c0   0x080045c0   0x00000012   Code   RO         9099    i.u8x8_byte_StartTransfer  u8x8_byte.o
    0x080045d2   0x080045d2   0x0000006e   Code   RO         9104    i.u8x8_byte_sw_i2c  u8x8_byte.o
    0x08004640   0x08004640   0x00000012   Code   RO         8935    i.u8x8_cad_EndTransfer  u8x8_cad.o
    0x08004652   0x08004652   0x00000014   Code   RO         8936    i.u8x8_cad_SendArg  u8x8_cad.o
    0x08004666   0x08004666   0x00000014   Code   RO         8937    i.u8x8_cad_SendCmd  u8x8_cad.o
    0x0800467a   0x0800467a   0x0000001a   Code   RO         8938    i.u8x8_cad_SendData  u8x8_cad.o
    0x08004694   0x08004694   0x0000007c   Code   RO         8940    i.u8x8_cad_SendSequence  u8x8_cad.o
    0x08004710   0x08004710   0x00000012   Code   RO         8941    i.u8x8_cad_StartTransfer  u8x8_cad.o
    0x08004722   0x08004722   0x00000002   PAD
    0x08004724   0x08004724   0x000000d4   Code   RO         8944    i.u8x8_cad_ssd13xx_fast_i2c  u8x8_cad.o
    0x080047f8   0x080047f8   0x00000060   Code   RO         8851    i.u8x8_d_helper_display_init  u8x8_display.o
    0x08004858   0x08004858   0x0000000c   Code   RO         8852    i.u8x8_d_helper_display_setup_memory  u8x8_display.o
    0x08004864   0x08004864   0x00000008   Code   RO         8810    i.u8x8_dummy_cb     u8x8_setup.o
    0x0800486c   0x0800486c   0x0000001a   Code   RO         9425    i.u8x8_gpio_call    u8x8_gpio.o
    0x08004886   0x08004886   0x0000002e   Code   RO         8952    i.u8x8_i2c_data_transfer  u8x8_cad.o
    0x080048b4   0x080048b4   0x00000008   Code   RO         9246    i.u8x8_utf8_init    u8x8_8x8.o
    0x080048bc   0x080048bc   0x0000001a   Code   RO         5115    i.vt_enqueue        chvt.o
    0x080048d6   0x080048d6   0x00000002   PAD
    0x080048d8   0x080048d8   0x00000210   Data   RO         3929    .constdata          app_menu.o
    0x08004ae8   0x08004ae8   0x00000018   Data   RO         4568    .constdata          drv_keys.o
    0x08004b00   0x08004b00   0x0000005f   Data   RO         4692    .constdata          drv_oled_u8g2_display.o
    0x08004b5f   0x08004b5f   0x00000001   PAD
    0x08004b60   0x08004b60   0x00000034   Data   RO         4901    .constdata          chsys.o
    0x08004b94   0x08004b94   0x00000095   Data   RO         5281    .constdata          chschd.o
    0x08004c29   0x08004c29   0x00000003   PAD
    0x08004c2c   0x08004c2c   0x00000050   Data   RO         5454    .constdata          chinstances.o
    0x08004c7c   0x08004c7c   0x000001c8   Data   RO         5599    .constdata          chthreads.o
    0x08004e44   0x08004e44   0x00000048   Data   RO         8032    .constdata          u8g2_setup.o
    0x08004e8c   0x08004e8c   0x0000034c   Data   RO         9462    .constdata          u8g2_fonts_subset.o
    0x080051d8   0x080051d8   0x00000011   Data   RO         9802    .constdata          c_w.l(__printf_flags_ss_wp.o)
    0x080051e9   0x080051e9   0x00000003   PAD
    0x080051ec   0x080051ec   0x00000135   Data   RO         3930    .conststring        app_menu.o
    0x08005321   0x08005321   0x00000003   PAD
    0x08005324   0x08005324   0x00000003   Data   RO         4902    .conststring        chsys.o
    0x08005327   0x08005327   0x00000001   PAD
    0x08005328   0x08005328   0x0000000d   Data   RO         5455    .conststring        chinstances.o
    0x08005335   0x08005335   0x00000003   PAD
    0x08005338   0x08005338   0x00000007   Data   RO         5600    .conststring        chthreads.o
    0x0800533f   0x0800533f   0x00000001   PAD
    0x08005340   0x08005340   0x00000020   Data   RO        10211    Region$$Table       anon$$obj.o


    Execution Region RW_IRAM1 (Exec base: 0x20000000, Load base: 0x08005360, Size: 0x00001d10, Max: 0x00005000, ABSOLUTE)

    Exec Addr    Load Addr    Size         Type   Attr      Idx    E Section Name        Object

    0x20000000   0x08005360   0x00000014   Data   RW           29    .data               system_stm32f10x.o
    0x20000014   0x08005374   0x00000014   Data   RW         1806    .data               stm32f10x_rcc.o
    0x20000028   0x08005388   0x00000010   Data   RW         3558    .data               app_main.o
    0x20000038   0x08005398   0x00000001   Data   RW         4020    .data               app_state_machine.o
    0x20000039   0x08005399   0x00000003   PAD
    0x2000003c   0x0800539c   0x00000004   Data   RW         4059    .data               algo_foc.o
    0x20000040   0x080053a0   0x00000001   Data   RW         4185    .data               hal_oled_if.o
    0x20000041   0x080053a1   0x0000000c   Data   RW         4385    .data               hal_keys_if.o
    0x2000004d   0x080053ad   0x00000001   PAD
    0x2000004e   0x080053ae   0x00000004   Data   RW         4463    .data               drv_adc1.o
    0x20000052   0x080053b2   0x00000008   Data   RW         4487    .data               drv_tim1_pwm.o
    0x2000005a   0x080053ba   0x00000001   Data   RW         4532    .data               drv_gpio.o
    0x2000005b   0x080053bb   0x00000001   PAD
    0x2000005c   0x080053bc   0x00000005   Data   RW         4602    .data               drv_usart1.o
    0x20000061   0x080053c1   0x00000003   PAD
    0x20000064   0x080053c4   0x00000009   Data   RW         4715    .data               drv_mt6816.o
    0x2000006d   0x080053cd   0x00000003   PAD
    0x20000070   0x080053d0   0x00000008   Data   RW         7210    .data               chmemcore.o
    0x20000078   0x080053d8   0x00000006   Data   RW         8954    .data               u8x8_cad.o
    0x2000007e   0x080053de   0x00000002   PAD
    0x20000080        -       0x00000034   Zero   RW         3556    .bss                app_main.o
    0x200000b4   0x080053de   0x0000000c   PAD
    0x200000c0        -       0x00000320   Zero   RW         3786    .bss                app_task_control.o
    0x200003e0        -       0x00000520   Zero   RW         3809    .bss                app_task_ui.o
    0x20000900        -       0x00000040   Zero   RW         3928    .bss                app_menu.o
    0x20000940        -       0x00000020   Zero   RW         4058    .bss                algo_foc.o
    0x20000960        -       0x00000094   Zero   RW         4184    .bss                hal_oled_if.o
    0x200009f4   0x080053de   0x0000000c   PAD
    0x20000a00        -       0x00000220   Zero   RW         4383    .bss                hal_keys_if.o
    0x20000c20        -       0x0000000a   Zero   RW         4462    .bss                drv_adc1.o
    0x20000c2a        -       0x0000001e   Zero   RW         4567    .bss                drv_keys.o
    0x20000c48        -       0x00000040   Zero   RW         4670    .bss                drv_oled_u8g2_setup.o
    0x20000c88   0x080053de   0x00000018   PAD
    0x20000ca0        -       0x00000200   Zero   RW         4900    .bss                chsys.o
    0x20000ea0        -       0x00000400   Zero   RW         7208    .bss                chmemcore.o
    0x200012a0        -       0x00000024   Zero   RW         7291    .bss                chmemheaps.o
    0x200012c4        -       0x00000048   Zero   RW         7816    .bss                chfactory.o
    0x2000130c   0x080053de   0x00000004   PAD
    0x20001310        -       0x00000400   Zero   RW            2    CSTACK              startup_stm32f10x_md.o
    0x20001710        -       0x00000200   Zero   RW            3    HEAP                startup_stm32f10x_md.o
    0x20001910        -       0x00000400   Zero   RW            1    MSTACK              startup_stm32f10x_md.o


==============================================================================

Image component sizes


      Code (inc. data)   RO Data    RW Data    ZI Data      Debug   Object Name

       204         26          0          4         32       3856   algo_foc.o
        44          0          0          0          0       1154   algo_limit.o
        42          0          0          0          0       1338   algo_observer.o
       124          0          0          0          0       2499   algo_pid.o
        72          0          0          0          0       1422   algo_ramp.o
       224          0          0          0          0       1688   app_fastloop.o
        56          0          0          0          0       1325   app_fault_mgr.o
       910        400          0         16         52      37191   app_main.o
      1084        120        837          0         64       8382   app_menu.o
        88         10          0          1          0       1220   app_state_machine.o
       112         46          0          0        800       3073   app_task_control.o
       324         96          0          0       1312      19844   app_task_ui.o
       280         34          0          0          0      30900   chcore.o
        42          0          0          0          0        556   chcoreasm.o
       136         10          0          0         72       8667   chfactory.o
        64          0          0          0          0      28950   chibios_port.o
       236         14         93          0          0      21482   chinstances.o
       188         18          0          8       1024       7142   chmemcore.o
        44         10          0          0         36       4642   chmemheaps.o
        18          0          0          0          0       2174   chmempools.o
        18          0          0          0          0      11686   chmtx.o
       664         32        149          0          0      23289   chschd.o
       202         22         55          0        512      32586   chsys.o
       580         24        463          0          0      37612   chthreads.o
       132         16          0          0          0      13736   chtm.o
       326         18          0          0          0      17555   chvt.o
        32          0          0          0          0       5016   core_cm3.o
       228         24          0          4         10       1885   drv_adc1.o
        48         20          0          1          0       1818   drv_gpio.o
         2          0          0          0          0        373   drv_irq.o
       264         22         24          0         30       3366   drv_keys.o
       484         56          0          9          0       4797   drv_mt6816.o
       304         32         95          0          0       2205   drv_oled_u8g2_display.o
       288         20          0          0          0       2990   drv_oled_u8g2_port.o
        84         20          0          0         64       1567   drv_oled_u8g2_setup.o
        44         12          0          8          0       1783   drv_tim1_pwm.o
       268         40          0          5          0       2245   drv_usart1.o
        32          0          0          0          0        811   hal_board.o
        52          0          0          0          0       2287   hal_encoder_if.o
        34          0          0          0          0       1361   hal_gate_if.o
       416         70          0         12        544       6934   hal_keys_if.o
        50          0          0          0          0       1725   hal_motor_if.o
       656         60          0          1        148     171523   hal_oled_if.o
       100          0          0          0          0       2353   hal_sense_if.o
        20          0          0          0          0        901   hal_uart_if.o
        88         58          0          0          0      18043   main.o
         0          0          0          0          0     201672   misc.o
        88         32        236          0       2560        832   startup_stm32f10x_md.o
       296          0          0          0          0      10732   stm32f10x_gpio.o
       132         74          0          0          0       2885   stm32f10x_it.o
       308         38          0         20          0      13399   stm32f10x_rcc.o
       224         12          0          0          0      11376   stm32f10x_spi.o
       298          6          0          0          0      10227   stm32f10x_usart.o
       492         50          0         20          0      32517   system_stm32f10x.o
       212          0          0          0          0       1464   u8g2_box.o
       252          0          0          0          0     153331   u8g2_buffer.o
        32          0          0          0          0        540   u8g2_cleardisplay.o
      1742         10          0          0          0      13891   u8g2_font.o
         0          0        844          0          0        459   u8g2_fonts_subset.o
       424          0          0          0          0       3744   u8g2_hvline.o
       106          0          0          0          0       1507   u8g2_intersection.o
       238          0          0          0          0       1406   u8g2_ll_hvline.o
       994          0         72          0          0     178334   u8g2_setup.o
        26          0          0          0          0       1035   u8x8_8x8.o
       588          0          0          0          0       8748   u8x8_byte.o
       484         10          0          6          0       8128   u8x8_cad.o
       232          0          0          0          0       4278   u8x8_display.o
        26          0          0          0          0        597   u8x8_gpio.o
        94          6          0          0          0       1846   u8x8_setup.o

    ----------------------------------------------------------------------
     17036       1568       2912        128       7312    1220900   Object Totals
         0          0         32          0          0          0   (incl. Generated)
        40          0         12         13         52          0   (incl. Padding)

    ----------------------------------------------------------------------

      Code (inc. data)   RO Data    RW Data    ZI Data      Debug   Library Member Name

        56          6          0          0          0         88   __2snprintf.o
         8          0          0          0          0         68   __main.o
       392          4         17          0          0         92   __printf_flags_ss_wp.o
        14          0          0          0          0         68   __printf_wp.o
         0          0          0          0          0          0   __rtentry.o
        12          0          0          0          0          0   __rtentry2.o
         8          4          0          0          0          0   __rtentry5.o
        52          8          0          0          0          0   __scatter.o
        26          0          0          0          0          0   __scatter_copy.o
        28          0          0          0          0          0   __scatter_zi.o
        48          6          0          0          0         96   _printf_char_common.o
         6          0          0          0          0          0   _printf_d.o
       120         16          0          0          0         92   _printf_dec.o
       178          0          0          0          0         88   _printf_intcommon.o
        78          0          0          0          0        108   _printf_pad.o
         0          0          0          0          0          0   _printf_percent.o
         4          0          0          0          0          0   _printf_percent_end.o
         6          0          0          0          0          0   _printf_u.o
        16          0          0          0          0         68   _snputc.o
        10          0          0          0          0         68   _sputc.o
        18          0          0          0          0         80   exit.o
         6          0          0          0          0        152   heapauxi.o
         0          0          0          0          0          0   indicate_semi.o
         2          0          0          0          0          0   libinit.o
         2          0          0          0          0          0   libinit2.o
         2          0          0          0          0          0   libshutdown.o
         2          0          0          0          0          0   libshutdown2.o
        68          0          0          0          0         68   rt_memclr.o
        78          0          0          0          0         80   rt_memclr_w.o
       100          0          0          0          0         80   rt_memcpy_w.o
         2          0          0          0          0          0   rtexit.o
        10          0          0          0          0          0   rtexit2.o
        12          4          0          0          0         68   sys_exit.o
         2          0          0          0          0         68   use_no_semi.o

    ----------------------------------------------------------------------
      1376         48         20          0          0       1432   Library Totals
        10          0          3          0          0          0   (incl. Padding)

    ----------------------------------------------------------------------

      Code (inc. data)   RO Data    RW Data    ZI Data      Debug   Library Name

      1366         48         17          0          0       1432   c_w.l

    ----------------------------------------------------------------------
      1376         48         20          0          0       1432   Library Totals

    ----------------------------------------------------------------------

==============================================================================


      Code (inc. data)   RO Data    RW Data    ZI Data      Debug   

     18412       1616       2932        128       7312    1206572   Grand Totals
     18412       1616       2932        128       7312    1206572   ELF Image Totals
     18412       1616       2932        128          0          0   ROM Totals

==============================================================================

    Total RO  Size (Code + RO Data)                21344 (  20.84kB)
    Total RW  Size (RW Data + ZI Data)              7440 (   7.27kB)
    Total ROM Size (Code + RO Data + RW Data)      21472 (  20.97kB)

==============================================================================

