


ARM Macro Assembler    Page 1 


    1 00000000         #line   1                "Start\\startup_stm32f10x_md.s"
    1 00000000         ;******************** (C) COPYRIGHT 2011 STMicroelectron
                       ics ********************
    2 00000000         ;* File Name          : startup_stm32f10x_md.s
    3 00000000         ;* Author             : MCD Application Team
    4 00000000         ;* Version            : V3.5.0
    5 00000000         ;* Date               : 11-March-2011
    6 00000000         ;* Description        : STM32F10x Medium Density Devices
                        vector table for MDK-ARM 
    7 00000000         ;*                      toolchain.  
    8 00000000         ;*                      This module performs:
    9 00000000         ;*                      - Set the initial SP
   10 00000000         ;*                      - Set the initial PC == Reset_Ha
                       ndler
   11 00000000         ;*                      - Set the vector table entries w
                       ith the exceptions ISR address
   12 00000000         ;*                      - Configure the clock system
   13 00000000         ;*                      - Branches to __main in the C li
                       brary (which eventually
   14 00000000         ;*                        calls main()).
   15 00000000         ;*                      After Reset the CortexM3 process
                       or is in Thread mode,
   16 00000000         ;*                      priority is Privileged, and the 
                       Stack is set to Main.
   17 00000000         ;* <<< Use Configuration Wizard in Context Menu >>>   
   18 00000000         ;*******************************************************
                       ************************
   19 00000000         ; THE PRESENT FIRMWARE WHICH IS FOR GUIDANCE ONLY AIMS A
                       T PROVIDING CUSTOMERS
   20 00000000         ; WITH CODING INFORMATION REGARDING THEIR PRODUCTS IN OR
                       DER FOR THEM TO SAVE TIME.
   21 00000000         ; AS A RESULT, STMICROELECTRONICS SHALL NOT BE HELD LIAB
                       LE FOR ANY DIRECT,
   22 00000000         ; INDIRECT OR CONSEQUENTIAL DAMAGES WITH RESPECT TO ANY 
                       CLAIMS ARISING FROM THE
   23 00000000         ; CONTENT OF SUCH FIRMWARE AND/OR THE USE MADE BY CUSTOM
                       ERS OF THE CODING
   24 00000000         ; INFORMATION CONTAINED HEREIN IN CONNECTION WITH THEIR 
                       PRODUCTS.
   25 00000000         ;*******************************************************
                       ************************
   26 00000000         
   27 00000000         ; Amount of memory (in bytes) allocated for Stack
   28 00000000         ; Tailor this value to your application needs
   29 00000000         ; <h> Stack Configuration
   30 00000000         ;   <o> Stack Size (in Bytes) <0x0-0xFFFFFFFF:8>
   31 00000000         ; </h>
   32 00000000         
   33 00000000 00000400 
                       Main_Stack_Size
                               EQU              0x00000400
   34 00000000 00000400 
                       Proc_Stack_Size
                               EQU              0x00000400
   35 00000000         
   36 00000000                 AREA             MSTACK, NOINIT, READWRITE, ALIG
N=3
   37 00000000         Main_Stack_Mem
                               SPACE            Main_Stack_Size



ARM Macro Assembler    Page 2 


   38 00000400                 EXPORT           __initial_msp
   39 00000400         __initial_msp
   40 00000400         
   41 00000400                 AREA             CSTACK, NOINIT, READWRITE, ALIG
N=3
   42 00000000                 EXPORT           __main_thread_stack_base__
   43 00000000                 EXPORT           __main_thread_stack_end__
   44 00000000         __main_thread_stack_base__
   45 00000000         __main_thread_stack_end__
   46 00000000         Proc_Stack_Mem
                               SPACE            Proc_Stack_Size
   47 00000400                 EXPORT           __initial_sp
   48 00000400         __initial_sp
   49 00000400         
   50 00000400         
   51 00000400         ; <h> Heap Configuration
   52 00000400         ;   <o>  Heap Size (in Bytes) <0x0-0xFFFFFFFF:8>
   53 00000400         ; </h>
   54 00000400         
   55 00000400 00000200 
                       Heap_Size
                               EQU              0x00000200
   56 00000400         
   57 00000400                 AREA             HEAP, NOINIT, READWRITE, ALIGN=
3
   58 00000000         __heap_base
   59 00000000         Heap_Mem
                               SPACE            Heap_Size
   60 00000200         __heap_limit
   61 00000200         
   62 00000200                 PRESERVE8
   63 00000200                 THUMB
   64 00000200         
   65 00000200         
   66 00000200         ; Vector Table Mapped to Address 0 at Reset
   67 00000200                 AREA             RESET, DATA, READONLY
   68 00000000                 EXPORT           __Vectors
   69 00000000                 EXPORT           __Vectors_End
   70 00000000                 EXPORT           __Vectors_Size
   71 00000000         
   72 00000000 00000000 
                       __Vectors
                               DCD              __initial_msp ; Top of Stack
   73 00000004 00000000        DCD              Reset_Handler ; Reset Handler
   74 00000008 00000000        DCD              NMI_Handler ; NMI Handler
   75 0000000C 00000000        DCD              HardFault_Handler ; Hard Fault 
                                                            Handler
   76 00000010 00000000        DCD              MemManage_Handler 
                                                            ; MPU Fault Handler
                                                            
   77 00000014 00000000        DCD              BusFault_Handler 
                                                            ; Bus Fault Handler
                                                            
   78 00000018 00000000        DCD              UsageFault_Handler ; Usage Faul
                                                            t Handler
   79 0000001C 00000000        DCD              0           ; Reserved
   80 00000020 00000000        DCD              0           ; Reserved
   81 00000024 00000000        DCD              0           ; Reserved
   82 00000028 00000000        DCD              0           ; Reserved



ARM Macro Assembler    Page 3 


   83 0000002C 00000000        DCD              SVC_Handler ; SVCall Handler
   84 00000030 00000000        DCD              DebugMon_Handler ; Debug Monito
                                                            r Handler
   85 00000034 00000000        DCD              0           ; Reserved
   86 00000038 00000000        DCD              PendSV_Handler ; PendSV Handler
                                                            
   87 0000003C 00000000        DCD              SysTick_Handler 
                                                            ; SysTick Handler
   88 00000040         
   89 00000040         ; External Interrupts
   90 00000040 00000000        DCD              WWDG_IRQHandler 
                                                            ; Window Watchdog
   91 00000044 00000000        DCD              PVD_IRQHandler ; PVD through EX
                                                            TI Line detect
   92 00000048 00000000        DCD              TAMPER_IRQHandler ; Tamper
   93 0000004C 00000000        DCD              RTC_IRQHandler ; RTC
   94 00000050 00000000        DCD              FLASH_IRQHandler ; Flash
   95 00000054 00000000        DCD              RCC_IRQHandler ; RCC
   96 00000058 00000000        DCD              EXTI0_IRQHandler ; EXTI Line 0
   97 0000005C 00000000        DCD              EXTI1_IRQHandler ; EXTI Line 1
   98 00000060 00000000        DCD              EXTI2_IRQHandler ; EXTI Line 2
   99 00000064 00000000        DCD              EXTI3_IRQHandler ; EXTI Line 3
  100 00000068 00000000        DCD              EXTI4_IRQHandler ; EXTI Line 4
  101 0000006C 00000000        DCD              DMA1_Channel1_IRQHandler 
                                                            ; DMA1 Channel 1
  102 00000070 00000000        DCD              DMA1_Channel2_IRQHandler 
                                                            ; DMA1 Channel 2
  103 00000074 00000000        DCD              DMA1_Channel3_IRQHandler 
                                                            ; DMA1 Channel 3
  104 00000078 00000000        DCD              DMA1_Channel4_IRQHandler 
                                                            ; DMA1 Channel 4
  105 0000007C 00000000        DCD              DMA1_Channel5_IRQHandler 
                                                            ; DMA1 Channel 5
  106 00000080 00000000        DCD              DMA1_Channel6_IRQHandler 
                                                            ; DMA1 Channel 6
  107 00000084 00000000        DCD              DMA1_Channel7_IRQHandler 
                                                            ; DMA1 Channel 7
  108 00000088 00000000        DCD              ADC1_2_IRQHandler ; ADC1_2
  109 0000008C 00000000        DCD              USB_HP_CAN1_TX_IRQHandler ; USB
                                                             High Priority or C
                                                            AN1 TX
  110 00000090 00000000        DCD              USB_LP_CAN1_RX0_IRQHandler ; US
                                                            B Low  Priority or 
                                                            CAN1 RX0
  111 00000094 00000000        DCD              CAN1_RX1_IRQHandler ; CAN1 RX1
  112 00000098 00000000        DCD              CAN1_SCE_IRQHandler ; CAN1 SCE
  113 0000009C 00000000        DCD              EXTI9_5_IRQHandler 
                                                            ; EXTI Line 9..5
  114 000000A0 00000000        DCD              TIM1_BRK_IRQHandler 
                                                            ; TIM1 Break
  115 000000A4 00000000        DCD              TIM1_UP_IRQHandler 
                                                            ; TIM1 Update
  116 000000A8 00000000        DCD              TIM1_TRG_COM_IRQHandler ; TIM1 
                                                            Trigger and Commuta
                                                            tion
  117 000000AC 00000000        DCD              TIM1_CC_IRQHandler ; TIM1 Captu
                                                            re Compare
  118 000000B0 00000000        DCD              TIM2_IRQHandler ; TIM2
  119 000000B4 00000000        DCD              TIM3_IRQHandler ; TIM3



ARM Macro Assembler    Page 4 


  120 000000B8 00000000        DCD              TIM4_IRQHandler ; TIM4
  121 000000BC 00000000        DCD              I2C1_EV_IRQHandler ; I2C1 Event
                                                            
  122 000000C0 00000000        DCD              I2C1_ER_IRQHandler ; I2C1 Error
                                                            
  123 000000C4 00000000        DCD              I2C2_EV_IRQHandler ; I2C2 Event
                                                            
  124 000000C8 00000000        DCD              I2C2_ER_IRQHandler ; I2C2 Error
                                                            
  125 000000CC 00000000        DCD              SPI1_IRQHandler ; SPI1
  126 000000D0 00000000        DCD              SPI2_IRQHandler ; SPI2
  127 000000D4 00000000        DCD              USART1_IRQHandler ; USART1
  128 000000D8 00000000        DCD              USART2_IRQHandler ; USART2
  129 000000DC 00000000        DCD              USART3_IRQHandler ; USART3
  130 000000E0 00000000        DCD              EXTI15_10_IRQHandler 
                                                            ; EXTI Line 15..10
  131 000000E4 00000000        DCD              RTCAlarm_IRQHandler ; RTC Alarm
                                                             through EXTI Line
  132 000000E8 00000000        DCD              USBWakeUp_IRQHandler ; USB Wake
                                                            up from suspend
  133 000000EC         __Vectors_End
  134 000000EC         
  135 000000EC 000000EC 
                       __Vectors_Size
                               EQU              __Vectors_End - __Vectors
  136 000000EC         
  137 000000EC                 AREA             |.text|, CODE, READONLY
  138 00000000         
  139 00000000         ; Reset handler
  140 00000000         Reset_Handler
                               PROC
  141 00000000                 EXPORT           Reset_Handler             [WEAK
]
  142 00000000                 IMPORT           __main
  143 00000000                 IMPORT           SystemInit
  144 00000000 B672            CPSID            I
  145 00000002 480E            LDR              R0, =__initial_sp
  146 00000004 F380 8809       MSR              PSP, R0
  147 00000008 2002            MOVS             R0, #2
  148 0000000A F380 8814       MSR              CONTROL, R0
  149 0000000E F3BF 8F6F       ISB
  150 00000012 480B            LDR              R0, =SystemInit
  151 00000014 4780            BLX              R0
  152 00000016 480B            LDR              R0, =__main
  153 00000018 4700            BX               R0
  154 0000001A                 ENDP
  155 0000001A         
  156 0000001A         ; Dummy Exception Handlers (infinite loops which can be 
                       modified)
  157 0000001A         
  158 0000001A         NMI_Handler
                               PROC
  159 0000001A                 EXPORT           NMI_Handler                [WEA
K]
  160 0000001A E7FE            B                .
  161 0000001C                 ENDP
  162 0000001C         HardFault_Handler
                               PROC
  163 0000001C         



ARM Macro Assembler    Page 5 


  164 0000001C                 EXPORT           HardFault_Handler          [WEA
K]
  165 0000001C E7FE            B                .
  166 0000001E                 ENDP
  167 0000001E         MemManage_Handler
                               PROC
  168 0000001E         
  169 0000001E                 EXPORT           MemManage_Handler          [WEA
K]
  170 0000001E E7FE            B                .
  171 00000020                 ENDP
  172 00000020         BusFault_Handler
                               PROC
  173 00000020         
  174 00000020                 EXPORT           BusFault_Handler           [WEA
K]
  175 00000020 E7FE            B                .
  176 00000022                 ENDP
  177 00000022         UsageFault_Handler
                               PROC
  178 00000022         
  179 00000022                 EXPORT           UsageFault_Handler         [WEA
K]
  180 00000022 E7FE            B                .
  181 00000024                 ENDP
  182 00000024         SVC_Handler
                               PROC
  183 00000024                 EXPORT           SVC_Handler                [WEA
K]
  184 00000024 E7FE            B                .
  185 00000026                 ENDP
  186 00000026         DebugMon_Handler
                               PROC
  187 00000026         
  188 00000026                 EXPORT           DebugMon_Handler           [WEA
K]
  189 00000026 E7FE            B                .
  190 00000028                 ENDP
  191 00000028         PendSV_Handler
                               PROC
  192 00000028                 EXPORT           PendSV_Handler             [WEA
K]
  193 00000028 E7FE            B                .
  194 0000002A                 ENDP
  195 0000002A         SysTick_Handler
                               PROC
  196 0000002A                 EXPORT           SysTick_Handler            [WEA
K]
  197 0000002A E7FE            B                .
  198 0000002C                 ENDP
  199 0000002C         
  200 0000002C         Default_Handler
                               PROC
  201 0000002C         
  202 0000002C                 EXPORT           WWDG_IRQHandler            [WEA
K]
  203 0000002C                 EXPORT           PVD_IRQHandler             [WEA
K]
  204 0000002C                 EXPORT           TAMPER_IRQHandler          [WEA



ARM Macro Assembler    Page 6 


K]
  205 0000002C                 EXPORT           RTC_IRQHandler             [WEA
K]
  206 0000002C                 EXPORT           FLASH_IRQHandler           [WEA
K]
  207 0000002C                 EXPORT           RCC_IRQHandler             [WEA
K]
  208 0000002C                 EXPORT           EXTI0_IRQHandler           [WEA
K]
  209 0000002C                 EXPORT           EXTI1_IRQHandler           [WEA
K]
  210 0000002C                 EXPORT           EXTI2_IRQHandler           [WEA
K]
  211 0000002C                 EXPORT           EXTI3_IRQHandler           [WEA
K]
  212 0000002C                 EXPORT           EXTI4_IRQHandler           [WEA
K]
  213 0000002C                 EXPORT           DMA1_Channel1_IRQHandler   [WEA
K]
  214 0000002C                 EXPORT           DMA1_Channel2_IRQHandler   [WEA
K]
  215 0000002C                 EXPORT           DMA1_Channel3_IRQHandler   [WEA
K]
  216 0000002C                 EXPORT           DMA1_Channel4_IRQHandler   [WEA
K]
  217 0000002C                 EXPORT           DMA1_Channel5_IRQHandler   [WEA
K]
  218 0000002C                 EXPORT           DMA1_Channel6_IRQHandler   [WEA
K]
  219 0000002C                 EXPORT           DMA1_Channel7_IRQHandler   [WEA
K]
  220 0000002C                 EXPORT           ADC1_2_IRQHandler          [WEA
K]
  221 0000002C                 EXPORT           USB_HP_CAN1_TX_IRQHandler  [WEA
K]
  222 0000002C                 EXPORT           USB_LP_CAN1_RX0_IRQHandler [WEA
K]
  223 0000002C                 EXPORT           CAN1_RX1_IRQHandler        [WEA
K]
  224 0000002C                 EXPORT           CAN1_SCE_IRQHandler        [WEA
K]
  225 0000002C                 EXPORT           EXTI9_5_IRQHandler         [WEA
K]
  226 0000002C                 EXPORT           TIM1_BRK_IRQHandler        [WEA
K]
  227 0000002C                 EXPORT           TIM1_UP_IRQHandler         [WEA
K]
  228 0000002C                 EXPORT           TIM1_TRG_COM_IRQHandler    [WEA
K]
  229 0000002C                 EXPORT           TIM1_CC_IRQHandler         [WEA
K]
  230 0000002C                 EXPORT           TIM2_IRQHandler            [WEA
K]
  231 0000002C                 EXPORT           TIM3_IRQHandler            [WEA
K]
  232 0000002C                 EXPORT           TIM4_IRQHandler            [WEA
K]
  233 0000002C                 EXPORT           I2C1_EV_IRQHandler         [WEA
K]



ARM Macro Assembler    Page 7 


  234 0000002C                 EXPORT           I2C1_ER_IRQHandler         [WEA
K]
  235 0000002C                 EXPORT           I2C2_EV_IRQHandler         [WEA
K]
  236 0000002C                 EXPORT           I2C2_ER_IRQHandler         [WEA
K]
  237 0000002C                 EXPORT           SPI1_IRQHandler            [WEA
K]
  238 0000002C                 EXPORT           SPI2_IRQHandler            [WEA
K]
  239 0000002C                 EXPORT           USART1_IRQHandler          [WEA
K]
  240 0000002C                 EXPORT           USART2_IRQHandler          [WEA
K]
  241 0000002C                 EXPORT           USART3_IRQHandler          [WEA
K]
  242 0000002C                 EXPORT           EXTI15_10_IRQHandler       [WEA
K]
  243 0000002C                 EXPORT           RTCAlarm_IRQHandler        [WEA
K]
  244 0000002C                 EXPORT           USBWakeUp_IRQHandler       [WEA
K]
  245 0000002C         
  246 0000002C         WWDG_IRQHandler
  247 0000002C         PVD_IRQHandler
  248 0000002C         TAMPER_IRQHandler
  249 0000002C         RTC_IRQHandler
  250 0000002C         FLASH_IRQHandler
  251 0000002C         RCC_IRQHandler
  252 0000002C         EXTI0_IRQHandler
  253 0000002C         EXTI1_IRQHandler
  254 0000002C         EXTI2_IRQHandler
  255 0000002C         EXTI3_IRQHandler
  256 0000002C         EXTI4_IRQHandler
  257 0000002C         DMA1_Channel1_IRQHandler
  258 0000002C         DMA1_Channel2_IRQHandler
  259 0000002C         DMA1_Channel3_IRQHandler
  260 0000002C         DMA1_Channel4_IRQHandler
  261 0000002C         DMA1_Channel5_IRQHandler
  262 0000002C         DMA1_Channel6_IRQHandler
  263 0000002C         DMA1_Channel7_IRQHandler
  264 0000002C         ADC1_2_IRQHandler
  265 0000002C         USB_HP_CAN1_TX_IRQHandler
  266 0000002C         USB_LP_CAN1_RX0_IRQHandler
  267 0000002C         CAN1_RX1_IRQHandler
  268 0000002C         CAN1_SCE_IRQHandler
  269 0000002C         EXTI9_5_IRQHandler
  270 0000002C         TIM1_BRK_IRQHandler
  271 0000002C         TIM1_UP_IRQHandler
  272 0000002C         TIM1_TRG_COM_IRQHandler
  273 0000002C         TIM1_CC_IRQHandler
  274 0000002C         TIM2_IRQHandler
  275 0000002C         TIM3_IRQHandler
  276 0000002C         TIM4_IRQHandler
  277 0000002C         I2C1_EV_IRQHandler
  278 0000002C         I2C1_ER_IRQHandler
  279 0000002C         I2C2_EV_IRQHandler
  280 0000002C         I2C2_ER_IRQHandler
  281 0000002C         SPI1_IRQHandler



ARM Macro Assembler    Page 8 


  282 0000002C         SPI2_IRQHandler
  283 0000002C         USART1_IRQHandler
  284 0000002C         USART2_IRQHandler
  285 0000002C         USART3_IRQHandler
  286 0000002C         EXTI15_10_IRQHandler
  287 0000002C         RTCAlarm_IRQHandler
  288 0000002C         USBWakeUp_IRQHandler
  289 0000002C         
  290 0000002C E7FE            B                .
  291 0000002E         
  292 0000002E                 ENDP
  293 0000002E         
  294 0000002E 00 00           ALIGN
  295 00000030         
  296 00000030         ;*******************************************************
                       ************************
  297 00000030         ; User Stack and Heap initialization
  298 00000030         ;*******************************************************
                       ************************
  299 00000030                 IF               :DEF:__MICROLIB
  307 00000030         
  308 00000030                 IMPORT           __use_two_region_memory
  309 00000030                 EXPORT           __user_initial_stackheap
  310 00000030         
  311 00000030         __user_initial_stackheap
  312 00000030         
  313 00000030 4805            LDR              R0, =  Heap_Mem
  314 00000032 4906            LDR              R1, =(Proc_Stack_Mem + Proc_Sta
ck_Size)
  315 00000034 4A06            LDR              R2, = (Heap_Mem +  Heap_Size)
  316 00000036 4B07            LDR              R3, = Proc_Stack_Mem
  317 00000038 4770            BX               LR
  318 0000003A         
  319 0000003A 00 00           ALIGN
  320 0000003C         
  321 0000003C                 ENDIF
  322 0000003C         
  323 0000003C                 END
              00000000 
              00000000 
              00000000 
              00000000 
              00000400 
              00000200 
              00000000 
Command Line: --debug --xref --cpreproc --diag_suppress=9931 --cpu=Cortex-M3 --
apcs=interwork --depend=.\objects\startup_stm32f10x_md.d -o.\objects\startup_st
m32f10x_md.o -I.\User -I.\Start -I.\ThirdParty\ChibiOS\os\license -I.\ThirdPart
y\ChibiOS\os\common\startup\ARMCMx\devices\STM32F1xx -I.\ThirdParty\ChibiOS\os\
common\ports\ARMv7-M -I.\ThirdParty\ChibiOS\os\hal\ports\common\ARMCMx -IE:\kei
ll5cs\packs\Keil\STM32F1xx_DFP\2.4.1\Device\Include --predefine="__UVISION_VERS
ION SETA 536" --predefine="STM32F10X_MD SETA 1" --list=.\listings\startup_stm32
f10x_md.lst Start\startup_stm32f10x_md.s



ARM Macro Assembler    Page 1 Alphabetic symbol ordering
Relocatable symbols

MSTACK 00000000

Symbol: MSTACK
   Definitions
      At line 36 in file Start\\startup_stm32f10x_md.s
   Uses
      None
Comment: MSTACK unused
Main_Stack_Mem 00000000

Symbol: Main_Stack_Mem
   Definitions
      At line 37 in file Start\\startup_stm32f10x_md.s
   Uses
      None
Comment: Main_Stack_Mem unused
__initial_msp 00000400

Symbol: __initial_msp
   Definitions
      At line 39 in file Start\\startup_stm32f10x_md.s
   Uses
      At line 38 in file Start\\startup_stm32f10x_md.s
      At line 72 in file Start\\startup_stm32f10x_md.s

3 symbols



ARM Macro Assembler    Page 1 Alphabetic symbol ordering
Relocatable symbols

CSTACK 00000000

Symbol: CSTACK
   Definitions
      At line 41 in file Start\\startup_stm32f10x_md.s
   Uses
      None
Comment: CSTACK unused
Proc_Stack_Mem 00000000

Symbol: Proc_Stack_Mem
   Definitions
      At line 46 in file Start\\startup_stm32f10x_md.s
   Uses
      At line 314 in file Start\\startup_stm32f10x_md.s
      At line 316 in file Start\\startup_stm32f10x_md.s

__initial_sp 00000400

Symbol: __initial_sp
   Definitions
      At line 48 in file Start\\startup_stm32f10x_md.s
   Uses
      At line 47 in file Start\\startup_stm32f10x_md.s
      At line 145 in file Start\\startup_stm32f10x_md.s

__main_thread_stack_base__ 00000000

Symbol: __main_thread_stack_base__
   Definitions
      At line 44 in file Start\\startup_stm32f10x_md.s
   Uses
      At line 42 in file Start\\startup_stm32f10x_md.s
Comment: __main_thread_stack_base__ used once
__main_thread_stack_end__ 00000000

Symbol: __main_thread_stack_end__
   Definitions
      At line 45 in file Start\\startup_stm32f10x_md.s
   Uses
      At line 43 in file Start\\startup_stm32f10x_md.s
Comment: __main_thread_stack_end__ used once
5 symbols



ARM Macro Assembler    Page 1 Alphabetic symbol ordering
Relocatable symbols

HEAP 00000000

Symbol: HEAP
   Definitions
      At line 57 in file Start\\startup_stm32f10x_md.s
   Uses
      None
Comment: HEAP unused
Heap_Mem 00000000

Symbol: Heap_Mem
   Definitions
      At line 59 in file Start\\startup_stm32f10x_md.s
   Uses
      At line 313 in file Start\\startup_stm32f10x_md.s
      At line 315 in file Start\\startup_stm32f10x_md.s

__heap_base 00000000

Symbol: __heap_base
   Definitions
      At line 58 in file Start\\startup_stm32f10x_md.s
   Uses
      None
Comment: __heap_base unused
__heap_limit 00000200

Symbol: __heap_limit
   Definitions
      At line 60 in file Start\\startup_stm32f10x_md.s
   Uses
      None
Comment: __heap_limit unused
4 symbols



ARM Macro Assembler    Page 1 Alphabetic symbol ordering
Relocatable symbols

RESET 00000000

Symbol: RESET
   Definitions
      At line 67 in file Start\\startup_stm32f10x_md.s
   Uses
      None
Comment: RESET unused
__Vectors 00000000

Symbol: __Vectors
   Definitions
      At line 72 in file Start\\startup_stm32f10x_md.s
   Uses
      At line 68 in file Start\\startup_stm32f10x_md.s
      At line 135 in file Start\\startup_stm32f10x_md.s

__Vectors_End 000000EC

Symbol: __Vectors_End
   Definitions
      At line 133 in file Start\\startup_stm32f10x_md.s
   Uses
      At line 69 in file Start\\startup_stm32f10x_md.s
      At line 135 in file Start\\startup_stm32f10x_md.s

3 symbols



ARM Macro Assembler    Page 1 Alphabetic symbol ordering
Relocatable symbols

.text 00000000

Symbol: .text
   Definitions
      At line 137 in file Start\\startup_stm32f10x_md.s
   Uses
      None
Comment: .text unused
ADC1_2_IRQHandler 0000002C

Symbol: ADC1_2_IRQHandler
   Definitions
      At line 264 in file Start\\startup_stm32f10x_md.s
   Uses
      At line 108 in file Start\\startup_stm32f10x_md.s
      At line 220 in file Start\\startup_stm32f10x_md.s

BusFault_Handler 00000020

Symbol: BusFault_Handler
   Definitions
      At line 172 in file Start\\startup_stm32f10x_md.s
   Uses
      At line 77 in file Start\\startup_stm32f10x_md.s
      At line 174 in file Start\\startup_stm32f10x_md.s

CAN1_RX1_IRQHandler 0000002C

Symbol: CAN1_RX1_IRQHandler
   Definitions
      At line 267 in file Start\\startup_stm32f10x_md.s
   Uses
      At line 111 in file Start\\startup_stm32f10x_md.s
      At line 223 in file Start\\startup_stm32f10x_md.s

CAN1_SCE_IRQHandler 0000002C

Symbol: CAN1_SCE_IRQHandler
   Definitions
      At line 268 in file Start\\startup_stm32f10x_md.s
   Uses
      At line 112 in file Start\\startup_stm32f10x_md.s
      At line 224 in file Start\\startup_stm32f10x_md.s

DMA1_Channel1_IRQHandler 0000002C

Symbol: DMA1_Channel1_IRQHandler
   Definitions
      At line 257 in file Start\\startup_stm32f10x_md.s
   Uses
      At line 101 in file Start\\startup_stm32f10x_md.s
      At line 213 in file Start\\startup_stm32f10x_md.s

DMA1_Channel2_IRQHandler 0000002C

Symbol: DMA1_Channel2_IRQHandler
   Definitions
      At line 258 in file Start\\startup_stm32f10x_md.s
   Uses



ARM Macro Assembler    Page 2 Alphabetic symbol ordering
Relocatable symbols

      At line 102 in file Start\\startup_stm32f10x_md.s
      At line 214 in file Start\\startup_stm32f10x_md.s

DMA1_Channel3_IRQHandler 0000002C

Symbol: DMA1_Channel3_IRQHandler
   Definitions
      At line 259 in file Start\\startup_stm32f10x_md.s
   Uses
      At line 103 in file Start\\startup_stm32f10x_md.s
      At line 215 in file Start\\startup_stm32f10x_md.s

DMA1_Channel4_IRQHandler 0000002C

Symbol: DMA1_Channel4_IRQHandler
   Definitions
      At line 260 in file Start\\startup_stm32f10x_md.s
   Uses
      At line 104 in file Start\\startup_stm32f10x_md.s
      At line 216 in file Start\\startup_stm32f10x_md.s

DMA1_Channel5_IRQHandler 0000002C

Symbol: DMA1_Channel5_IRQHandler
   Definitions
      At line 261 in file Start\\startup_stm32f10x_md.s
   Uses
      At line 105 in file Start\\startup_stm32f10x_md.s
      At line 217 in file Start\\startup_stm32f10x_md.s

DMA1_Channel6_IRQHandler 0000002C

Symbol: DMA1_Channel6_IRQHandler
   Definitions
      At line 262 in file Start\\startup_stm32f10x_md.s
   Uses
      At line 106 in file Start\\startup_stm32f10x_md.s
      At line 218 in file Start\\startup_stm32f10x_md.s

DMA1_Channel7_IRQHandler 0000002C

Symbol: DMA1_Channel7_IRQHandler
   Definitions
      At line 263 in file Start\\startup_stm32f10x_md.s
   Uses
      At line 107 in file Start\\startup_stm32f10x_md.s
      At line 219 in file Start\\startup_stm32f10x_md.s

DebugMon_Handler 00000026

Symbol: DebugMon_Handler
   Definitions
      At line 186 in file Start\\startup_stm32f10x_md.s
   Uses
      At line 84 in file Start\\startup_stm32f10x_md.s
      At line 188 in file Start\\startup_stm32f10x_md.s

Default_Handler 0000002C




ARM Macro Assembler    Page 3 Alphabetic symbol ordering
Relocatable symbols

Symbol: Default_Handler
   Definitions
      At line 200 in file Start\\startup_stm32f10x_md.s
   Uses
      None
Comment: Default_Handler unused
EXTI0_IRQHandler 0000002C

Symbol: EXTI0_IRQHandler
   Definitions
      At line 252 in file Start\\startup_stm32f10x_md.s
   Uses
      At line 96 in file Start\\startup_stm32f10x_md.s
      At line 208 in file Start\\startup_stm32f10x_md.s

EXTI15_10_IRQHandler 0000002C

Symbol: EXTI15_10_IRQHandler
   Definitions
      At line 286 in file Start\\startup_stm32f10x_md.s
   Uses
      At line 130 in file Start\\startup_stm32f10x_md.s
      At line 242 in file Start\\startup_stm32f10x_md.s

EXTI1_IRQHandler 0000002C

Symbol: EXTI1_IRQHandler
   Definitions
      At line 253 in file Start\\startup_stm32f10x_md.s
   Uses
      At line 97 in file Start\\startup_stm32f10x_md.s
      At line 209 in file Start\\startup_stm32f10x_md.s

EXTI2_IRQHandler 0000002C

Symbol: EXTI2_IRQHandler
   Definitions
      At line 254 in file Start\\startup_stm32f10x_md.s
   Uses
      At line 98 in file Start\\startup_stm32f10x_md.s
      At line 210 in file Start\\startup_stm32f10x_md.s

EXTI3_IRQHandler 0000002C

Symbol: EXTI3_IRQHandler
   Definitions
      At line 255 in file Start\\startup_stm32f10x_md.s
   Uses
      At line 99 in file Start\\startup_stm32f10x_md.s
      At line 211 in file Start\\startup_stm32f10x_md.s

EXTI4_IRQHandler 0000002C

Symbol: EXTI4_IRQHandler
   Definitions
      At line 256 in file Start\\startup_stm32f10x_md.s
   Uses
      At line 100 in file Start\\startup_stm32f10x_md.s
      At line 212 in file Start\\startup_stm32f10x_md.s



ARM Macro Assembler    Page 4 Alphabetic symbol ordering
Relocatable symbols


EXTI9_5_IRQHandler 0000002C

Symbol: EXTI9_5_IRQHandler
   Definitions
      At line 269 in file Start\\startup_stm32f10x_md.s
   Uses
      At line 113 in file Start\\startup_stm32f10x_md.s
      At line 225 in file Start\\startup_stm32f10x_md.s

FLASH_IRQHandler 0000002C

Symbol: FLASH_IRQHandler
   Definitions
      At line 250 in file Start\\startup_stm32f10x_md.s
   Uses
      At line 94 in file Start\\startup_stm32f10x_md.s
      At line 206 in file Start\\startup_stm32f10x_md.s

HardFault_Handler 0000001C

Symbol: HardFault_Handler
   Definitions
      At line 162 in file Start\\startup_stm32f10x_md.s
   Uses
      At line 75 in file Start\\startup_stm32f10x_md.s
      At line 164 in file Start\\startup_stm32f10x_md.s

I2C1_ER_IRQHandler 0000002C

Symbol: I2C1_ER_IRQHandler
   Definitions
      At line 278 in file Start\\startup_stm32f10x_md.s
   Uses
      At line 122 in file Start\\startup_stm32f10x_md.s
      At line 234 in file Start\\startup_stm32f10x_md.s

I2C1_EV_IRQHandler 0000002C

Symbol: I2C1_EV_IRQHandler
   Definitions
      At line 277 in file Start\\startup_stm32f10x_md.s
   Uses
      At line 121 in file Start\\startup_stm32f10x_md.s
      At line 233 in file Start\\startup_stm32f10x_md.s

I2C2_ER_IRQHandler 0000002C

Symbol: I2C2_ER_IRQHandler
   Definitions
      At line 280 in file Start\\startup_stm32f10x_md.s
   Uses
      At line 124 in file Start\\startup_stm32f10x_md.s
      At line 236 in file Start\\startup_stm32f10x_md.s

I2C2_EV_IRQHandler 0000002C

Symbol: I2C2_EV_IRQHandler
   Definitions



ARM Macro Assembler    Page 5 Alphabetic symbol ordering
Relocatable symbols

      At line 279 in file Start\\startup_stm32f10x_md.s
   Uses
      At line 123 in file Start\\startup_stm32f10x_md.s
      At line 235 in file Start\\startup_stm32f10x_md.s

MemManage_Handler 0000001E

Symbol: MemManage_Handler
   Definitions
      At line 167 in file Start\\startup_stm32f10x_md.s
   Uses
      At line 76 in file Start\\startup_stm32f10x_md.s
      At line 169 in file Start\\startup_stm32f10x_md.s

NMI_Handler 0000001A

Symbol: NMI_Handler
   Definitions
      At line 158 in file Start\\startup_stm32f10x_md.s
   Uses
      At line 74 in file Start\\startup_stm32f10x_md.s
      At line 159 in file Start\\startup_stm32f10x_md.s

PVD_IRQHandler 0000002C

Symbol: PVD_IRQHandler
   Definitions
      At line 247 in file Start\\startup_stm32f10x_md.s
   Uses
      At line 91 in file Start\\startup_stm32f10x_md.s
      At line 203 in file Start\\startup_stm32f10x_md.s

PendSV_Handler 00000028

Symbol: PendSV_Handler
   Definitions
      At line 191 in file Start\\startup_stm32f10x_md.s
   Uses
      At line 86 in file Start\\startup_stm32f10x_md.s
      At line 192 in file Start\\startup_stm32f10x_md.s

RCC_IRQHandler 0000002C

Symbol: RCC_IRQHandler
   Definitions
      At line 251 in file Start\\startup_stm32f10x_md.s
   Uses
      At line 95 in file Start\\startup_stm32f10x_md.s
      At line 207 in file Start\\startup_stm32f10x_md.s

RTCAlarm_IRQHandler 0000002C

Symbol: RTCAlarm_IRQHandler
   Definitions
      At line 287 in file Start\\startup_stm32f10x_md.s
   Uses
      At line 131 in file Start\\startup_stm32f10x_md.s
      At line 243 in file Start\\startup_stm32f10x_md.s




ARM Macro Assembler    Page 6 Alphabetic symbol ordering
Relocatable symbols

RTC_IRQHandler 0000002C

Symbol: RTC_IRQHandler
   Definitions
      At line 249 in file Start\\startup_stm32f10x_md.s
   Uses
      At line 93 in file Start\\startup_stm32f10x_md.s
      At line 205 in file Start\\startup_stm32f10x_md.s

Reset_Handler 00000000

Symbol: Reset_Handler
   Definitions
      At line 140 in file Start\\startup_stm32f10x_md.s
   Uses
      At line 73 in file Start\\startup_stm32f10x_md.s
      At line 141 in file Start\\startup_stm32f10x_md.s

SPI1_IRQHandler 0000002C

Symbol: SPI1_IRQHandler
   Definitions
      At line 281 in file Start\\startup_stm32f10x_md.s
   Uses
      At line 125 in file Start\\startup_stm32f10x_md.s
      At line 237 in file Start\\startup_stm32f10x_md.s

SPI2_IRQHandler 0000002C

Symbol: SPI2_IRQHandler
   Definitions
      At line 282 in file Start\\startup_stm32f10x_md.s
   Uses
      At line 126 in file Start\\startup_stm32f10x_md.s
      At line 238 in file Start\\startup_stm32f10x_md.s

SVC_Handler 00000024

Symbol: SVC_Handler
   Definitions
      At line 182 in file Start\\startup_stm32f10x_md.s
   Uses
      At line 83 in file Start\\startup_stm32f10x_md.s
      At line 183 in file Start\\startup_stm32f10x_md.s

SysTick_Handler 0000002A

Symbol: SysTick_Handler
   Definitions
      At line 195 in file Start\\startup_stm32f10x_md.s
   Uses
      At line 87 in file Start\\startup_stm32f10x_md.s
      At line 196 in file Start\\startup_stm32f10x_md.s

TAMPER_IRQHandler 0000002C

Symbol: TAMPER_IRQHandler
   Definitions
      At line 248 in file Start\\startup_stm32f10x_md.s



ARM Macro Assembler    Page 7 Alphabetic symbol ordering
Relocatable symbols

   Uses
      At line 92 in file Start\\startup_stm32f10x_md.s
      At line 204 in file Start\\startup_stm32f10x_md.s

TIM1_BRK_IRQHandler 0000002C

Symbol: TIM1_BRK_IRQHandler
   Definitions
      At line 270 in file Start\\startup_stm32f10x_md.s
   Uses
      At line 114 in file Start\\startup_stm32f10x_md.s
      At line 226 in file Start\\startup_stm32f10x_md.s

TIM1_CC_IRQHandler 0000002C

Symbol: TIM1_CC_IRQHandler
   Definitions
      At line 273 in file Start\\startup_stm32f10x_md.s
   Uses
      At line 117 in file Start\\startup_stm32f10x_md.s
      At line 229 in file Start\\startup_stm32f10x_md.s

TIM1_TRG_COM_IRQHandler 0000002C

Symbol: TIM1_TRG_COM_IRQHandler
   Definitions
      At line 272 in file Start\\startup_stm32f10x_md.s
   Uses
      At line 116 in file Start\\startup_stm32f10x_md.s
      At line 228 in file Start\\startup_stm32f10x_md.s

TIM1_UP_IRQHandler 0000002C

Symbol: TIM1_UP_IRQHandler
   Definitions
      At line 271 in file Start\\startup_stm32f10x_md.s
   Uses
      At line 115 in file Start\\startup_stm32f10x_md.s
      At line 227 in file Start\\startup_stm32f10x_md.s

TIM2_IRQHandler 0000002C

Symbol: TIM2_IRQHandler
   Definitions
      At line 274 in file Start\\startup_stm32f10x_md.s
   Uses
      At line 118 in file Start\\startup_stm32f10x_md.s
      At line 230 in file Start\\startup_stm32f10x_md.s

TIM3_IRQHandler 0000002C

Symbol: TIM3_IRQHandler
   Definitions
      At line 275 in file Start\\startup_stm32f10x_md.s
   Uses
      At line 119 in file Start\\startup_stm32f10x_md.s
      At line 231 in file Start\\startup_stm32f10x_md.s

TIM4_IRQHandler 0000002C



ARM Macro Assembler    Page 8 Alphabetic symbol ordering
Relocatable symbols


Symbol: TIM4_IRQHandler
   Definitions
      At line 276 in file Start\\startup_stm32f10x_md.s
   Uses
      At line 120 in file Start\\startup_stm32f10x_md.s
      At line 232 in file Start\\startup_stm32f10x_md.s

USART1_IRQHandler 0000002C

Symbol: USART1_IRQHandler
   Definitions
      At line 283 in file Start\\startup_stm32f10x_md.s
   Uses
      At line 127 in file Start\\startup_stm32f10x_md.s
      At line 239 in file Start\\startup_stm32f10x_md.s

USART2_IRQHandler 0000002C

Symbol: USART2_IRQHandler
   Definitions
      At line 284 in file Start\\startup_stm32f10x_md.s
   Uses
      At line 128 in file Start\\startup_stm32f10x_md.s
      At line 240 in file Start\\startup_stm32f10x_md.s

USART3_IRQHandler 0000002C

Symbol: USART3_IRQHandler
   Definitions
      At line 285 in file Start\\startup_stm32f10x_md.s
   Uses
      At line 129 in file Start\\startup_stm32f10x_md.s
      At line 241 in file Start\\startup_stm32f10x_md.s

USBWakeUp_IRQHandler 0000002C

Symbol: USBWakeUp_IRQHandler
   Definitions
      At line 288 in file Start\\startup_stm32f10x_md.s
   Uses
      At line 132 in file Start\\startup_stm32f10x_md.s
      At line 244 in file Start\\startup_stm32f10x_md.s

USB_HP_CAN1_TX_IRQHandler 0000002C

Symbol: USB_HP_CAN1_TX_IRQHandler
   Definitions
      At line 265 in file Start\\startup_stm32f10x_md.s
   Uses
      At line 109 in file Start\\startup_stm32f10x_md.s
      At line 221 in file Start\\startup_stm32f10x_md.s

USB_LP_CAN1_RX0_IRQHandler 0000002C

Symbol: USB_LP_CAN1_RX0_IRQHandler
   Definitions
      At line 266 in file Start\\startup_stm32f10x_md.s
   Uses



ARM Macro Assembler    Page 9 Alphabetic symbol ordering
Relocatable symbols

      At line 110 in file Start\\startup_stm32f10x_md.s
      At line 222 in file Start\\startup_stm32f10x_md.s

UsageFault_Handler 00000022

Symbol: UsageFault_Handler
   Definitions
      At line 177 in file Start\\startup_stm32f10x_md.s
   Uses
      At line 78 in file Start\\startup_stm32f10x_md.s
      At line 179 in file Start\\startup_stm32f10x_md.s

WWDG_IRQHandler 0000002C

Symbol: WWDG_IRQHandler
   Definitions
      At line 246 in file Start\\startup_stm32f10x_md.s
   Uses
      At line 90 in file Start\\startup_stm32f10x_md.s
      At line 202 in file Start\\startup_stm32f10x_md.s

__user_initial_stackheap 00000030

Symbol: __user_initial_stackheap
   Definitions
      At line 311 in file Start\\startup_stm32f10x_md.s
   Uses
      At line 309 in file Start\\startup_stm32f10x_md.s
Comment: __user_initial_stackheap used once
56 symbols



ARM Macro Assembler    Page 1 Alphabetic symbol ordering
Absolute symbols

Heap_Size 00000200

Symbol: Heap_Size
   Definitions
      At line 55 in file Start\\startup_stm32f10x_md.s
   Uses
      At line 59 in file Start\\startup_stm32f10x_md.s
      At line 315 in file Start\\startup_stm32f10x_md.s

Main_Stack_Size 00000400

Symbol: Main_Stack_Size
   Definitions
      At line 33 in file Start\\startup_stm32f10x_md.s
   Uses
      At line 37 in file Start\\startup_stm32f10x_md.s
Comment: Main_Stack_Size used once
Proc_Stack_Size 00000400

Symbol: Proc_Stack_Size
   Definitions
      At line 34 in file Start\\startup_stm32f10x_md.s
   Uses
      At line 46 in file Start\\startup_stm32f10x_md.s
      At line 314 in file Start\\startup_stm32f10x_md.s

__Vectors_Size 000000EC

Symbol: __Vectors_Size
   Definitions
      At line 135 in file Start\\startup_stm32f10x_md.s
   Uses
      At line 70 in file Start\\startup_stm32f10x_md.s
Comment: __Vectors_Size used once
4 symbols



ARM Macro Assembler    Page 1 Alphabetic symbol ordering
External symbols

SystemInit 00000000

Symbol: SystemInit
   Definitions
      At line 143 in file Start\\startup_stm32f10x_md.s
   Uses
      At line 150 in file Start\\startup_stm32f10x_md.s
Comment: SystemInit used once
__main 00000000

Symbol: __main
   Definitions
      At line 142 in file Start\\startup_stm32f10x_md.s
   Uses
      At line 152 in file Start\\startup_stm32f10x_md.s
Comment: __main used once
__use_two_region_memory 00000000

Symbol: __use_two_region_memory
   Definitions
      At line 308 in file Start\\startup_stm32f10x_md.s
   Uses
      None
Comment: __use_two_region_memory unused
3 symbols
414 symbols in table
